Component: ARM Compiler 5.06 update 7 (build 960) Tool: armlink [4d3601]

==============================================================================

Section Cross References

    startup_stm32f10x_md.o(RESET) refers to startup_stm32f10x_md.o(STACK) for __initial_sp
    startup_stm32f10x_md.o(RESET) refers to startup_stm32f10x_md.o(.text) for Reset_Handler
    startup_stm32f10x_md.o(RESET) refers to stm32f10x_it.o(i.NMI_Handler) for NMI_Handler
    startup_stm32f10x_md.o(RESET) refers to stm32f10x_it.o(i.HardFault_Handler) for HardFault_Handler
    startup_stm32f10x_md.o(RESET) refers to stm32f10x_it.o(i.MemManage_Handler) for MemManage_Handler
    startup_stm32f10x_md.o(RESET) refers to stm32f10x_it.o(i.BusFault_Handler) for BusFault_Handler
    startup_stm32f10x_md.o(RESET) refers to stm32f10x_it.o(i.UsageFault_Handler) for UsageFault_Handler
    startup_stm32f10x_md.o(RESET) refers to stm32f10x_it.o(i.SVC_Handler) for SVC_Handler
    startup_stm32f10x_md.o(RESET) refers to stm32f10x_it.o(i.DebugMon_Handler) for DebugMon_Handler
    startup_stm32f10x_md.o(RESET) refers to stm32f10x_it.o(i.PendSV_Handler) for PendSV_Handler
    startup_stm32f10x_md.o(RESET) refers to timer.o(i.SysTick_Handler) for SysTick_Handler
    startup_stm32f10x_md.o(RESET) refers to adc.o(i.DMA1_Channel1_IRQHandler) for DMA1_Channel1_IRQHandler
    startup_stm32f10x_md.o(RESET) refers to spwm.o(i.TIM1_UP_IRQHandler) for TIM1_UP_IRQHandler
    startup_stm32f10x_md.o(RESET) refers to uart.o(i.USART1_IRQHandler) for USART1_IRQHandler
    startup_stm32f10x_md.o(.text) refers to system_stm32f10x.o(i.SystemInit) for SystemInit
    startup_stm32f10x_md.o(.text) refers to entry.o(.ARM.Collect$$$$00000000) for __main
    system_stm32f10x.o(i.SystemCoreClockUpdate) refers to system_stm32f10x.o(.data) for .data
    system_stm32f10x.o(i.SystemInit) refers to system_stm32f10x.o(i.SetSysClockTo72) for SetSysClockTo72
    adc.o(i.DMA1_Channel1_IRQHandler) refers to adc.o(.bss) for .bss
    adc.o(i.DMA1_Channel1_IRQHandler) refers to adc.o(.data) for .data
    adc.o(i.fnADC_Config) refers to adc.o(.constdata) for .constdata
    adc.o(i.fnADC_InitDMA) refers to adc.o(.data) for .data
    adc.o(i.fnADC_InitLow) refers to io.o(i.SET_IO_ANALOG) for SET_IO_ANALOG
    adc.o(i.fnADC_InitLow) refers to adc.o(i.fnADC_Config) for fnADC_Config
    adc.o(i.fnADC_InitLow) refers to adc.o(.constdata) for .constdata
    adc.o(i.fnADC_NVIC_Init) refers to adc.o(i.NVIC_EnableIRQ) for NVIC_EnableIRQ
    adc.o(i.fnADC_PWRFreq) refers to ldiv.o(.text) for __aeabi_ldivmod
    adc.o(i.fnADC_PWRFreq) refers to adc.o(.bss) for .bss
    adc.o(i.fnADC_TimerInit) refers to adc.o(i.fnADC_PWRFreq) for fnADC_PWRFreq
    adc.o(i.fnADC_TimerInit) refers to adc.o(.bss) for .bss
    adc.o(i.fnAD_EnableInt) refers to adc.o(i.NVIC_EnableIRQ) for NVIC_EnableIRQ
    adc.o(i.fnAD_Init) refers to memseta.o(.text) for __aeabi_memclr4
    adc.o(i.fnAD_Init) refers to adc.o(i.NVIC_EnableIRQ) for NVIC_EnableIRQ
    adc.o(i.fnAD_Init) refers to adc.o(i.fnADC_InitDMA) for fnADC_InitDMA
    adc.o(i.fnAD_Init) refers to adc.o(i.fnADC_InitLow) for fnADC_InitLow
    adc.o(i.fnAD_Init) refers to adc.o(i.fnADC_TimerInit) for fnADC_TimerInit
    adc.o(i.fnAD_Init) refers to adc.o(.bss) for .bss
    adc.o(i.fnAD_RealTime) refers to adc.o(i.fnADC_PWRFreq) for fnADC_PWRFreq
    adc.o(i.fnAD_RealTime) refers to adc.o(.bss) for .bss
    app.o(i.fnAP_Display) refers to oled.o(i.OLED_ShowChinese) for OLED_ShowChinese
    app.o(i.fnAP_Display) refers to app.o(i.int_to_str) for int_to_str
    app.o(i.fnAP_Display) refers to oled.o(i.OLED_ShowString) for OLED_ShowString
    app.o(i.fnAP_Display) refers to oled.o(i.OLED_Update) for OLED_Update
    app.o(i.fnAP_Display) refers to timer.o(.bss) for g_tm_stTimerFlag
    app.o(i.fnAP_Display) refers to app.o(.bss) for .bss
    app.o(i.fnAP_Init) refers to io.o(i.SET_IO_LOW) for SET_IO_LOW
    app.o(i.fnAP_Init) refers to oled.o(i.OLED_Init) for OLED_Init
    app.o(i.fnAP_Init) refers to app.o(.bss) for .bss
    app.o(i.fnAP_RealTime) refers to spwm.o(i.fnSPWM_EnableIPWM) for fnSPWM_EnableIPWM
    app.o(i.fnAP_RealTime) refers to spwm.o(i.fnSPWM_DisableIPWM) for fnSPWM_DisableIPWM
    app.o(i.fnAP_RealTime) refers to spwm.o(i.fnSPWM_UpdateDuty) for fnSPWM_UpdateDuty
    app.o(i.fnAP_RealTime) refers to io.o(i.SET_IO_TOGGLE) for SET_IO_TOGGLE
    app.o(i.fnAP_RealTime) refers to app.o(i.fnAP_Display) for fnAP_Display
    app.o(i.fnAP_RealTime) refers to dma.o(i.fnDMA_UARTTxStart) for fnDMA_UARTTxStart
    app.o(i.fnAP_RealTime) refers to timer.o(.bss) for g_tm_stTimerFlag
    app.o(i.fnAP_RealTime) refers to adc.o(.bss) for g_ad_stRegs
    app.o(i.fnAP_RealTime) refers to app.o(.bss) for .bss
    app.o(i.fnAP_RealTime) refers to switch.o(.bss) for g_sw_stRegs
    app.o(i.fnAP_RealTime) refers to uart.o(.bss) for g_ua_stRecRegs
    dma.o(i.fnDMA_RealTime) refers to dma.o(.data) for .data
    dma.o(i.fnDMA_UARTInit) refers to dma.o(i.fnDMA_UARTRxInit) for fnDMA_UARTRxInit
    dma.o(i.fnDMA_UARTInit) refers to dma.o(i.fnDMA_UARTTxInit) for fnDMA_UARTTxInit
    dma.o(i.fnDMA_UARTInit) refers to dma.o(.data) for .data
    dma.o(i.fnDMA_UARTRxInit) refers to dma.o(.bss) for .bss
    dma.o(i.fnDMA_UARTTxInit) refers to dma.o(.bss) for .bss
    dma.o(i.fnDMA_UARTTxStart) refers to memcpya.o(.text) for __aeabi_memcpy
    dma.o(i.fnDMA_UARTTxStart) refers to dma.o(i.fnDMA_UARTTxInit) for fnDMA_UARTTxInit
    dma.o(i.fnDMA_UARTTxStart) refers to dma.o(.data) for .data
    dma.o(i.fnDMA_UARTTxStart) refers to dma.o(.bss) for .bss
    dma.o(i.fnDMA_UART_IsTXIdle) refers to dma.o(.data) for .data
    dma.o(i.fnDMA_UartRead) refers to dma.o(.data) for .data
    dma.o(i.fnDMA_UartRead) refers to dma.o(.bss) for .bss
    io.o(i.SET_IO_HIGH) refers to io.o(i.SET_IO_OUT) for SET_IO_OUT
    io.o(i.SET_IO_HIGH_OPEN_DRAIN) refers to io.o(i.SET_IO_OUT_OPEN_DRAIN) for SET_IO_OUT_OPEN_DRAIN
    io.o(i.SET_IO_LOW) refers to io.o(i.SET_IO_OUT) for SET_IO_OUT
    io.o(i.SET_IO_LOW_OPEN_DRAIN) refers to io.o(i.SET_IO_OUT_OPEN_DRAIN) for SET_IO_OUT_OPEN_DRAIN
    io.o(i.SET_IO_TOGGLE) refers to io.o(i.SET_IO_OUT) for SET_IO_OUT
    main.o(i.fnMN_IOInit) refers to main.o(i.fnMN_MAPR_OR) for fnMN_MAPR_OR
    main.o(i.fnMN_IOInit) refers to main.o(i.fnMN_MAPR_Set) for fnMN_MAPR_Set
    main.o(i.fnMN_IOInit) refers to main.o(.data) for .data
    main.o(i.fnMN_MAPR_And) refers to main.o(.data) for .data
    main.o(i.fnMN_MAPR_OR) refers to main.o(.data) for .data
    main.o(i.fnMN_MAPR_Set) refers to main.o(.data) for .data
    main.o(i.main) refers to main.o(i.fnMN_DelayMs) for fnMN_DelayMs
    main.o(i.main) refers to main.o(i.fnMN_IOInit) for fnMN_IOInit
    main.o(i.main) refers to timer.o(i.fnTM_Init) for fnTM_Init
    main.o(i.main) refers to switch.o(i.fnSW_Init) for fnSW_Init
    main.o(i.main) refers to adc.o(i.fnAD_Init) for fnAD_Init
    main.o(i.main) refers to uart.o(i.fnUA_Init) for fnUA_Init
    main.o(i.main) refers to app.o(i.fnAP_Init) for fnAP_Init
    main.o(i.main) refers to spwm.o(i.fnSPWM_Init) for fnSPWM_Init
    main.o(i.main) refers to timer.o(i.fnTM_RealTime) for fnTM_RealTime
    main.o(i.main) refers to switch.o(i.fnSW_RealTime) for fnSW_RealTime
    main.o(i.main) refers to adc.o(i.fnAD_RealTime) for fnAD_RealTime
    main.o(i.main) refers to uart.o(i.fnUA_RealTime) for fnUA_RealTime
    main.o(i.main) refers to spwm.o(i.fnSPWM_RealTime) for fnSPWM_RealTime
    main.o(i.main) refers to app.o(i.fnAP_RealTime) for fnAP_RealTime
    main.o(i.main) refers to adc.o(i.fnAD_Clear) for fnAD_Clear
    main.o(i.main) refers to switch.o(i.fnSW_Clear) for fnSW_Clear
    main.o(i.main) refers to timer.o(i.fnTM_Clear) for fnTM_Clear
    spwm.o(i.SPWM_SETOUTLOW) refers to io.o(i.SET_IO_OUT_ISR) for SET_IO_OUT_ISR
    spwm.o(i.TIM1_UP_IRQHandler) refers to spwm.o(.bss) for .bss
    spwm.o(i.fnSPWM_CalAvg) refers to sindef.o(.constdata) for spwm_sin_vals
    spwm.o(i.fnSPWM_DisableIPWM) refers to spwm.o(i.NVIC_DisableIRQ) for NVIC_DisableIRQ
    spwm.o(i.fnSPWM_DisableIPWM) refers to io.o(i.SET_IO_LOW) for SET_IO_LOW
    spwm.o(i.fnSPWM_DisableIPWM) refers to memseta.o(.text) for __aeabi_memclr
    spwm.o(i.fnSPWM_DisableIPWM) refers to spwm.o(.bss) for .bss
    spwm.o(i.fnSPWM_EnableIPWM) refers to io.o(i.SET_IO_AFMODE_PP) for SET_IO_AFMODE_PP
    spwm.o(i.fnSPWM_EnableIPWM) refers to spwm.o(i.fnSPWM_Update) for fnSPWM_Update
    spwm.o(i.fnSPWM_EnableIPWM) refers to spwm.o(i.fnSPWM_CopyCCRData) for fnSPWM_CopyCCRData
    spwm.o(i.fnSPWM_EnableIPWM) refers to spwm.o(i.NVIC_EnableIRQ) for NVIC_EnableIRQ
    spwm.o(i.fnSPWM_EnableIPWM) refers to spwm.o(.bss) for .bss
    spwm.o(i.fnSPWM_FillCCRData) refers to spwm.o(i.NVIC_DisableIRQ) for NVIC_DisableIRQ
    spwm.o(i.fnSPWM_FillCCRData) refers to spwm.o(i.fnSPWM_CopyCCRData) for fnSPWM_CopyCCRData
    spwm.o(i.fnSPWM_FillCCRData) refers to spwm.o(i.NVIC_EnableIRQ) for NVIC_EnableIRQ
    spwm.o(i.fnSPWM_FillCCRData) refers to spwm.o(.bss) for .bss
    spwm.o(i.fnSPWM_GetCCR) refers to spwm.o(i.fnSPWM_CalAvg) for fnSPWM_CalAvg
    spwm.o(i.fnSPWM_GetCCR) refers to ffltui.o(.text) for __aeabi_ui2f
    spwm.o(i.fnSPWM_GetCCR) refers to fmul.o(.text) for __aeabi_fmul
    spwm.o(i.fnSPWM_GetCCR) refers to fdiv.o(.text) for __aeabi_fdiv
    spwm.o(i.fnSPWM_GetCCR) refers to fadd.o(.text) for __aeabi_fadd
    spwm.o(i.fnSPWM_GetCCR) refers to ffixui.o(.text) for __aeabi_f2uiz
    spwm.o(i.fnSPWM_GetCCR) refers to spwm.o(.bss) for .bss
    spwm.o(i.fnSPWM_HWInit) refers to io.o(i.SET_IO_LOW) for SET_IO_LOW
    spwm.o(i.fnSPWM_HWInit) refers to spwm.o(i.NVIC_DisableIRQ) for NVIC_DisableIRQ
    spwm.o(i.fnSPWM_Init) refers to memseta.o(.text) for __aeabi_memclr
    spwm.o(i.fnSPWM_Init) refers to spwm.o(i.fnSPWM_Update) for fnSPWM_Update
    spwm.o(i.fnSPWM_Init) refers to spwm.o(i.fnSPWM_HWInit) for fnSPWM_HWInit
    spwm.o(i.fnSPWM_Init) refers to spwm.o(.bss) for .bss
    spwm.o(i.fnSPWM_Update) refers to memseta.o(.text) for __aeabi_memclr
    spwm.o(i.fnSPWM_Update) refers to spwm.o(i.fnSPWM_GetCCR) for fnSPWM_GetCCR
    spwm.o(i.fnSPWM_Update) refers to spwm.o(.bss) for .bss
    spwm.o(i.fnSPWM_UpdateDuty) refers to spwm.o(i.fnSPWM_Update) for fnSPWM_Update
    spwm.o(i.fnSPWM_UpdateDuty) refers to spwm.o(i.fnSPWM_FillCCRData) for fnSPWM_FillCCRData
    spwm.o(i.fnSPWM_UpdateDuty) refers to spwm.o(.bss) for .bss
    switch.o(i.fnSW_Clear) refers to switch.o(.bss) for .bss
    switch.o(i.fnSW_ClearStart) refers to switch.o(.data) for .data
    switch.o(i.fnSW_GetState) refers to io.o(i.GET_IO_STA) for GET_IO_STA
    switch.o(i.fnSW_GetState) refers to switch.o(.data) for .data
    switch.o(i.fnSW_Init) refers to io.o(i.SET_IO_IN_WITHOUTPULLUP) for SET_IO_IN_WITHOUTPULLUP
    switch.o(i.fnSW_Init) refers to switch.o(.data) for .data
    switch.o(i.fnSW_Init) refers to switch.o(.bss) for .bss
    switch.o(i.fnSW_IsReady) refers to switch.o(.bss) for .bss
    switch.o(i.fnSW_RealTime) refers to switch.o(i.fnSW_GetState) for fnSW_GetState
    switch.o(i.fnSW_RealTime) refers to timer.o(.bss) for g_tm_stTimerFlag
    switch.o(i.fnSW_RealTime) refers to switch.o(.bss) for .bss
    timer.o(i.SysTick_Handler) refers to timer.o(.data) for .data
    timer.o(i.SysTick_Handler) refers to timer.o(.bss) for .bss
    timer.o(i.fnTM_Clear) refers to timer.o(.bss) for .bss
    timer.o(i.fnTM_Init) refers to timer.o(.bss) for .bss
    timer.o(i.fnTM_RealTime) refers to timer.o(.bss) for .bss
    timer.o(i.fnTM_RealTime) refers to timer.o(.data) for .data
    uart.o(i.fnUA_IOInit) refers to io.o(i.SET_IO_AFMODE_PP) for SET_IO_AFMODE_PP
    uart.o(i.fnUA_IOInit) refers to io.o(i.SET_IO_IN_WITHOUTPULLUP) for SET_IO_IN_WITHOUTPULLUP
    uart.o(i.fnUA_Init) refers to dma.o(i.fnDMA_UARTInit) for fnDMA_UARTInit
    uart.o(i.fnUA_Init) refers to uart.o(i.fnUA_RegInit) for fnUA_RegInit
    uart.o(i.fnUA_Init) refers to uart.o(i.fnUA_IOInit) for fnUA_IOInit
    uart.o(i.fnUA_IsSend) refers to uart.o(.bss) for .bss
    uart.o(i.fnUA_Monitor) refers to uart.o(i.fnUA_Init) for fnUA_Init
    uart.o(i.fnUA_Monitor) refers to timer.o(.bss) for g_tm_stTimerFlag
    uart.o(i.fnUA_Monitor) refers to uart.o(.bss) for .bss
    uart.o(i.fnUA_RealTime) refers to dma.o(i.fnDMA_UART_IsTXIdle) for fnDMA_UART_IsTXIdle
    uart.o(i.fnUA_RealTime) refers to dma.o(i.fnDMA_RealTime) for fnDMA_RealTime
    uart.o(i.fnUA_RealTime) refers to dma.o(i.fnDMA_UartRead) for fnDMA_UartRead
    uart.o(i.fnUA_RealTime) refers to uart.o(i.fnUA_Monitor) for fnUA_Monitor
    uart.o(i.fnUA_RealTime) refers to uart.o(i.fnUA_RecMsg) for fnUA_RecMsg
    uart.o(i.fnUA_RealTime) refers to uart.o(.bss) for .bss
    uart.o(i.fnUA_RealTime) refers to timer.o(.bss) for g_tm_stTimerFlag
    uart.o(i.fnUA_RecMsg) refers to timer.o(.bss) for g_tm_stTimerFlag
    uart.o(i.fnUA_RecMsg) refers to uart.o(.bss) for .bss
    uart.o(i.fnUA_RecMsg) refers to uart.o(.data) for .data
    uart.o(i.fnUA_RegInit) refers to memseta.o(.text) for __aeabi_memclr
    uart.o(i.fnUA_RegInit) refers to uart.o(.bss) for .bss
    uart.o(i.fnUA_SendReq) refers to dma.o(i.fnDMA_UARTTxStart) for fnDMA_UARTTxStart
    uart.o(i.fnUA_SendReq) refers to uart.o(.bss) for .bss
    oled.o(i.OLED_Clear) refers to oled.o(.bss) for .bss
    oled.o(i.OLED_ClearArea) refers to oled.o(.bss) for .bss
    oled.o(i.OLED_GPIO_Init) refers to io.o(i.SET_IO_HIGH) for SET_IO_HIGH
    oled.o(i.OLED_GPIO_Init) refers to oled.o(i.OLED_W_SCL) for OLED_W_SCL
    oled.o(i.OLED_GPIO_Init) refers to oled.o(i.OLED_W_SDA) for OLED_W_SDA
    oled.o(i.OLED_I2C_SendByte) refers to oled.o(i.OLED_W_SDA) for OLED_W_SDA
    oled.o(i.OLED_I2C_SendByte) refers to oled.o(i.OLED_W_SCL) for OLED_W_SCL
    oled.o(i.OLED_I2C_Start) refers to oled.o(i.OLED_W_SDA) for OLED_W_SDA
    oled.o(i.OLED_I2C_Start) refers to oled.o(i.OLED_W_SCL) for OLED_W_SCL
    oled.o(i.OLED_I2C_Stop) refers to oled.o(i.OLED_W_SDA) for OLED_W_SDA
    oled.o(i.OLED_I2C_Stop) refers to oled.o(i.OLED_W_SCL) for OLED_W_SCL
    oled.o(i.OLED_Init) refers to oled.o(i.OLED_GPIO_Init) for OLED_GPIO_Init
    oled.o(i.OLED_Init) refers to oled.o(i.OLED_WriteCommand) for OLED_WriteCommand
    oled.o(i.OLED_Init) refers to oled.o(i.OLED_Clear) for OLED_Clear
    oled.o(i.OLED_Init) refers to oled.o(i.OLED_Update) for OLED_Update
    oled.o(i.OLED_SetCursor) refers to oled.o(i.OLED_WriteCommand) for OLED_WriteCommand
    oled.o(i.OLED_ShowChar) refers to oled.o(i.OLED_ShowImage) for OLED_ShowImage
    oled.o(i.OLED_ShowChar) refers to oled_data.o(.constdata) for OLED_F6x8
    oled.o(i.OLED_ShowChar) refers to oled_data.o(.constdata) for OLED_F8x16
    oled.o(i.OLED_ShowChinese) refers to strcmp.o(.text) for strcmp
    oled.o(i.OLED_ShowChinese) refers to oled.o(i.OLED_ShowImage) for OLED_ShowImage
    oled.o(i.OLED_ShowChinese) refers to oled_data.o(.constdata) for OLED_CF16x16
    oled.o(i.OLED_ShowImage) refers to oled.o(i.OLED_ClearArea) for OLED_ClearArea
    oled.o(i.OLED_ShowImage) refers to oled.o(.bss) for .bss
    oled.o(i.OLED_ShowNum) refers to oled.o(i.OLED_Pow) for OLED_Pow
    oled.o(i.OLED_ShowNum) refers to oled.o(i.OLED_ShowChar) for OLED_ShowChar
    oled.o(i.OLED_ShowString) refers to oled.o(i.OLED_ShowChar) for OLED_ShowChar
    oled.o(i.OLED_Update) refers to oled.o(i.OLED_SetCursor) for OLED_SetCursor
    oled.o(i.OLED_Update) refers to oled.o(i.OLED_WriteData) for OLED_WriteData
    oled.o(i.OLED_Update) refers to oled.o(.bss) for .bss
    oled.o(i.OLED_W_SCL) refers to io.o(i.SET_IO_HIGH) for SET_IO_HIGH
    oled.o(i.OLED_W_SCL) refers to io.o(i.SET_IO_LOW) for SET_IO_LOW
    oled.o(i.OLED_W_SDA) refers to io.o(i.SET_IO_HIGH) for SET_IO_HIGH
    oled.o(i.OLED_W_SDA) refers to io.o(i.SET_IO_LOW) for SET_IO_LOW
    oled.o(i.OLED_WriteCommand) refers to oled.o(i.OLED_I2C_Start) for OLED_I2C_Start
    oled.o(i.OLED_WriteCommand) refers to oled.o(i.OLED_I2C_SendByte) for OLED_I2C_SendByte
    oled.o(i.OLED_WriteCommand) refers to oled.o(i.OLED_I2C_Stop) for OLED_I2C_Stop
    oled.o(i.OLED_WriteData) refers to oled.o(i.OLED_I2C_Start) for OLED_I2C_Start
    oled.o(i.OLED_WriteData) refers to oled.o(i.OLED_I2C_SendByte) for OLED_I2C_SendByte
    oled.o(i.OLED_WriteData) refers to oled.o(i.OLED_I2C_Stop) for OLED_I2C_Stop
    entry.o(.ARM.Collect$$$$00000000) refers (Special) to entry10a.o(.ARM.Collect$$$$0000000F) for __rt_final_cpp
    entry.o(.ARM.Collect$$$$00000000) refers (Special) to entry11a.o(.ARM.Collect$$$$00000011) for __rt_final_exit
    entry.o(.ARM.Collect$$$$00000000) refers (Special) to entry12b.o(.ARM.Collect$$$$0000000E) for __rt_lib_shutdown_fini
    entry.o(.ARM.Collect$$$$00000000) refers (Special) to entry7b.o(.ARM.Collect$$$$00000008) for _main_clock
    entry.o(.ARM.Collect$$$$00000000) refers (Special) to entry8b.o(.ARM.Collect$$$$0000000A) for _main_cpp_init
    entry.o(.ARM.Collect$$$$00000000) refers (Special) to entry9a.o(.ARM.Collect$$$$0000000B) for _main_init
    entry.o(.ARM.Collect$$$$00000000) refers (Special) to entry5.o(.ARM.Collect$$$$00000004) for _main_scatterload
    entry.o(.ARM.Collect$$$$00000000) refers (Special) to entry2.o(.ARM.Collect$$$$00000001) for _main_stk
    ldiv.o(.text) refers to uldiv.o(.text) for __aeabi_uldivmod
    fadd.o(.text) refers (Special) to iusefp.o(.text) for __I$use$fp
    fadd.o(.text) refers to fepilogue.o(.text) for _float_epilogue
    fmul.o(.text) refers (Special) to iusefp.o(.text) for __I$use$fp
    fdiv.o(.text) refers (Special) to iusefp.o(.text) for __I$use$fp
    fdiv.o(.text) refers to fepilogue.o(.text) for _float_round
    ffltui.o(.text) refers (Special) to iusefp.o(.text) for __I$use$fp
    ffltui.o(.text) refers to fepilogue.o(.text) for _float_epilogue
    ffixui.o(.text) refers (Special) to iusefp.o(.text) for __I$use$fp
    entry2.o(.ARM.Collect$$$$00000001) refers to entry2.o(.ARM.Collect$$$$00002712) for __lit__00000000
    entry2.o(.ARM.Collect$$$$00002712) refers to startup_stm32f10x_md.o(STACK) for __initial_sp
    entry2.o(__vectab_stack_and_reset_area) refers to startup_stm32f10x_md.o(STACK) for __initial_sp
    entry2.o(__vectab_stack_and_reset_area) refers to entry.o(.ARM.Collect$$$$00000000) for __main
    entry5.o(.ARM.Collect$$$$00000004) refers to init.o(.text) for __scatterload
    entry9a.o(.ARM.Collect$$$$0000000B) refers to main.o(i.main) for main
    entry9b.o(.ARM.Collect$$$$0000000C) refers to main.o(i.main) for main
    uldiv.o(.text) refers to llushr.o(.text) for __aeabi_llsr
    uldiv.o(.text) refers to llshl.o(.text) for __aeabi_llsl
    init.o(.text) refers to entry5.o(.ARM.Collect$$$$00000004) for __main_after_scatterload


==============================================================================

Removing Unused input sections from the image.

    Removing startup_stm32f10x_md.o(HEAP), (512 bytes).
    Removing core_cm3.o(.emb_text), (32 bytes).
    Removing system_stm32f10x.o(i.SystemCoreClockUpdate), (104 bytes).
    Removing system_stm32f10x.o(.data), (20 bytes).
    Removing misc.o(i.NVIC_Init), (100 bytes).
    Removing misc.o(i.NVIC_PriorityGroupConfig), (20 bytes).
    Removing misc.o(i.NVIC_SetVectorTable), (20 bytes).
    Removing misc.o(i.NVIC_SystemLPConfig), (24 bytes).
    Removing misc.o(i.SysTick_CLKSourceConfig), (24 bytes).
    Removing adc.o(i.fnADC_NVIC_Init), (6 bytes).
    Removing adc.o(i.fnAD_DisableInt), (14 bytes).
    Removing adc.o(i.fnAD_EnableInt), (6 bytes).
    Removing app.o(.constdata), (8 bytes).
    Removing io.o(i.GET_IO_OUTSTA), (14 bytes).
    Removing io.o(i.SET_IO_AFMODE_PP_HS), (34 bytes).
    Removing io.o(i.SET_IO_HIGH_OPEN_DRAIN), (18 bytes).
    Removing io.o(i.SET_IO_IN_PULLUP), (40 bytes).
    Removing io.o(i.SET_IO_LOW_OPEN_DRAIN), (18 bytes).
    Removing io.o(i.SET_IO_OUT_HS), (34 bytes).
    Removing io.o(i.SET_IO_OUT_ISR), (34 bytes).
    Removing io.o(i.SET_IO_OUT_OPEN_DRAIN), (34 bytes).
    Removing io.o(i.SET_IO_RESET_BIT), (8 bytes).
    Removing io.o(i.SET_IO_SET_BIT), (8 bytes).
    Removing io.o(.data), (28 bytes).
    Removing main.o(i.fnMN_IOTClear), (2 bytes).
    Removing main.o(i.fnMN_MAPR_And), (16 bytes).
    Removing main.o(i.fnMN_ReadProtect), (2 bytes).
    Removing main.o(i.fnMN_WTInit), (36 bytes).
    Removing main.o(.constdata), (11 bytes).
    Removing main.o(.data), (8 bytes).
    Removing main.o(.data), (32 bytes).
    Removing spwm.o(i.SPWM_SETOUTLOW), (168 bytes).
    Removing switch.o(i.fnSW_ClearStart), (12 bytes).
    Removing switch.o(i.fnSW_IsReady), (20 bytes).
    Removing timer.o(.data), (1 bytes).
    Removing uart.o(i.fnUA_IsSend), (20 bytes).
    Removing uart.o(i.fnUA_SendReq), (60 bytes).
    Removing oled.o(i.OLED_Pow), (14 bytes).
    Removing oled.o(i.OLED_ShowNum), (72 bytes).
    Removing oled.o(i.OLED_UpdateArea), (2 bytes).
    Removing oled_data.o(.constdata), (32 bytes).
    Removing oled_data.o(.constdata), (128 bytes).
    Removing oled_data.o(.constdata), (32 bytes).

43 unused section(s) (total 1828 bytes) removed from the image.

==============================================================================

Image Symbol Table

    Local Symbols

    Symbol Name                              Value     Ov Type        Size  Object(Section)

    ../clib/microlib/division.c              0x00000000   Number         0  uldiv.o ABSOLUTE
    ../clib/microlib/division.c              0x00000000   Number         0  ldiv.o ABSOLUTE
    ../clib/microlib/init/entry.s            0x00000000   Number         0  entry7a.o ABSOLUTE
    ../clib/microlib/init/entry.s            0x00000000   Number         0  entry12b.o ABSOLUTE
    ../clib/microlib/init/entry.s            0x00000000   Number         0  entry5.o ABSOLUTE
    ../clib/microlib/init/entry.s            0x00000000   Number         0  entry7b.o ABSOLUTE
    ../clib/microlib/init/entry.s            0x00000000   Number         0  entry12a.o ABSOLUTE
    ../clib/microlib/init/entry.s            0x00000000   Number         0  entry11b.o ABSOLUTE
    ../clib/microlib/init/entry.s            0x00000000   Number         0  entry9b.o ABSOLUTE
    ../clib/microlib/init/entry.s            0x00000000   Number         0  entry8a.o ABSOLUTE
    ../clib/microlib/init/entry.s            0x00000000   Number         0  entry8b.o ABSOLUTE
    ../clib/microlib/init/entry.s            0x00000000   Number         0  entry9a.o ABSOLUTE
    ../clib/microlib/init/entry.s            0x00000000   Number         0  entry11a.o ABSOLUTE
    ../clib/microlib/init/entry.s            0x00000000   Number         0  entry10b.o ABSOLUTE
    ../clib/microlib/init/entry.s            0x00000000   Number         0  entry.o ABSOLUTE
    ../clib/microlib/init/entry.s            0x00000000   Number         0  entry10a.o ABSOLUTE
    ../clib/microlib/init/entry.s            0x00000000   Number         0  entry2.o ABSOLUTE
    ../clib/microlib/longlong.c              0x00000000   Number         0  llshl.o ABSOLUTE
    ../clib/microlib/longlong.c              0x00000000   Number         0  llushr.o ABSOLUTE
    ../clib/microlib/string/memcpy.c         0x00000000   Number         0  memcpyb.o ABSOLUTE
    ../clib/microlib/string/memcpy.c         0x00000000   Number         0  memcpya.o ABSOLUTE
    ../clib/microlib/string/memset.c         0x00000000   Number         0  memseta.o ABSOLUTE
    ../clib/microlib/string/strcmp.c         0x00000000   Number         0  strcmp.o ABSOLUTE
    ../clib/microlib/stubs.s                 0x00000000   Number         0  iusefp.o ABSOLUTE
    ../fplib/microlib/fpadd.c                0x00000000   Number         0  fadd.o ABSOLUTE
    ../fplib/microlib/fpdiv.c                0x00000000   Number         0  fdiv.o ABSOLUTE
    ../fplib/microlib/fpepilogue.c           0x00000000   Number         0  fepilogue.o ABSOLUTE
    ../fplib/microlib/fpfix.c                0x00000000   Number         0  ffixui.o ABSOLUTE
    ../fplib/microlib/fpflt.c                0x00000000   Number         0  ffltui.o ABSOLUTE
    ../fplib/microlib/fpmul.c                0x00000000   Number         0  fmul.o ABSOLUTE
    Library\misc.c                           0x00000000   Number         0  misc.o ABSOLUTE
    Start\\core_cm3.c                        0x00000000   Number         0  core_cm3.o ABSOLUTE
    Start\core_cm3.c                         0x00000000   Number         0  core_cm3.o ABSOLUTE
    Start\startup_stm32f10x_md.s             0x00000000   Number         0  startup_stm32f10x_md.o ABSOLUTE
    Start\system_stm32f10x.c                 0x00000000   Number         0  system_stm32f10x.o ABSOLUTE
    User\ADC.c                               0x00000000   Number         0  adc.o ABSOLUTE
    User\App.c                               0x00000000   Number         0  app.o ABSOLUTE
    User\DMA.c                               0x00000000   Number         0  dma.o ABSOLUTE
    User\IO.c                                0x00000000   Number         0  io.o ABSOLUTE
    User\OLED.c                              0x00000000   Number         0  oled.o ABSOLUTE
    User\OLED_Data.c                         0x00000000   Number         0  oled_data.o ABSOLUTE
    User\SPWM.c                              0x00000000   Number         0  spwm.o ABSOLUTE
    User\Switch.c                            0x00000000   Number         0  switch.o ABSOLUTE
    User\Timer.c                             0x00000000   Number         0  timer.o ABSOLUTE
    User\Uart.c                              0x00000000   Number         0  uart.o ABSOLUTE
    User\main.c                              0x00000000   Number         0  main.o ABSOLUTE
    User\sindef.c                            0x00000000   Number         0  sindef.o ABSOLUTE
    User\stm32f10x_it.c                      0x00000000   Number         0  stm32f10x_it.o ABSOLUTE
    dc.s                                     0x00000000   Number         0  dc.o ABSOLUTE
    handlers.s                               0x00000000   Number         0  handlers.o ABSOLUTE
    init.s                                   0x00000000   Number         0  init.o ABSOLUTE
    RESET                                    0x08000000   Section      236  startup_stm32f10x_md.o(RESET)
    .ARM.Collect$$$$00000000                 0x080000ec   Section        0  entry.o(.ARM.Collect$$$$00000000)
    .ARM.Collect$$$$00000001                 0x080000ec   Section        4  entry2.o(.ARM.Collect$$$$00000001)
    .ARM.Collect$$$$00000004                 0x080000f0   Section        4  entry5.o(.ARM.Collect$$$$00000004)
    .ARM.Collect$$$$00000008                 0x080000f4   Section        0  entry7b.o(.ARM.Collect$$$$00000008)
    .ARM.Collect$$$$0000000A                 0x080000f4   Section        0  entry8b.o(.ARM.Collect$$$$0000000A)
    .ARM.Collect$$$$0000000B                 0x080000f4   Section        8  entry9a.o(.ARM.Collect$$$$0000000B)
    .ARM.Collect$$$$0000000E                 0x080000fc   Section        4  entry12b.o(.ARM.Collect$$$$0000000E)
    .ARM.Collect$$$$0000000F                 0x08000100   Section        0  entry10a.o(.ARM.Collect$$$$0000000F)
    .ARM.Collect$$$$00000011                 0x08000100   Section        0  entry11a.o(.ARM.Collect$$$$00000011)
    .ARM.Collect$$$$00002712                 0x08000100   Section        4  entry2.o(.ARM.Collect$$$$00002712)
    __lit__00000000                          0x08000100   Data           4  entry2.o(.ARM.Collect$$$$00002712)
    .text                                    0x08000104   Section       36  startup_stm32f10x_md.o(.text)
    .text                                    0x08000128   Section        0  ldiv.o(.text)
    .text                                    0x0800018a   Section        0  memcpya.o(.text)
    .text                                    0x080001ae   Section        0  memseta.o(.text)
    .text                                    0x080001d2   Section        0  strcmp.o(.text)
    .text                                    0x080001ee   Section        0  fadd.o(.text)
    .text                                    0x0800029e   Section        0  fmul.o(.text)
    .text                                    0x08000302   Section        0  fdiv.o(.text)
    .text                                    0x0800037e   Section        0  ffltui.o(.text)
    .text                                    0x08000388   Section        0  ffixui.o(.text)
    .text                                    0x080003b0   Section        0  uldiv.o(.text)
    .text                                    0x08000412   Section        0  iusefp.o(.text)
    .text                                    0x08000412   Section        0  fepilogue.o(.text)
    .text                                    0x08000480   Section       36  init.o(.text)
    .text                                    0x080004a4   Section        0  llshl.o(.text)
    .text                                    0x080004c2   Section        0  llushr.o(.text)
    i.BusFault_Handler                       0x080004e2   Section        0  stm32f10x_it.o(i.BusFault_Handler)
    i.DMA1_Channel1_IRQHandler               0x080004e4   Section        0  adc.o(i.DMA1_Channel1_IRQHandler)
    i.DebugMon_Handler                       0x08000560   Section        0  stm32f10x_it.o(i.DebugMon_Handler)
    i.GET_IO_STA                             0x08000562   Section        0  io.o(i.GET_IO_STA)
    i.HardFault_Handler                      0x08000570   Section        0  stm32f10x_it.o(i.HardFault_Handler)
    i.MemManage_Handler                      0x08000572   Section        0  stm32f10x_it.o(i.MemManage_Handler)
    i.NMI_Handler                            0x08000574   Section        0  stm32f10x_it.o(i.NMI_Handler)
    i.NVIC_DisableIRQ                        0x08000576   Section        0  spwm.o(i.NVIC_DisableIRQ)
    NVIC_DisableIRQ                          0x08000577   Thumb Code    22  spwm.o(i.NVIC_DisableIRQ)
    i.NVIC_EnableIRQ                         0x0800058c   Section        0  adc.o(i.NVIC_EnableIRQ)
    NVIC_EnableIRQ                           0x0800058d   Thumb Code    22  adc.o(i.NVIC_EnableIRQ)
    i.NVIC_EnableIRQ                         0x080005a2   Section        0  spwm.o(i.NVIC_EnableIRQ)
    NVIC_EnableIRQ                           0x080005a3   Thumb Code    22  spwm.o(i.NVIC_EnableIRQ)
    i.OLED_Clear                             0x080005b8   Section        0  oled.o(i.OLED_Clear)
    i.OLED_ClearArea                         0x080005e0   Section        0  oled.o(i.OLED_ClearArea)
    i.OLED_GPIO_Init                         0x08000640   Section        0  oled.o(i.OLED_GPIO_Init)
    i.OLED_I2C_SendByte                      0x08000668   Section        0  oled.o(i.OLED_I2C_SendByte)
    i.OLED_I2C_Start                         0x080006a2   Section        0  oled.o(i.OLED_I2C_Start)
    i.OLED_I2C_Stop                          0x080006c0   Section        0  oled.o(i.OLED_I2C_Stop)
    i.OLED_Init                              0x080006d8   Section        0  oled.o(i.OLED_Init)
    i.OLED_SetCursor                         0x08000774   Section        0  oled.o(i.OLED_SetCursor)
    i.OLED_ShowChar                          0x08000798   Section        0  oled.o(i.OLED_ShowChar)
    i.OLED_ShowChinese                       0x080007d4   Section        0  oled.o(i.OLED_ShowChinese)
    i.OLED_ShowImage                         0x0800085c   Section        0  oled.o(i.OLED_ShowImage)
    i.OLED_ShowString                        0x080008f8   Section        0  oled.o(i.OLED_ShowString)
    i.OLED_Update                            0x08000924   Section        0  oled.o(i.OLED_Update)
    i.OLED_W_SCL                             0x0800094c   Section        0  oled.o(i.OLED_W_SCL)
    i.OLED_W_SDA                             0x08000964   Section        0  oled.o(i.OLED_W_SDA)
    i.OLED_WriteCommand                      0x0800097c   Section        0  oled.o(i.OLED_WriteCommand)
    i.OLED_WriteData                         0x0800099e   Section        0  oled.o(i.OLED_WriteData)
    i.PendSV_Handler                         0x080009ce   Section        0  stm32f10x_it.o(i.PendSV_Handler)
    i.SET_IO_AFMODE_PP                       0x080009d0   Section        0  io.o(i.SET_IO_AFMODE_PP)
    i.SET_IO_ANALOG                          0x080009f2   Section        0  io.o(i.SET_IO_ANALOG)
    i.SET_IO_HIGH                            0x08000a0e   Section        0  io.o(i.SET_IO_HIGH)
    i.SET_IO_IN_WITHOUTPULLUP                0x08000a20   Section        0  io.o(i.SET_IO_IN_WITHOUTPULLUP)
    i.SET_IO_LOW                             0x08000a42   Section        0  io.o(i.SET_IO_LOW)
    i.SET_IO_OUT                             0x08000a54   Section        0  io.o(i.SET_IO_OUT)
    i.SET_IO_TOGGLE                          0x08000a76   Section        0  io.o(i.SET_IO_TOGGLE)
    i.SVC_Handler                            0x08000a8a   Section        0  stm32f10x_it.o(i.SVC_Handler)
    i.SetSysClockTo72                        0x08000a8c   Section        0  system_stm32f10x.o(i.SetSysClockTo72)
    SetSysClockTo72                          0x08000a8d   Thumb Code   160  system_stm32f10x.o(i.SetSysClockTo72)
    i.SysTick_Handler                        0x08000b34   Section        0  timer.o(i.SysTick_Handler)
    i.SystemInit                             0x08000b88   Section        0  system_stm32f10x.o(i.SystemInit)
    i.TIM1_UP_IRQHandler                     0x08000bd8   Section        0  spwm.o(i.TIM1_UP_IRQHandler)
    i.USART1_IRQHandler                      0x08000c7c   Section        0  uart.o(i.USART1_IRQHandler)
    i.UsageFault_Handler                     0x08000c7e   Section        0  stm32f10x_it.o(i.UsageFault_Handler)
    i.__scatterload_copy                     0x08000c80   Section       14  handlers.o(i.__scatterload_copy)
    i.__scatterload_null                     0x08000c8e   Section        2  handlers.o(i.__scatterload_null)
    i.__scatterload_zeroinit                 0x08000c90   Section       14  handlers.o(i.__scatterload_zeroinit)
    i.fnADC_Config                           0x08000ca0   Section        0  adc.o(i.fnADC_Config)
    i.fnADC_InitDMA                          0x08000d3c   Section        0  adc.o(i.fnADC_InitDMA)
    i.fnADC_InitLow                          0x08000da0   Section        0  adc.o(i.fnADC_InitLow)
    i.fnADC_PWRFreq                          0x08000e34   Section        0  adc.o(i.fnADC_PWRFreq)
    i.fnADC_TimerInit                        0x08000e88   Section        0  adc.o(i.fnADC_TimerInit)
    i.fnAD_Clear                             0x08000ee0   Section        0  adc.o(i.fnAD_Clear)
    i.fnAD_Init                              0x08000ee4   Section        0  adc.o(i.fnAD_Init)
    i.fnAD_RealTime                          0x08000f0c   Section        0  adc.o(i.fnAD_RealTime)
    i.fnAP_Display                           0x08000f44   Section        0  app.o(i.fnAP_Display)
    i.fnAP_Init                              0x08001048   Section        0  app.o(i.fnAP_Init)
    i.fnAP_RealTime                          0x0800106c   Section        0  app.o(i.fnAP_RealTime)
    i.fnDMA_RealTime                         0x080011f4   Section        0  dma.o(i.fnDMA_RealTime)
    i.fnDMA_UARTInit                         0x0800121c   Section        0  dma.o(i.fnDMA_UARTInit)
    i.fnDMA_UARTRxInit                       0x08001240   Section        0  dma.o(i.fnDMA_UARTRxInit)
    i.fnDMA_UARTTxInit                       0x0800129c   Section        0  dma.o(i.fnDMA_UARTTxInit)
    i.fnDMA_UARTTxStart                      0x080012fc   Section        0  dma.o(i.fnDMA_UARTTxStart)
    i.fnDMA_UART_IsTXIdle                    0x0800136c   Section        0  dma.o(i.fnDMA_UART_IsTXIdle)
    i.fnDMA_UartRead                         0x08001380   Section        0  dma.o(i.fnDMA_UartRead)
    i.fnMN_DelayMs                           0x08001404   Section        0  main.o(i.fnMN_DelayMs)
    i.fnMN_IOInit                            0x08001418   Section        0  main.o(i.fnMN_IOInit)
    i.fnMN_MAPR_OR                           0x08001460   Section        0  main.o(i.fnMN_MAPR_OR)
    i.fnMN_MAPR_Set                          0x08001470   Section        0  main.o(i.fnMN_MAPR_Set)
    i.fnSPWM_CalAvg                          0x08001484   Section        0  spwm.o(i.fnSPWM_CalAvg)
    i.fnSPWM_CopyCCRData                     0x080014bc   Section        0  spwm.o(i.fnSPWM_CopyCCRData)
    i.fnSPWM_DisableIPWM                     0x08001500   Section        0  spwm.o(i.fnSPWM_DisableIPWM)
    i.fnSPWM_EnableIPWM                      0x080015a4   Section        0  spwm.o(i.fnSPWM_EnableIPWM)
    i.fnSPWM_FillCCRData                     0x08001658   Section        0  spwm.o(i.fnSPWM_FillCCRData)
    i.fnSPWM_GetCCR                          0x08001694   Section        0  spwm.o(i.fnSPWM_GetCCR)
    i.fnSPWM_HWInit                          0x080017b4   Section        0  spwm.o(i.fnSPWM_HWInit)
    i.fnSPWM_Init                            0x08001868   Section        0  spwm.o(i.fnSPWM_Init)
    i.fnSPWM_RealTime                        0x080018a0   Section        0  spwm.o(i.fnSPWM_RealTime)
    i.fnSPWM_Update                          0x080018a4   Section        0  spwm.o(i.fnSPWM_Update)
    i.fnSPWM_UpdateDuty                      0x08001968   Section        0  spwm.o(i.fnSPWM_UpdateDuty)
    i.fnSW_Clear                             0x08001984   Section        0  switch.o(i.fnSW_Clear)
    i.fnSW_GetState                          0x0800199c   Section        0  switch.o(i.fnSW_GetState)
    i.fnSW_Init                              0x080019c0   Section        0  switch.o(i.fnSW_Init)
    i.fnSW_RealTime                          0x080019f4   Section        0  switch.o(i.fnSW_RealTime)
    i.fnTM_Clear                             0x08001a44   Section        0  timer.o(i.fnTM_Clear)
    i.fnTM_Init                              0x08001a54   Section        0  timer.o(i.fnTM_Init)
    i.fnTM_RealTime                          0x08001a74   Section        0  timer.o(i.fnTM_RealTime)
    i.fnUA_IOInit                            0x08001adc   Section        0  uart.o(i.fnUA_IOInit)
    i.fnUA_Init                              0x08001b5c   Section        0  uart.o(i.fnUA_Init)
    i.fnUA_Monitor                           0x08001b70   Section        0  uart.o(i.fnUA_Monitor)
    i.fnUA_RealTime                          0x08001b9c   Section        0  uart.o(i.fnUA_RealTime)
    i.fnUA_RecMsg                            0x08001c00   Section        0  uart.o(i.fnUA_RecMsg)
    i.fnUA_RegInit                           0x08001d10   Section        0  uart.o(i.fnUA_RegInit)
    i.int_to_str                             0x08001d38   Section        0  app.o(i.int_to_str)
    i.main                                   0x08001d9c   Section        0  main.o(i.main)
    .constdata                               0x08001de8   Section       20  adc.o(.constdata)
    .constdata                               0x08001dfc   Section     4098  sindef.o(.constdata)
    .constdata                               0x08002dfe   Section     1520  oled_data.o(.constdata)
    .constdata                               0x080033ee   Section      570  oled_data.o(.constdata)
    .constdata                               0x08003628   Section      576  oled_data.o(.constdata)
    .data                                    0x20000000   Section        8  adc.o(.data)
    .data                                    0x20000008   Section        8  dma.o(.data)
    msgid                                    0x20000008   Data           2  dma.o(.data)
    .data                                    0x20000010   Section        4  main.o(.data)
    .data                                    0x20000014   Section       12  switch.o(.data)
    .data                                    0x20000020   Section        6  timer.o(.data)
    uchTimer500us                            0x20000020   Data           1  timer.o(.data)
    uchTimer10mscount                        0x20000021   Data           1  timer.o(.data)
    uchTimer100mscounter                     0x20000022   Data           1  timer.o(.data)
    tm_uchTimer16msCount                     0x20000024   Data           2  timer.o(.data)
    .data                                    0x20000026   Section        1  uart.o(.data)
    crc                                      0x20000026   Data           1  uart.o(.data)
    .bss                                     0x20000028   Section       36  adc.o(.bss)
    .bss                                     0x2000004c   Section       10  app.o(.bss)
    .bss                                     0x20000056   Section      256  dma.o(.bss)
    .bss                                     0x20000156   Section     9252  spwm.o(.bss)
    .bss                                     0x2000257a   Section       10  switch.o(.bss)
    .bss                                     0x20002584   Section       20  timer.o(.bss)
    .bss                                     0x20002598   Section      406  uart.o(.bss)
    .bss                                     0x2000272e   Section     1024  oled.o(.bss)
    STACK                                    0x20002b30   Section     1024  startup_stm32f10x_md.o(STACK)

    Global Symbols

    Symbol Name                              Value     Ov Type        Size  Object(Section)

    BuildAttributes$$THM_ISAv4$P$D$K$B$S$PE$A:L22UL41UL21$X:L11$S22US41US21$IEEE1$IW$USESV6$~STKCKD$USESV7$~SHL$OTIME$ROPI$EBA8$MICROLIB$REQ8$PRES8$EABIv2 0x00000000   Number         0  anon$$obj.o ABSOLUTE
    __ARM_use_no_argv                        0x00000000   Number         0  main.o ABSOLUTE
    __arm_fini_                               - Undefined Weak Reference
    __cpp_initialize__aeabi_                  - Undefined Weak Reference
    __cxa_finalize                            - Undefined Weak Reference
    __decompress                              - Undefined Weak Reference
    _clock_init                               - Undefined Weak Reference
    _microlib_exit                            - Undefined Weak Reference
    __Vectors_Size                           0x000000ec   Number         0  startup_stm32f10x_md.o ABSOLUTE
    __Vectors                                0x08000000   Data           4  startup_stm32f10x_md.o(RESET)
    __Vectors_End                            0x080000ec   Data           0  startup_stm32f10x_md.o(RESET)
    __main                                   0x080000ed   Thumb Code     0  entry.o(.ARM.Collect$$$$00000000)
    _main_stk                                0x080000ed   Thumb Code     0  entry2.o(.ARM.Collect$$$$00000001)
    _main_scatterload                        0x080000f1   Thumb Code     0  entry5.o(.ARM.Collect$$$$00000004)
    __main_after_scatterload                 0x080000f5   Thumb Code     0  entry5.o(.ARM.Collect$$$$00000004)
    _main_clock                              0x080000f5   Thumb Code     0  entry7b.o(.ARM.Collect$$$$00000008)
    _main_cpp_init                           0x080000f5   Thumb Code     0  entry8b.o(.ARM.Collect$$$$0000000A)
    _main_init                               0x080000f5   Thumb Code     0  entry9a.o(.ARM.Collect$$$$0000000B)
    __rt_lib_shutdown_fini                   0x080000fd   Thumb Code     0  entry12b.o(.ARM.Collect$$$$0000000E)
    __rt_final_cpp                           0x08000101   Thumb Code     0  entry10a.o(.ARM.Collect$$$$0000000F)
    __rt_final_exit                          0x08000101   Thumb Code     0  entry11a.o(.ARM.Collect$$$$00000011)
    Reset_Handler                            0x08000105   Thumb Code     8  startup_stm32f10x_md.o(.text)
    ADC1_2_IRQHandler                        0x0800011f   Thumb Code     0  startup_stm32f10x_md.o(.text)
    CAN1_RX1_IRQHandler                      0x0800011f   Thumb Code     0  startup_stm32f10x_md.o(.text)
    CAN1_SCE_IRQHandler                      0x0800011f   Thumb Code     0  startup_stm32f10x_md.o(.text)
    DMA1_Channel2_IRQHandler                 0x0800011f   Thumb Code     0  startup_stm32f10x_md.o(.text)
    DMA1_Channel3_IRQHandler                 0x0800011f   Thumb Code     0  startup_stm32f10x_md.o(.text)
    DMA1_Channel4_IRQHandler                 0x0800011f   Thumb Code     0  startup_stm32f10x_md.o(.text)
    DMA1_Channel5_IRQHandler                 0x0800011f   Thumb Code     0  startup_stm32f10x_md.o(.text)
    DMA1_Channel6_IRQHandler                 0x0800011f   Thumb Code     0  startup_stm32f10x_md.o(.text)
    DMA1_Channel7_IRQHandler                 0x0800011f   Thumb Code     0  startup_stm32f10x_md.o(.text)
    EXTI0_IRQHandler                         0x0800011f   Thumb Code     0  startup_stm32f10x_md.o(.text)
    EXTI15_10_IRQHandler                     0x0800011f   Thumb Code     0  startup_stm32f10x_md.o(.text)
    EXTI1_IRQHandler                         0x0800011f   Thumb Code     0  startup_stm32f10x_md.o(.text)
    EXTI2_IRQHandler                         0x0800011f   Thumb Code     0  startup_stm32f10x_md.o(.text)
    EXTI3_IRQHandler                         0x0800011f   Thumb Code     0  startup_stm32f10x_md.o(.text)
    EXTI4_IRQHandler                         0x0800011f   Thumb Code     0  startup_stm32f10x_md.o(.text)
    EXTI9_5_IRQHandler                       0x0800011f   Thumb Code     0  startup_stm32f10x_md.o(.text)
    FLASH_IRQHandler                         0x0800011f   Thumb Code     0  startup_stm32f10x_md.o(.text)
    I2C1_ER_IRQHandler                       0x0800011f   Thumb Code     0  startup_stm32f10x_md.o(.text)
    I2C1_EV_IRQHandler                       0x0800011f   Thumb Code     0  startup_stm32f10x_md.o(.text)
    I2C2_ER_IRQHandler                       0x0800011f   Thumb Code     0  startup_stm32f10x_md.o(.text)
    I2C2_EV_IRQHandler                       0x0800011f   Thumb Code     0  startup_stm32f10x_md.o(.text)
    PVD_IRQHandler                           0x0800011f   Thumb Code     0  startup_stm32f10x_md.o(.text)
    RCC_IRQHandler                           0x0800011f   Thumb Code     0  startup_stm32f10x_md.o(.text)
    RTCAlarm_IRQHandler                      0x0800011f   Thumb Code     0  startup_stm32f10x_md.o(.text)
    RTC_IRQHandler                           0x0800011f   Thumb Code     0  startup_stm32f10x_md.o(.text)
    SPI1_IRQHandler                          0x0800011f   Thumb Code     0  startup_stm32f10x_md.o(.text)
    SPI2_IRQHandler                          0x0800011f   Thumb Code     0  startup_stm32f10x_md.o(.text)
    TAMPER_IRQHandler                        0x0800011f   Thumb Code     0  startup_stm32f10x_md.o(.text)
    TIM1_BRK_IRQHandler                      0x0800011f   Thumb Code     0  startup_stm32f10x_md.o(.text)
    TIM1_CC_IRQHandler                       0x0800011f   Thumb Code     0  startup_stm32f10x_md.o(.text)
    TIM1_TRG_COM_IRQHandler                  0x0800011f   Thumb Code     0  startup_stm32f10x_md.o(.text)
    TIM2_IRQHandler                          0x0800011f   Thumb Code     0  startup_stm32f10x_md.o(.text)
    TIM3_IRQHandler                          0x0800011f   Thumb Code     0  startup_stm32f10x_md.o(.text)
    TIM4_IRQHandler                          0x0800011f   Thumb Code     0  startup_stm32f10x_md.o(.text)
    USART2_IRQHandler                        0x0800011f   Thumb Code     0  startup_stm32f10x_md.o(.text)
    USART3_IRQHandler                        0x0800011f   Thumb Code     0  startup_stm32f10x_md.o(.text)
    USBWakeUp_IRQHandler                     0x0800011f   Thumb Code     0  startup_stm32f10x_md.o(.text)
    USB_HP_CAN1_TX_IRQHandler                0x0800011f   Thumb Code     0  startup_stm32f10x_md.o(.text)
    USB_LP_CAN1_RX0_IRQHandler               0x0800011f   Thumb Code     0  startup_stm32f10x_md.o(.text)
    WWDG_IRQHandler                          0x0800011f   Thumb Code     0  startup_stm32f10x_md.o(.text)
    __aeabi_ldivmod                          0x08000129   Thumb Code    98  ldiv.o(.text)
    __aeabi_memcpy                           0x0800018b   Thumb Code    36  memcpya.o(.text)
    __aeabi_memcpy4                          0x0800018b   Thumb Code     0  memcpya.o(.text)
    __aeabi_memcpy8                          0x0800018b   Thumb Code     0  memcpya.o(.text)
    __aeabi_memset                           0x080001af   Thumb Code    14  memseta.o(.text)
    __aeabi_memset4                          0x080001af   Thumb Code     0  memseta.o(.text)
    __aeabi_memset8                          0x080001af   Thumb Code     0  memseta.o(.text)
    __aeabi_memclr                           0x080001bd   Thumb Code     4  memseta.o(.text)
    __aeabi_memclr4                          0x080001bd   Thumb Code     0  memseta.o(.text)
    __aeabi_memclr8                          0x080001bd   Thumb Code     0  memseta.o(.text)
    _memset$wrapper                          0x080001c1   Thumb Code    18  memseta.o(.text)
    strcmp                                   0x080001d3   Thumb Code    28  strcmp.o(.text)
    __aeabi_fadd                             0x080001ef   Thumb Code   164  fadd.o(.text)
    __aeabi_fsub                             0x08000293   Thumb Code     6  fadd.o(.text)
    __aeabi_frsub                            0x08000299   Thumb Code     6  fadd.o(.text)
    __aeabi_fmul                             0x0800029f   Thumb Code   100  fmul.o(.text)
    __aeabi_fdiv                             0x08000303   Thumb Code   124  fdiv.o(.text)
    __aeabi_ui2f                             0x0800037f   Thumb Code    10  ffltui.o(.text)
    __aeabi_f2uiz                            0x08000389   Thumb Code    40  ffixui.o(.text)
    __aeabi_uldivmod                         0x080003b1   Thumb Code    98  uldiv.o(.text)
    __I$use$fp                               0x08000413   Thumb Code     0  iusefp.o(.text)
    _float_round                             0x08000413   Thumb Code    18  fepilogue.o(.text)
    _float_epilogue                          0x08000425   Thumb Code    92  fepilogue.o(.text)
    __scatterload                            0x08000481   Thumb Code    28  init.o(.text)
    __scatterload_rt2                        0x08000481   Thumb Code     0  init.o(.text)
    __aeabi_llsl                             0x080004a5   Thumb Code    30  llshl.o(.text)
    _ll_shift_l                              0x080004a5   Thumb Code     0  llshl.o(.text)
    __aeabi_llsr                             0x080004c3   Thumb Code    32  llushr.o(.text)
    _ll_ushift_r                             0x080004c3   Thumb Code     0  llushr.o(.text)
    BusFault_Handler                         0x080004e3   Thumb Code     2  stm32f10x_it.o(i.BusFault_Handler)
    DMA1_Channel1_IRQHandler                 0x080004e5   Thumb Code   110  adc.o(i.DMA1_Channel1_IRQHandler)
    DebugMon_Handler                         0x08000561   Thumb Code     2  stm32f10x_it.o(i.DebugMon_Handler)
    GET_IO_STA                               0x08000563   Thumb Code    14  io.o(i.GET_IO_STA)
    HardFault_Handler                        0x08000571   Thumb Code     2  stm32f10x_it.o(i.HardFault_Handler)
    MemManage_Handler                        0x08000573   Thumb Code     2  stm32f10x_it.o(i.MemManage_Handler)
    NMI_Handler                              0x08000575   Thumb Code     2  stm32f10x_it.o(i.NMI_Handler)
    OLED_Clear                               0x080005b9   Thumb Code    34  oled.o(i.OLED_Clear)
    OLED_ClearArea                           0x080005e1   Thumb Code    90  oled.o(i.OLED_ClearArea)
    OLED_GPIO_Init                           0x08000641   Thumb Code    36  oled.o(i.OLED_GPIO_Init)
    OLED_I2C_SendByte                        0x08000669   Thumb Code    58  oled.o(i.OLED_I2C_SendByte)
    OLED_I2C_Start                           0x080006a3   Thumb Code    30  oled.o(i.OLED_I2C_Start)
    OLED_I2C_Stop                            0x080006c1   Thumb Code    24  oled.o(i.OLED_I2C_Stop)
    OLED_Init                                0x080006d9   Thumb Code   156  oled.o(i.OLED_Init)
    OLED_SetCursor                           0x08000775   Thumb Code    34  oled.o(i.OLED_SetCursor)
    OLED_ShowChar                            0x08000799   Thumb Code    52  oled.o(i.OLED_ShowChar)
    OLED_ShowChinese                         0x080007d5   Thumb Code   128  oled.o(i.OLED_ShowChinese)
    OLED_ShowImage                           0x0800085d   Thumb Code   150  oled.o(i.OLED_ShowImage)
    OLED_ShowString                          0x080008f9   Thumb Code    44  oled.o(i.OLED_ShowString)
    OLED_Update                              0x08000925   Thumb Code    34  oled.o(i.OLED_Update)
    OLED_W_SCL                               0x0800094d   Thumb Code    20  oled.o(i.OLED_W_SCL)
    OLED_W_SDA                               0x08000965   Thumb Code    20  oled.o(i.OLED_W_SDA)
    OLED_WriteCommand                        0x0800097d   Thumb Code    34  oled.o(i.OLED_WriteCommand)
    OLED_WriteData                           0x0800099f   Thumb Code    48  oled.o(i.OLED_WriteData)
    PendSV_Handler                           0x080009cf   Thumb Code     2  stm32f10x_it.o(i.PendSV_Handler)
    SET_IO_AFMODE_PP                         0x080009d1   Thumb Code    34  io.o(i.SET_IO_AFMODE_PP)
    SET_IO_ANALOG                            0x080009f3   Thumb Code    28  io.o(i.SET_IO_ANALOG)
    SET_IO_HIGH                              0x08000a0f   Thumb Code    18  io.o(i.SET_IO_HIGH)
    SET_IO_IN_WITHOUTPULLUP                  0x08000a21   Thumb Code    34  io.o(i.SET_IO_IN_WITHOUTPULLUP)
    SET_IO_LOW                               0x08000a43   Thumb Code    18  io.o(i.SET_IO_LOW)
    SET_IO_OUT                               0x08000a55   Thumb Code    34  io.o(i.SET_IO_OUT)
    SET_IO_TOGGLE                            0x08000a77   Thumb Code    20  io.o(i.SET_IO_TOGGLE)
    SVC_Handler                              0x08000a8b   Thumb Code     2  stm32f10x_it.o(i.SVC_Handler)
    SysTick_Handler                          0x08000b35   Thumb Code    76  timer.o(i.SysTick_Handler)
    SystemInit                               0x08000b89   Thumb Code    64  system_stm32f10x.o(i.SystemInit)
    TIM1_UP_IRQHandler                       0x08000bd9   Thumb Code   154  spwm.o(i.TIM1_UP_IRQHandler)
    USART1_IRQHandler                        0x08000c7d   Thumb Code     2  uart.o(i.USART1_IRQHandler)
    UsageFault_Handler                       0x08000c7f   Thumb Code     2  stm32f10x_it.o(i.UsageFault_Handler)
    __scatterload_copy                       0x08000c81   Thumb Code    14  handlers.o(i.__scatterload_copy)
    __scatterload_null                       0x08000c8f   Thumb Code     2  handlers.o(i.__scatterload_null)
    __scatterload_zeroinit                   0x08000c91   Thumb Code    14  handlers.o(i.__scatterload_zeroinit)
    fnADC_Config                             0x08000ca1   Thumb Code   148  adc.o(i.fnADC_Config)
    fnADC_InitDMA                            0x08000d3d   Thumb Code    84  adc.o(i.fnADC_InitDMA)
    fnADC_InitLow                            0x08000da1   Thumb Code   130  adc.o(i.fnADC_InitLow)
    fnADC_PWRFreq                            0x08000e35   Thumb Code    66  adc.o(i.fnADC_PWRFreq)
    fnADC_TimerInit                          0x08000e89   Thumb Code    74  adc.o(i.fnADC_TimerInit)
    fnAD_Clear                               0x08000ee1   Thumb Code     2  adc.o(i.fnAD_Clear)
    fnAD_Init                                0x08000ee5   Thumb Code    36  adc.o(i.fnAD_Init)
    fnAD_RealTime                            0x08000f0d   Thumb Code    52  adc.o(i.fnAD_RealTime)
    fnAP_Display                             0x08000f45   Thumb Code   190  app.o(i.fnAP_Display)
    fnAP_Init                                0x08001049   Thumb Code    26  app.o(i.fnAP_Init)
    fnAP_RealTime                            0x0800106d   Thumb Code   366  app.o(i.fnAP_RealTime)
    fnDMA_RealTime                           0x080011f5   Thumb Code    32  dma.o(i.fnDMA_RealTime)
    fnDMA_UARTInit                           0x0800121d   Thumb Code    32  dma.o(i.fnDMA_UARTInit)
    fnDMA_UARTRxInit                         0x08001241   Thumb Code    76  dma.o(i.fnDMA_UARTRxInit)
    fnDMA_UARTTxInit                         0x0800129d   Thumb Code    80  dma.o(i.fnDMA_UARTTxInit)
    fnDMA_UARTTxStart                        0x080012fd   Thumb Code   100  dma.o(i.fnDMA_UARTTxStart)
    fnDMA_UART_IsTXIdle                      0x0800136d   Thumb Code    14  dma.o(i.fnDMA_UART_IsTXIdle)
    fnDMA_UartRead                           0x08001381   Thumb Code   118  dma.o(i.fnDMA_UartRead)
    fnMN_DelayMs                             0x08001405   Thumb Code    20  main.o(i.fnMN_DelayMs)
    fnMN_IOInit                              0x08001419   Thumb Code    64  main.o(i.fnMN_IOInit)
    fnMN_MAPR_OR                             0x08001461   Thumb Code    10  main.o(i.fnMN_MAPR_OR)
    fnMN_MAPR_Set                            0x08001471   Thumb Code    10  main.o(i.fnMN_MAPR_Set)
    fnSPWM_CalAvg                            0x08001485   Thumb Code    50  spwm.o(i.fnSPWM_CalAvg)
    fnSPWM_CopyCCRData                       0x080014bd   Thumb Code    68  spwm.o(i.fnSPWM_CopyCCRData)
    fnSPWM_DisableIPWM                       0x08001501   Thumb Code   148  spwm.o(i.fnSPWM_DisableIPWM)
    fnSPWM_EnableIPWM                        0x080015a5   Thumb Code   160  spwm.o(i.fnSPWM_EnableIPWM)
    fnSPWM_FillCCRData                       0x08001659   Thumb Code    56  spwm.o(i.fnSPWM_FillCCRData)
    fnSPWM_GetCCR                            0x08001695   Thumb Code   264  spwm.o(i.fnSPWM_GetCCR)
    fnSPWM_HWInit                            0x080017b5   Thumb Code   164  spwm.o(i.fnSPWM_HWInit)
    fnSPWM_Init                              0x08001869   Thumb Code    50  spwm.o(i.fnSPWM_Init)
    fnSPWM_RealTime                          0x080018a1   Thumb Code     2  spwm.o(i.fnSPWM_RealTime)
    fnSPWM_Update                            0x080018a5   Thumb Code   184  spwm.o(i.fnSPWM_Update)
    fnSPWM_UpdateDuty                        0x08001969   Thumb Code    22  spwm.o(i.fnSPWM_UpdateDuty)
    fnSW_Clear                               0x08001985   Thumb Code    20  switch.o(i.fnSW_Clear)
    fnSW_GetState                            0x0800199d   Thumb Code    32  switch.o(i.fnSW_GetState)
    fnSW_Init                                0x080019c1   Thumb Code    44  switch.o(i.fnSW_Init)
    fnSW_RealTime                            0x080019f5   Thumb Code    72  switch.o(i.fnSW_RealTime)
    fnTM_Clear                               0x08001a45   Thumb Code    12  timer.o(i.fnTM_Clear)
    fnTM_Init                                0x08001a55   Thumb Code    28  timer.o(i.fnTM_Init)
    fnTM_RealTime                            0x08001a75   Thumb Code    94  timer.o(i.fnTM_RealTime)
    fnUA_IOInit                              0x08001add   Thumb Code   114  uart.o(i.fnUA_IOInit)
    fnUA_Init                                0x08001b5d   Thumb Code    18  uart.o(i.fnUA_Init)
    fnUA_Monitor                             0x08001b71   Thumb Code    36  uart.o(i.fnUA_Monitor)
    fnUA_RealTime                            0x08001b9d   Thumb Code    86  uart.o(i.fnUA_RealTime)
    fnUA_RecMsg                              0x08001c01   Thumb Code   254  uart.o(i.fnUA_RecMsg)
    fnUA_RegInit                             0x08001d11   Thumb Code    32  uart.o(i.fnUA_RegInit)
    int_to_str                               0x08001d39   Thumb Code   100  app.o(i.int_to_str)
    main                                     0x08001d9d   Thumb Code    74  main.o(i.main)
    adc_channels                             0x08001de8   Data           2  adc.o(.constdata)
    ad_port_config                           0x08001dec   Data          16  adc.o(.constdata)
    spwm_sin_vals                            0x08001dfc   Data        4098  sindef.o(.constdata)
    OLED_F8x16                               0x08002dfe   Data        1520  oled_data.o(.constdata)
    OLED_F6x8                                0x080033ee   Data         570  oled_data.o(.constdata)
    OLED_CF16x16                             0x08003628   Data         576  oled_data.o(.constdata)
    Region$$Table$$Base                      0x08003868   Number         0  anon$$obj.o(Region$$Table)
    Region$$Table$$Limit                     0x08003888   Number         0  anon$$obj.o(Region$$Table)
    adc_dma_buff                             0x20000000   Data           8  adc.o(.data)
    g_dma_uartregs                           0x2000000a   Data           6  dma.o(.data)
    mn_mapr                                  0x20000010   Data           4  main.o(.data)
    uchStartLevel                            0x20000014   Data           1  switch.o(.data)
    g_sw_stConfig                            0x20000018   Data           8  switch.o(.data)
    tm_uchTimer2msCount                      0x20000023   Data           1  timer.o(.data)
    g_ad_stRegs                              0x20000028   Data          36  adc.o(.bss)
    g_ap_stRegs                              0x2000004c   Data          10  app.o(.bss)
    g_dma_uartbuff                           0x20000056   Data         128  dma.o(.bss)
    g_dma_uarttxbuff                         0x200000d6   Data         128  dma.o(.bss)
    g_spwm_stRegs                            0x20000156   Data        6176  spwm.o(.bss)
    g_spwm_stCCRBuff                         0x20001976   Data        3076  spwm.o(.bss)
    g_sw_stRegs                              0x2000257a   Data          10  switch.o(.bss)
    g_tm_stTimerFlag                         0x20002584   Data          10  timer.o(.bss)
    tm_sTimerFlag                            0x2000258e   Data          10  timer.o(.bss)
    g_ua_stRecRegs                           0x20002598   Data         272  uart.o(.bss)
    g_ua_stSendRegs                          0x200026a8   Data         134  uart.o(.bss)
    OLED_DisplayBuf                          0x2000272e   Data        1024  oled.o(.bss)
    __initial_sp                             0x20002f30   Data           0  startup_stm32f10x_md.o(STACK)



==============================================================================

Memory Map of the image

  Image Entry point : 0x080000ed

  Load Region LR_IROM1 (Base: 0x08000000, Size: 0x000038b0, Max: 0x00010000, ABSOLUTE)

    Execution Region ER_IROM1 (Exec base: 0x08000000, Load base: 0x08000000, Size: 0x00003888, Max: 0x00010000, ABSOLUTE)

    Exec Addr    Load Addr    Size         Type   Attr      Idx    E Section Name        Object

    0x08000000   0x08000000   0x000000ec   Data   RO            3    RESET               startup_stm32f10x_md.o
    0x080000ec   0x080000ec   0x00000000   Code   RO         1126  * .ARM.Collect$$$$00000000  mc_w.l(entry.o)
    0x080000ec   0x080000ec   0x00000004   Code   RO         1149    .ARM.Collect$$$$00000001  mc_w.l(entry2.o)
    0x080000f0   0x080000f0   0x00000004   Code   RO         1152    .ARM.Collect$$$$00000004  mc_w.l(entry5.o)
    0x080000f4   0x080000f4   0x00000000   Code   RO         1154    .ARM.Collect$$$$00000008  mc_w.l(entry7b.o)
    0x080000f4   0x080000f4   0x00000000   Code   RO         1156    .ARM.Collect$$$$0000000A  mc_w.l(entry8b.o)
    0x080000f4   0x080000f4   0x00000008   Code   RO         1157    .ARM.Collect$$$$0000000B  mc_w.l(entry9a.o)
    0x080000fc   0x080000fc   0x00000004   Code   RO         1164    .ARM.Collect$$$$0000000E  mc_w.l(entry12b.o)
    0x08000100   0x08000100   0x00000000   Code   RO         1159    .ARM.Collect$$$$0000000F  mc_w.l(entry10a.o)
    0x08000100   0x08000100   0x00000000   Code   RO         1161    .ARM.Collect$$$$00000011  mc_w.l(entry11a.o)
    0x08000100   0x08000100   0x00000004   Code   RO         1150    .ARM.Collect$$$$00002712  mc_w.l(entry2.o)
    0x08000104   0x08000104   0x00000024   Code   RO            4    .text               startup_stm32f10x_md.o
    0x08000128   0x08000128   0x00000062   Code   RO         1129    .text               mc_w.l(ldiv.o)
    0x0800018a   0x0800018a   0x00000024   Code   RO         1131    .text               mc_w.l(memcpya.o)
    0x080001ae   0x080001ae   0x00000024   Code   RO         1133    .text               mc_w.l(memseta.o)
    0x080001d2   0x080001d2   0x0000001c   Code   RO         1135    .text               mc_w.l(strcmp.o)
    0x080001ee   0x080001ee   0x000000b0   Code   RO         1139    .text               mf_w.l(fadd.o)
    0x0800029e   0x0800029e   0x00000064   Code   RO         1141    .text               mf_w.l(fmul.o)
    0x08000302   0x08000302   0x0000007c   Code   RO         1143    .text               mf_w.l(fdiv.o)
    0x0800037e   0x0800037e   0x0000000a   Code   RO         1145    .text               mf_w.l(ffltui.o)
    0x08000388   0x08000388   0x00000028   Code   RO         1147    .text               mf_w.l(ffixui.o)
    0x080003b0   0x080003b0   0x00000062   Code   RO         1165    .text               mc_w.l(uldiv.o)
    0x08000412   0x08000412   0x00000000   Code   RO         1167    .text               mc_w.l(iusefp.o)
    0x08000412   0x08000412   0x0000006e   Code   RO         1168    .text               mf_w.l(fepilogue.o)
    0x08000480   0x08000480   0x00000024   Code   RO         1170    .text               mc_w.l(init.o)
    0x080004a4   0x080004a4   0x0000001e   Code   RO         1172    .text               mc_w.l(llshl.o)
    0x080004c2   0x080004c2   0x00000020   Code   RO         1174    .text               mc_w.l(llushr.o)
    0x080004e2   0x080004e2   0x00000002   Code   RO          772    i.BusFault_Handler  stm32f10x_it.o
    0x080004e4   0x080004e4   0x0000007c   Code   RO          191    i.DMA1_Channel1_IRQHandler  adc.o
    0x08000560   0x08000560   0x00000002   Code   RO          773    i.DebugMon_Handler  stm32f10x_it.o
    0x08000562   0x08000562   0x0000000e   Code   RO          424    i.GET_IO_STA        io.o
    0x08000570   0x08000570   0x00000002   Code   RO          774    i.HardFault_Handler  stm32f10x_it.o
    0x08000572   0x08000572   0x00000002   Code   RO          775    i.MemManage_Handler  stm32f10x_it.o
    0x08000574   0x08000574   0x00000002   Code   RO          776    i.NMI_Handler       stm32f10x_it.o
    0x08000576   0x08000576   0x00000016   Code   RO          660    i.NVIC_DisableIRQ   spwm.o
    0x0800058c   0x0800058c   0x00000016   Code   RO          192    i.NVIC_EnableIRQ    adc.o
    0x080005a2   0x080005a2   0x00000016   Code   RO          661    i.NVIC_EnableIRQ    spwm.o
    0x080005b8   0x080005b8   0x00000028   Code   RO          982    i.OLED_Clear        oled.o
    0x080005e0   0x080005e0   0x00000060   Code   RO          983    i.OLED_ClearArea    oled.o
    0x08000640   0x08000640   0x00000028   Code   RO          984    i.OLED_GPIO_Init    oled.o
    0x08000668   0x08000668   0x0000003a   Code   RO          985    i.OLED_I2C_SendByte  oled.o
    0x080006a2   0x080006a2   0x0000001e   Code   RO          986    i.OLED_I2C_Start    oled.o
    0x080006c0   0x080006c0   0x00000018   Code   RO          987    i.OLED_I2C_Stop     oled.o
    0x080006d8   0x080006d8   0x0000009c   Code   RO          988    i.OLED_Init         oled.o
    0x08000774   0x08000774   0x00000022   Code   RO          990    i.OLED_SetCursor    oled.o
    0x08000796   0x08000796   0x00000002   PAD
    0x08000798   0x08000798   0x0000003c   Code   RO          991    i.OLED_ShowChar     oled.o
    0x080007d4   0x080007d4   0x00000088   Code   RO          992    i.OLED_ShowChinese  oled.o
    0x0800085c   0x0800085c   0x0000009c   Code   RO          993    i.OLED_ShowImage    oled.o
    0x080008f8   0x080008f8   0x0000002c   Code   RO          995    i.OLED_ShowString   oled.o
    0x08000924   0x08000924   0x00000028   Code   RO          996    i.OLED_Update       oled.o
    0x0800094c   0x0800094c   0x00000018   Code   RO          998    i.OLED_W_SCL        oled.o
    0x08000964   0x08000964   0x00000018   Code   RO          999    i.OLED_W_SDA        oled.o
    0x0800097c   0x0800097c   0x00000022   Code   RO         1000    i.OLED_WriteCommand  oled.o
    0x0800099e   0x0800099e   0x00000030   Code   RO         1001    i.OLED_WriteData    oled.o
    0x080009ce   0x080009ce   0x00000002   Code   RO          777    i.PendSV_Handler    stm32f10x_it.o
    0x080009d0   0x080009d0   0x00000022   Code   RO          425    i.SET_IO_AFMODE_PP  io.o
    0x080009f2   0x080009f2   0x0000001c   Code   RO          427    i.SET_IO_ANALOG     io.o
    0x08000a0e   0x08000a0e   0x00000012   Code   RO          428    i.SET_IO_HIGH       io.o
    0x08000a20   0x08000a20   0x00000022   Code   RO          431    i.SET_IO_IN_WITHOUTPULLUP  io.o
    0x08000a42   0x08000a42   0x00000012   Code   RO          432    i.SET_IO_LOW        io.o
    0x08000a54   0x08000a54   0x00000022   Code   RO          434    i.SET_IO_OUT        io.o
    0x08000a76   0x08000a76   0x00000014   Code   RO          440    i.SET_IO_TOGGLE     io.o
    0x08000a8a   0x08000a8a   0x00000002   Code   RO          778    i.SVC_Handler       stm32f10x_it.o
    0x08000a8c   0x08000a8c   0x000000a8   Code   RO           24    i.SetSysClockTo72   system_stm32f10x.o
    0x08000b34   0x08000b34   0x00000054   Code   RO          878    i.SysTick_Handler   timer.o
    0x08000b88   0x08000b88   0x00000050   Code   RO           26    i.SystemInit        system_stm32f10x.o
    0x08000bd8   0x08000bd8   0x000000a4   Code   RO          663    i.TIM1_UP_IRQHandler  spwm.o
    0x08000c7c   0x08000c7c   0x00000002   Code   RO          916    i.USART1_IRQHandler  uart.o
    0x08000c7e   0x08000c7e   0x00000002   Code   RO          779    i.UsageFault_Handler  stm32f10x_it.o
    0x08000c80   0x08000c80   0x0000000e   Code   RO         1178    i.__scatterload_copy  mc_w.l(handlers.o)
    0x08000c8e   0x08000c8e   0x00000002   Code   RO         1179    i.__scatterload_null  mc_w.l(handlers.o)
    0x08000c90   0x08000c90   0x0000000e   Code   RO         1180    i.__scatterload_zeroinit  mc_w.l(handlers.o)
    0x08000c9e   0x08000c9e   0x00000002   PAD
    0x08000ca0   0x08000ca0   0x0000009c   Code   RO          193    i.fnADC_Config      adc.o
    0x08000d3c   0x08000d3c   0x00000064   Code   RO          194    i.fnADC_InitDMA     adc.o
    0x08000da0   0x08000da0   0x00000094   Code   RO          195    i.fnADC_InitLow     adc.o
    0x08000e34   0x08000e34   0x00000054   Code   RO          197    i.fnADC_PWRFreq     adc.o
    0x08000e88   0x08000e88   0x00000058   Code   RO          198    i.fnADC_TimerInit   adc.o
    0x08000ee0   0x08000ee0   0x00000002   Code   RO          199    i.fnAD_Clear        adc.o
    0x08000ee2   0x08000ee2   0x00000002   PAD
    0x08000ee4   0x08000ee4   0x00000028   Code   RO          202    i.fnAD_Init         adc.o
    0x08000f0c   0x08000f0c   0x00000038   Code   RO          203    i.fnAD_RealTime     adc.o
    0x08000f44   0x08000f44   0x00000104   Code   RO          311    i.fnAP_Display      app.o
    0x08001048   0x08001048   0x00000024   Code   RO          312    i.fnAP_Init         app.o
    0x0800106c   0x0800106c   0x00000188   Code   RO          313    i.fnAP_RealTime     app.o
    0x080011f4   0x080011f4   0x00000028   Code   RO          371    i.fnDMA_RealTime    dma.o
    0x0800121c   0x0800121c   0x00000024   Code   RO          372    i.fnDMA_UARTInit    dma.o
    0x08001240   0x08001240   0x0000005c   Code   RO          373    i.fnDMA_UARTRxInit  dma.o
    0x0800129c   0x0800129c   0x00000060   Code   RO          374    i.fnDMA_UARTTxInit  dma.o
    0x080012fc   0x080012fc   0x00000070   Code   RO          375    i.fnDMA_UARTTxStart  dma.o
    0x0800136c   0x0800136c   0x00000014   Code   RO          376    i.fnDMA_UART_IsTXIdle  dma.o
    0x08001380   0x08001380   0x00000084   Code   RO          377    i.fnDMA_UartRead    dma.o
    0x08001404   0x08001404   0x00000014   Code   RO          542    i.fnMN_DelayMs      main.o
    0x08001418   0x08001418   0x00000048   Code   RO          543    i.fnMN_IOInit       main.o
    0x08001460   0x08001460   0x00000010   Code   RO          546    i.fnMN_MAPR_OR      main.o
    0x08001470   0x08001470   0x00000014   Code   RO          547    i.fnMN_MAPR_Set     main.o
    0x08001484   0x08001484   0x00000038   Code   RO          664    i.fnSPWM_CalAvg     spwm.o
    0x080014bc   0x080014bc   0x00000044   Code   RO          665    i.fnSPWM_CopyCCRData  spwm.o
    0x08001500   0x08001500   0x000000a4   Code   RO          666    i.fnSPWM_DisableIPWM  spwm.o
    0x080015a4   0x080015a4   0x000000b4   Code   RO          667    i.fnSPWM_EnableIPWM  spwm.o
    0x08001658   0x08001658   0x0000003c   Code   RO          668    i.fnSPWM_FillCCRData  spwm.o
    0x08001694   0x08001694   0x00000120   Code   RO          669    i.fnSPWM_GetCCR     spwm.o
    0x080017b4   0x080017b4   0x000000b4   Code   RO          670    i.fnSPWM_HWInit     spwm.o
    0x08001868   0x08001868   0x00000038   Code   RO          671    i.fnSPWM_Init       spwm.o
    0x080018a0   0x080018a0   0x00000002   Code   RO          672    i.fnSPWM_RealTime   spwm.o
    0x080018a2   0x080018a2   0x00000002   PAD
    0x080018a4   0x080018a4   0x000000c4   Code   RO          673    i.fnSPWM_Update     spwm.o
    0x08001968   0x08001968   0x0000001c   Code   RO          674    i.fnSPWM_UpdateDuty  spwm.o
    0x08001984   0x08001984   0x00000018   Code   RO          829    i.fnSW_Clear        switch.o
    0x0800199c   0x0800199c   0x00000024   Code   RO          831    i.fnSW_GetState     switch.o
    0x080019c0   0x080019c0   0x00000034   Code   RO          832    i.fnSW_Init         switch.o
    0x080019f4   0x080019f4   0x00000050   Code   RO          834    i.fnSW_RealTime     switch.o
    0x08001a44   0x08001a44   0x00000010   Code   RO          879    i.fnTM_Clear        timer.o
    0x08001a54   0x08001a54   0x00000020   Code   RO          880    i.fnTM_Init         timer.o
    0x08001a74   0x08001a74   0x00000068   Code   RO          881    i.fnTM_RealTime     timer.o
    0x08001adc   0x08001adc   0x00000080   Code   RO          917    i.fnUA_IOInit       uart.o
    0x08001b5c   0x08001b5c   0x00000012   Code   RO          918    i.fnUA_Init         uart.o
    0x08001b6e   0x08001b6e   0x00000002   PAD
    0x08001b70   0x08001b70   0x0000002c   Code   RO          920    i.fnUA_Monitor      uart.o
    0x08001b9c   0x08001b9c   0x00000064   Code   RO          921    i.fnUA_RealTime     uart.o
    0x08001c00   0x08001c00   0x00000110   Code   RO          922    i.fnUA_RecMsg       uart.o
    0x08001d10   0x08001d10   0x00000028   Code   RO          923    i.fnUA_RegInit      uart.o
    0x08001d38   0x08001d38   0x00000064   Code   RO          314    i.int_to_str        app.o
    0x08001d9c   0x08001d9c   0x0000004a   Code   RO          550    i.main              main.o
    0x08001de6   0x08001de6   0x00000002   PAD
    0x08001de8   0x08001de8   0x00000014   Data   RO          205    .constdata          adc.o
    0x08001dfc   0x08001dfc   0x00001002   Data   RO          648    .constdata          sindef.o
    0x08002dfe   0x08002dfe   0x000005f0   Data   RO         1109    .constdata          oled_data.o
    0x080033ee   0x080033ee   0x0000023a   Data   RO         1110    .constdata          oled_data.o
    0x08003628   0x08003628   0x00000240   Data   RO         1111    .constdata          oled_data.o
    0x08003868   0x08003868   0x00000020   Data   RO         1176    Region$$Table       anon$$obj.o


    Execution Region RW_IRAM1 (Exec base: 0x20000000, Load base: 0x08003888, Size: 0x00002f30, Max: 0x00005000, ABSOLUTE)

    Exec Addr    Load Addr    Size         Type   Attr      Idx    E Section Name        Object

    0x20000000   0x08003888   0x00000008   Data   RW          206    .data               adc.o
    0x20000008   0x08003890   0x00000008   Data   RW          379    .data               dma.o
    0x20000010   0x08003898   0x00000004   Data   RW          554    .data               main.o
    0x20000014   0x0800389c   0x0000000c   Data   RW          836    .data               switch.o
    0x20000020   0x080038a8   0x00000006   Data   RW          883    .data               timer.o
    0x20000026   0x080038ae   0x00000001   Data   RW          926    .data               uart.o
    0x20000027   0x080038af   0x00000001   PAD
    0x20000028        -       0x00000024   Zero   RW          204    .bss                adc.o
    0x2000004c        -       0x0000000a   Zero   RW          315    .bss                app.o
    0x20000056        -       0x00000100   Zero   RW          378    .bss                dma.o
    0x20000156        -       0x00002424   Zero   RW          675    .bss                spwm.o
    0x2000257a        -       0x0000000a   Zero   RW          835    .bss                switch.o
    0x20002584        -       0x00000014   Zero   RW          882    .bss                timer.o
    0x20002598        -       0x00000196   Zero   RW          925    .bss                uart.o
    0x2000272e        -       0x00000400   Zero   RW         1002    .bss                oled.o
    0x20002b2e   0x080038af   0x00000002   PAD
    0x20002b30        -       0x00000400   Zero   RW            1    STACK               startup_stm32f10x_md.o


==============================================================================

Image component sizes


      Code (inc. data)   RO Data    RW Data    ZI Data      Debug   Object Name

       820         96         20          8         36      23313   adc.o
       788        106          0          0         10       4133   app.o
         0          0          0          0          0       4508   core_cm3.o
       528         76          0          8        256       4188   dma.o
       200          0          0          0          0       4360   io.o
       202         24          0          4          0       4227   main.o
         0          0          0          0          0     201652   misc.o
      1044         52          0          0       1024       9731   oled.o
         0          0       2666          0          0       1049   oled_data.o
         0          0       4098          0          0        424   sindef.o
      1486        120          0          0       9252       9901   spwm.o
        36          8        236          0       1024        784   startup_stm32f10x_md.o
        16          0          0          0          0       3044   stm32f10x_it.o
       192         24          0         12         10       3415   switch.o
       248         24          0          0          0       1397   system_stm32f10x.o
       236         26          0          6         20       2653   timer.o
       604         62          0          1        406       4869   uart.o

    ----------------------------------------------------------------------
      6410        618       7052         40      12040     283648   Object Totals
         0          0         32          0          0          0   (incl. Generated)
        10          0          0          1          2          0   (incl. Padding)

    ----------------------------------------------------------------------

      Code (inc. data)   RO Data    RW Data    ZI Data      Debug   Library Member Name

         0          0          0          0          0          0   entry.o
         0          0          0          0          0          0   entry10a.o
         0          0          0          0          0          0   entry11a.o
         4          0          0          0          0          0   entry12b.o
         8          4          0          0          0          0   entry2.o
         4          0          0          0          0          0   entry5.o
         0          0          0          0          0          0   entry7b.o
         0          0          0          0          0          0   entry8b.o
         8          4          0          0          0          0   entry9a.o
        30          0          0          0          0          0   handlers.o
        36          8          0          0          0         68   init.o
         0          0          0          0          0          0   iusefp.o
        98          0          0          0          0         84   ldiv.o
        30          0          0          0          0         68   llshl.o
        32          0          0          0          0         68   llushr.o
        36          0          0          0          0         68   memcpya.o
        36          0          0          0          0        108   memseta.o
        28          0          0          0          0         76   strcmp.o
        98          0          0          0          0         92   uldiv.o
       176          0          0          0          0        140   fadd.o
       124          0          0          0          0         88   fdiv.o
       110          0          0          0          0        168   fepilogue.o
        40          0          0          0          0         68   ffixui.o
        10          0          0          0          0         68   ffltui.o
       100          0          0          0          0         76   fmul.o

    ----------------------------------------------------------------------
      1010         16          0          0          0       1240   Library Totals
         2          0          0          0          0          0   (incl. Padding)

    ----------------------------------------------------------------------

      Code (inc. data)   RO Data    RW Data    ZI Data      Debug   Library Name

       448         16          0          0          0        632   mc_w.l
       560          0          0          0          0        608   mf_w.l

    ----------------------------------------------------------------------
      1010         16          0          0          0       1240   Library Totals

    ----------------------------------------------------------------------

==============================================================================


      Code (inc. data)   RO Data    RW Data    ZI Data      Debug   

      7420        634       7052         40      12040     279944   Grand Totals
      7420        634       7052         40      12040     279944   ELF Image Totals
      7420        634       7052         40          0          0   ROM Totals

==============================================================================

    Total RO  Size (Code + RO Data)                14472 (  14.13kB)
    Total RW  Size (RW Data + ZI Data)             12080 (  11.80kB)
    Total ROM Size (Code + RO Data + RW Data)      14512 (  14.17kB)

==============================================================================

