Component: ARM Compiler 5.06 update 6 (build 750) Tool: armlink [4d35ed]

==============================================================================

Section Cross References

    gd32f30x_it.o(i.SysTick_Handler) refers to main.o(i.led_spark) for led_spark
    gd32f30x_it.o(i.SysTick_Handler) refers to systick.o(i.delay_decrement) for delay_decrement
    main.o(i.fputc) refers to gd32f30x_usart.o(i.usart_data_transmit) for usart_data_transmit
    main.o(i.fputc) refers to gd32f30x_usart.o(i.usart_flag_get) for usart_flag_get
    main.o(i.led_spark) refers to gd32f303e_eval.o(i.gd_eval_led_on) for gd_eval_led_on
    main.o(i.led_spark) refers to gd32f303e_eval.o(i.gd_eval_led_off) for gd_eval_led_off
    main.o(i.led_spark) refers to main.o(.data) for .data
    main.o(i.main) refers to systick.o(i.systick_config) for systick_config
    main.o(i.main) refers to gd32f303e_eval.o(i.gd_eval_led_init) for gd_eval_led_init
    main.o(i.main) refers to gd32f303e_eval.o(i.gd_eval_com_init) for gd_eval_com_init
    main.o(i.main) refers to gd32f30x_rcu.o(i.rcu_periph_clock_enable) for rcu_periph_clock_enable
    main.o(i.main) refers to gd32f30x_rcu.o(i.rcu_adc_clock_config) for rcu_adc_clock_config
    main.o(i.main) refers to gd32f30x_gpio.o(i.gpio_init) for gpio_init
    main.o(i.main) refers to gd32f30x_gpio.o(i.gpio_bit_reset) for gpio_bit_reset
    main.o(i.main) refers to gd32f30x_timer.o(i.timer_deinit) for timer_deinit
    main.o(i.main) refers to gd32f30x_timer.o(i.timer_init) for timer_init
    main.o(i.main) refers to gd32f30x_timer.o(i.timer_channel_output_config) for timer_channel_output_config
    main.o(i.main) refers to gd32f30x_timer.o(i.timer_channel_output_pulse_value_config) for timer_channel_output_pulse_value_config
    main.o(i.main) refers to gd32f30x_timer.o(i.timer_channel_output_mode_config) for timer_channel_output_mode_config
    main.o(i.main) refers to gd32f30x_timer.o(i.timer_channel_output_shadow_config) for timer_channel_output_shadow_config
    main.o(i.main) refers to gd32f30x_timer.o(i.timer_master_output_trigger_source_select) for timer_master_output_trigger_source_select
    main.o(i.main) refers to gd32f30x_timer.o(i.timer_break_config) for timer_break_config
    main.o(i.main) refers to gd32f30x_timer.o(i.timer_input_trigger_source_select) for timer_input_trigger_source_select
    main.o(i.main) refers to gd32f30x_timer.o(i.timer_slave_mode_select) for timer_slave_mode_select
    main.o(i.main) refers to gd32f30x_timer.o(i.timer_event_software_generate) for timer_event_software_generate
    main.o(i.main) refers to gd32f30x_timer.o(i.timer_counter_value_config) for timer_counter_value_config
    main.o(i.main) refers to gd32f30x_timer.o(i.timer_channel_output_state_config) for timer_channel_output_state_config
    main.o(i.main) refers to gd32f30x_timer.o(i.timer_channel_complementary_output_state_config) for timer_channel_complementary_output_state_config
    main.o(i.main) refers to gd32f30x_timer.o(i.timer_primary_output_config) for timer_primary_output_config
    main.o(i.main) refers to gd32f30x_timer.o(i.timer_auto_reload_shadow_enable) for timer_auto_reload_shadow_enable
    main.o(i.main) refers to gd32f30x_timer.o(i.timer_enable) for timer_enable
    main.o(i.main) refers to gd32f30x_adc.o(i.adc_deinit) for adc_deinit
    main.o(i.main) refers to gd32f30x_adc.o(i.adc_special_function_config) for adc_special_function_config
    main.o(i.main) refers to gd32f30x_adc.o(i.adc_external_trigger_source_config) for adc_external_trigger_source_config
    main.o(i.main) refers to gd32f30x_adc.o(i.adc_data_alignment_config) for adc_data_alignment_config
    main.o(i.main) refers to gd32f303e_eval.o(i.gd_eval_led_toggle) for gd_eval_led_toggle
    main.o(i.main) refers to systick.o(i.delay_1ms) for delay_1ms
    systick.o(i.delay_1ms) refers to systick.o(.data) for .data
    systick.o(i.delay_decrement) refers to systick.o(.data) for .data
    systick.o(i.systick_config) refers to systick.o(i.NVIC_SetPriority) for NVIC_SetPriority
    systick.o(i.systick_config) refers to system_gd32f30x.o(.data) for SystemCoreClock
    system_gd32f30x.o(i.SystemCoreClockUpdate) refers to system_gd32f30x.o(.data) for .data
    system_gd32f30x.o(i.SystemInit) refers to system_gd32f30x.o(i.system_clock_config) for system_clock_config
    system_gd32f30x.o(i.system_clock_config) refers to system_gd32f30x.o(i.system_clock_120m_hxtal) for system_clock_120m_hxtal
    gd32f30x_adc.o(i.adc_deinit) refers to gd32f30x_rcu.o(i.rcu_periph_reset_enable) for rcu_periph_reset_enable
    gd32f30x_adc.o(i.adc_deinit) refers to gd32f30x_rcu.o(i.rcu_periph_reset_disable) for rcu_periph_reset_disable
    gd32f30x_bkp.o(i.bkp_deinit) refers to gd32f30x_rcu.o(i.rcu_bkp_reset_enable) for rcu_bkp_reset_enable
    gd32f30x_bkp.o(i.bkp_deinit) refers to gd32f30x_rcu.o(i.rcu_bkp_reset_disable) for rcu_bkp_reset_disable
[...]
    gd32f303e_eval.o(i.gd_eval_key_state_get) refers to gd32f30x_gpio.o(i.gpio_input_bit_get) for gpio_input_bit_get
    gd32f303e_eval.o(i.gd_eval_key_state_get) refers to gd32f303e_eval.o(.data) for .data
    gd32f303e_eval.o(i.gd_eval_led_init) refers to gd32f30x_rcu.o(i.rcu_periph_clock_enable) for rcu_periph_clock_enable
    gd32f303e_eval.o(i.gd_eval_led_init) refers to gd32f30x_gpio.o(i.gpio_init) for gpio_init
    gd32f303e_eval.o(i.gd_eval_led_init) refers to gd32f303e_eval.o(.data) for .data
    gd32f303e_eval.o(i.gd_eval_led_off) refers to gd32f303e_eval.o(.data) for .data
    gd32f303e_eval.o(i.gd_eval_led_on) refers to gd32f303e_eval.o(.data) for .data
    gd32f303e_eval.o(i.gd_eval_led_toggle) refers to gd32f30x_gpio.o(i.gpio_input_bit_get) for gpio_input_bit_get
    gd32f303e_eval.o(i.gd_eval_led_toggle) refers to gd32f30x_gpio.o(i.gpio_bit_write) for gpio_bit_write
    gd32f303e_eval.o(i.gd_eval_led_toggle) refers to gd32f303e_eval.o(.data) for .data
    entry.o(.ARM.Collect$$$$00000000) refers (Special) to entry10a.o(.ARM.Collect$$$$0000000D) for __rt_final_cpp
    entry.o(.ARM.Collect$$$$00000000) refers (Special) to entry11a.o(.ARM.Collect$$$$0000000F) for __rt_final_exit
    entry.o(.ARM.Collect$$$$00000000) refers (Special) to entry7b.o(.ARM.Collect$$$$00000008) for _main_clock
    entry.o(.ARM.Collect$$$$00000000) refers (Special) to entry8b.o(.ARM.Collect$$$$0000000A) for _main_cpp_init
    entry.o(.ARM.Collect$$$$00000000) refers (Special) to entry9a.o(.ARM.Collect$$$$0000000B) for _main_init
    entry.o(.ARM.Collect$$$$00000000) refers (Special) to entry5.o(.ARM.Collect$$$$00000004) for _main_scatterload
    entry.o(.ARM.Collect$$$$00000000) refers (Special) to entry2.o(.ARM.Collect$$$$00000001) for _main_stk
    entry2.o(.ARM.Collect$$$$00000001) refers to entry2.o(.ARM.Collect$$$$00002712) for __lit__00000000
    entry2.o(.ARM.Collect$$$$00002712) refers to startup_gd32f30x_hd.o(STACK) for __initial_sp
    entry2.o(__vectab_stack_and_reset_area) refers to startup_gd32f30x_hd.o(STACK) for __initial_sp
    entry2.o(__vectab_stack_and_reset_area) refers to entry.o(.ARM.Collect$$$$00000000) for __main
    entry5.o(.ARM.Collect$$$$00000004) refers to init.o(.text) for __scatterload
    entry9a.o(.ARM.Collect$$$$0000000B) refers to main.o(i.main) for main
    entry9b.o(.ARM.Collect$$$$0000000C) refers to main.o(i.main) for main
    init.o(.text) refers to entry5.o(.ARM.Collect$$$$00000004) for __main_after_scatterload


==============================================================================

Removing Unused input sections from the image.

    Removing gd32f30x_it.o(.rev16_text), (4 bytes).
    Removing gd32f30x_it.o(.revsh_text), (4 bytes).
    Removing main.o(.rev16_text), (4 bytes).
    Removing main.o(.revsh_text), (4 bytes).
    Removing main.o(i.fputc), (36 bytes).
    Removing systick.o(.rev16_text), (4 bytes).
    Removing systick.o(.revsh_text), (4 bytes).
    Removing system_gd32f30x.o(.rev16_text), (4 bytes).
    Removing system_gd32f30x.o(.revsh_text), (4 bytes).
    Removing system_gd32f30x.o(i.SystemCoreClockUpdate), (192 bytes).
    Removing gd32f30x_adc.o(.rev16_text), (4 bytes).
    Removing gd32f30x_adc.o(.revsh_text), (4 bytes).
    Removing gd32f30x_adc.o(i.adc_calibration_enable), (30 bytes).
    Removing gd32f30x_adc.o(i.adc_channel_length_config), (58 bytes).
    Removing gd32f30x_adc.o(i.adc_disable), (10 bytes).
    Removing gd32f30x_adc.o(i.adc_discontinuous_mode_config), (60 bytes).
    Removing gd32f30x_adc.o(i.adc_dma_mode_disable), (10 bytes).
    Removing gd32f30x_adc.o(i.adc_dma_mode_enable), (10 bytes).
    Removing gd32f30x_adc.o(i.adc_enable), (16 bytes).
    Removing gd32f30x_adc.o(i.adc_external_trigger_config), (56 bytes).
    Removing gd32f30x_adc.o(i.adc_flag_clear), (6 bytes).
    Removing gd32f30x_adc.o(i.adc_flag_get), (14 bytes).
    Removing gd32f30x_adc.o(i.adc_inserted_channel_config), (80 bytes).
    Removing gd32f30x_adc.o(i.adc_inserted_channel_offset_config), (28 bytes).
    Removing gd32f30x_adc.o(i.adc_inserted_data_read), (38 bytes).
    Removing gd32f30x_adc.o(i.adc_interrupt_disable), (38 bytes).
    Removing gd32f30x_adc.o(i.adc_interrupt_enable), (38 bytes).
    Removing gd32f30x_adc.o(i.adc_interrupt_flag_clear), (6 bytes).
    Removing gd32f30x_adc.o(i.adc_interrupt_flag_get), (72 bytes).
    Removing gd32f30x_adc.o(i.adc_mode_config), (24 bytes).
    Removing gd32f30x_adc.o(i.adc_oversample_mode_config), (52 bytes).
    Removing gd32f30x_adc.o(i.adc_oversample_mode_disable), (12 bytes).
    Removing gd32f30x_adc.o(i.adc_oversample_mode_enable), (12 bytes).
    Removing gd32f30x_adc.o(i.adc_regular_channel_config), (126 bytes).
    Removing gd32f30x_adc.o(i.adc_regular_data_read), (6 bytes).
    Removing gd32f30x_adc.o(i.adc_resolution_config), (18 bytes).
    Removing gd32f30x_adc.o(i.adc_software_trigger_enable), (26 bytes).
    Removing gd32f30x_adc.o(i.adc_sync_mode_convert_value_read), (12 bytes).
    Removing gd32f30x_adc.o(i.adc_tempsensor_vrefint_disable), (16 bytes).
    Removing gd32f30x_adc.o(i.adc_tempsensor_vrefint_enable), (16 bytes).
    Removing gd32f30x_adc.o(i.adc_watchdog_disable), (16 bytes).
    Removing gd32f30x_adc.o(i.adc_watchdog_group_channel_enable), (56 bytes).
    Removing gd32f30x_adc.o(i.adc_watchdog_single_channel_enable), (32 bytes).
    Removing gd32f30x_adc.o(i.adc_watchdog_threshold_config), (14 bytes).
    Removing gd32f30x_bkp.o(.rev16_text), (4 bytes).
    Removing gd32f30x_bkp.o(.revsh_text), (4 bytes).
    Removing gd32f30x_bkp.o(i.bkp_deinit), (14 bytes).
    Removing gd32f30x_bkp.o(i.bkp_flag_clear), (16 bytes).
    Removing gd32f30x_bkp.o(i.bkp_flag_get), (20 bytes).
    Removing gd32f30x_bkp.o(i.bkp_interrupt_flag_clear), (16 bytes).
    Removing gd32f30x_bkp.o(i.bkp_interrupt_flag_get), (20 bytes).
    Removing gd32f30x_bkp.o(i.bkp_read_data), (44 bytes).
    Removing gd32f30x_bkp.o(i.bkp_rtc_calibration_output_disable), (16 bytes).
    Removing gd32f30x_bkp.o(i.bkp_rtc_calibration_output_enable), (16 bytes).
    Removing gd32f30x_bkp.o(i.bkp_rtc_calibration_value_set), (24 bytes).
    Removing gd32f30x_bkp.o(i.bkp_rtc_clock_calibration_direction), (20 bytes).
    Removing gd32f30x_bkp.o(i.bkp_rtc_clock_output_select), (20 bytes).
    Removing gd32f30x_bkp.o(i.bkp_rtc_output_select), (20 bytes).
    Removing gd32f30x_bkp.o(i.bkp_rtc_signal_output_disable), (16 bytes).
    Removing gd32f30x_bkp.o(i.bkp_rtc_signal_output_enable), (16 bytes).
    Removing gd32f30x_bkp.o(i.bkp_tamper_active_level_set), (20 bytes).
    Removing gd32f30x_bkp.o(i.bkp_tamper_detection_disable), (16 bytes).
    Removing gd32f30x_bkp.o(i.bkp_tamper_detection_enable), (16 bytes).
    Removing gd32f30x_bkp.o(i.bkp_tamper_interrupt_disable), (16 bytes).
    Removing gd32f30x_bkp.o(i.bkp_tamper_interrupt_enable), (16 bytes).
    Removing gd32f30x_bkp.o(i.bkp_write_data), (40 bytes).
    Removing gd32f30x_can.o(.rev16_text), (4 bytes).
    Removing gd32f30x_can.o(.revsh_text), (4 bytes).
    Removing gd32f30x_can.o(i.can1_filter_start_bank), (48 bytes).
    Removing gd32f30x_can.o(i.can_debug_freeze_disable), (28 bytes).
    Removing gd32f30x_can.o(i.can_debug_freeze_enable), (28 bytes).
    Removing gd32f30x_can.o(i.can_deinit), (36 bytes).
    Removing gd32f30x_can.o(i.can_error_get), (8 bytes).
    Removing gd32f30x_can.o(i.can_fifo_release), (30 bytes).
    Removing gd32f30x_can.o(i.can_filter_init), (216 bytes).
    Removing gd32f30x_can.o(i.can_flag_clear), (16 bytes).
    Removing gd32f30x_can.o(i.can_flag_get), (26 bytes).
    Removing gd32f30x_can.o(i.can_init), (276 bytes).
    Removing gd32f30x_can.o(i.can_interrupt_disable), (8 bytes).
    Removing gd32f30x_can.o(i.can_interrupt_enable), (8 bytes).
    Removing gd32f30x_can.o(i.can_interrupt_flag_clear), (16 bytes).
    Removing gd32f30x_can.o(i.can_interrupt_flag_get), (98 bytes).
    Removing gd32f30x_can.o(i.can_message_receive), (130 bytes).
    Removing gd32f30x_can.o(i.can_message_transmit), (178 bytes).
    Removing gd32f30x_can.o(i.can_receive_error_number_get), (6 bytes).
    Removing gd32f30x_can.o(i.can_receive_message_length_get), (28 bytes).
    Removing gd32f30x_can.o(i.can_struct_para_init), (130 bytes).
    Removing gd32f30x_can.o(i.can_time_trigger_mode_disable), (36 bytes).
    Removing gd32f30x_can.o(i.can_time_trigger_mode_enable), (36 bytes).
    Removing gd32f30x_can.o(i.can_transmission_stop), (60 bytes).
    Removing gd32f30x_can.o(i.can_transmit_error_number_get), (8 bytes).
    Removing gd32f30x_can.o(i.can_transmit_states), (100 bytes).
    Removing gd32f30x_can.o(i.can_wakeup), (40 bytes).
    Removing gd32f30x_can.o(i.can_working_mode_set), (146 bytes).
    Removing gd32f30x_crc.o(.rev16_text), (4 bytes).
    Removing gd32f30x_crc.o(.revsh_text), (4 bytes).
    Removing gd32f30x_crc.o(i.crc_block_data_calculate), (28 bytes).
    Removing gd32f30x_crc.o(i.crc_data_register_read), (12 bytes).
    Removing gd32f30x_crc.o(i.crc_data_register_reset), (16 bytes).
    Removing gd32f30x_crc.o(i.crc_deinit), (24 bytes).
    Removing gd32f30x_crc.o(i.crc_free_data_register_read), (12 bytes).
    Removing gd32f30x_crc.o(i.crc_free_data_register_write), (12 bytes).
    Removing gd32f30x_crc.o(i.crc_single_data_calculate), (12 bytes).
    Removing gd32f30x_ctc.o(.rev16_text), (4 bytes).
    Removing gd32f30x_ctc.o(.revsh_text), (4 bytes).
    Removing gd32f30x_ctc.o(i.ctc_clock_limit_value_config), (24 bytes).
    Removing gd32f30x_ctc.o(i.ctc_counter_capture_value_read), (12 bytes).
    Removing gd32f30x_ctc.o(i.ctc_counter_direction_read), (20 bytes).
    Removing gd32f30x_ctc.o(i.ctc_counter_disable), (16 bytes).
    Removing gd32f30x_ctc.o(i.ctc_counter_enable), (16 bytes).
    Removing gd32f30x_ctc.o(i.ctc_counter_reload_value_config), (24 bytes).
    Removing gd32f30x_ctc.o(i.ctc_counter_reload_value_read), (12 bytes).
    Removing gd32f30x_ctc.o(i.ctc_deinit), (22 bytes).
    Removing gd32f30x_ctc.o(i.ctc_flag_clear), (32 bytes).
    Removing gd32f30x_ctc.o(i.ctc_flag_get), (20 bytes).
    Removing gd32f30x_ctc.o(i.ctc_hardware_trim_mode_config), (24 bytes).
    Removing gd32f30x_ctc.o(i.ctc_interrupt_disable), (16 bytes).
    Removing gd32f30x_ctc.o(i.ctc_interrupt_enable), (16 bytes).
    Removing gd32f30x_ctc.o(i.ctc_interrupt_flag_clear), (32 bytes).
    Removing gd32f30x_ctc.o(i.ctc_interrupt_flag_get), (44 bytes).
    Removing gd32f30x_ctc.o(i.ctc_irc48m_trim_value_config), (24 bytes).
    Removing gd32f30x_ctc.o(i.ctc_irc48m_trim_value_read), (16 bytes).
    Removing gd32f30x_ctc.o(i.ctc_refsource_polarity_config), (24 bytes).
    Removing gd32f30x_ctc.o(i.ctc_refsource_prescaler_config), (24 bytes).
    Removing gd32f30x_ctc.o(i.ctc_refsource_signal_select), (24 bytes).
    Removing gd32f30x_ctc.o(i.ctc_software_refsource_pulse_generate), (16 bytes).
    Removing gd32f30x_dac.o(.rev16_text), (4 bytes).
    Removing gd32f30x_dac.o(.revsh_text), (4 bytes).
    Removing gd32f30x_dac.o(i.dac_concurrent_data_set), (34 bytes).
    Removing gd32f30x_dac.o(i.dac_concurrent_disable), (10 bytes).
    Removing gd32f30x_dac.o(i.dac_concurrent_enable), (10 bytes).
    Removing gd32f30x_dac.o(i.dac_concurrent_output_buffer_disable), (10 bytes).
    Removing gd32f30x_dac.o(i.dac_concurrent_output_buffer_enable), (10 bytes).
    Removing gd32f30x_dac.o(i.dac_concurrent_software_trigger_enable), (10 bytes).
    Removing gd32f30x_dac.o(i.dac_data_set), (52 bytes).
    Removing gd32f30x_dac.o(i.dac_deinit), (36 bytes).
    Removing gd32f30x_dac.o(i.dac_disable), (28 bytes).
    Removing gd32f30x_dac.o(i.dac_dma_disable), (28 bytes).
    Removing gd32f30x_dac.o(i.dac_dma_enable), (28 bytes).
    Removing gd32f30x_dac.o(i.dac_enable), (28 bytes).
    Removing gd32f30x_dac.o(i.dac_lfsr_noise_config), (42 bytes).
    Removing gd32f30x_dac.o(i.dac_output_buffer_disable), (28 bytes).
    Removing gd32f30x_dac.o(i.dac_output_buffer_enable), (28 bytes).
    Removing gd32f30x_dac.o(i.dac_output_value_get), (24 bytes).
    Removing gd32f30x_dac.o(i.dac_software_trigger_enable), (28 bytes).
    Removing gd32f30x_dac.o(i.dac_triangle_noise_config), (42 bytes).
    Removing gd32f30x_dac.o(i.dac_trigger_disable), (28 bytes).
    Removing gd32f30x_dac.o(i.dac_trigger_enable), (28 bytes).
    Removing gd32f30x_dac.o(i.dac_trigger_source_config), (42 bytes).
    Removing gd32f30x_dac.o(i.dac_wave_mode_config), (42 bytes).
    Removing gd32f30x_dbg.o(.rev16_text), (4 bytes).
    Removing gd32f30x_dbg.o(.revsh_text), (4 bytes).
    Removing gd32f30x_dbg.o(i.dbg_deinit), (12 bytes).
    Removing gd32f30x_dbg.o(i.dbg_id_get), (12 bytes).
    Removing gd32f30x_dbg.o(i.dbg_low_power_disable), (16 bytes).
    Removing gd32f30x_dbg.o(i.dbg_low_power_enable), (16 bytes).
    Removing gd32f30x_dbg.o(i.dbg_periph_disable), (28 bytes).
    Removing gd32f30x_dbg.o(i.dbg_periph_enable), (28 bytes).
    Removing gd32f30x_dbg.o(i.dbg_trace_pin_disable), (16 bytes).
    Removing gd32f30x_dbg.o(i.dbg_trace_pin_enable), (16 bytes).
    Removing gd32f30x_dma.o(.rev16_text), (4 bytes).
    Removing gd32f30x_dma.o(.revsh_text), (4 bytes).
    Removing gd32f30x_dma.o(i.dma_channel_disable), (36 bytes).
    Removing gd32f30x_dma.o(i.dma_channel_enable), (36 bytes).
    Removing gd32f30x_dma.o(i.dma_circulation_disable), (36 bytes).
    Removing gd32f30x_dma.o(i.dma_circulation_enable), (36 bytes).
    Removing gd32f30x_dma.o(i.dma_deinit), (58 bytes).
    Removing gd32f30x_dma.o(i.dma_flag_clear), (12 bytes).
    Removing gd32f30x_dma.o(i.dma_flag_get), (18 bytes).
    Removing gd32f30x_dma.o(i.dma_init), (134 bytes).
    Removing gd32f30x_dma.o(i.dma_interrupt_disable), (36 bytes).
    Removing gd32f30x_dma.o(i.dma_interrupt_enable), (36 bytes).
    Removing gd32f30x_dma.o(i.dma_interrupt_flag_clear), (12 bytes).
    Removing gd32f30x_dma.o(i.dma_interrupt_flag_get), (76 bytes).
    Removing gd32f30x_dma.o(i.dma_memory_address_config), (32 bytes).
    Removing gd32f30x_dma.o(i.dma_memory_increase_disable), (36 bytes).
    Removing gd32f30x_dma.o(i.dma_memory_increase_enable), (36 bytes).
    Removing gd32f30x_dma.o(i.dma_memory_to_memory_disable), (36 bytes).
    Removing gd32f30x_dma.o(i.dma_memory_to_memory_enable), (36 bytes).
    Removing gd32f30x_dma.o(i.dma_memory_width_config), (40 bytes).
    Removing gd32f30x_dma.o(i.dma_periph_address_config), (32 bytes).
    Removing gd32f30x_dma.o(i.dma_periph_and_channel_check), (24 bytes).
    Removing gd32f30x_dma.o(i.dma_periph_increase_disable), (36 bytes).
    Removing gd32f30x_dma.o(i.dma_periph_increase_enable), (36 bytes).
    Removing gd32f30x_dma.o(i.dma_periph_width_config), (40 bytes).
    Removing gd32f30x_dma.o(i.dma_priority_config), (40 bytes).
    Removing gd32f30x_dma.o(i.dma_struct_para_init), (28 bytes).
    Removing gd32f30x_dma.o(i.dma_transfer_direction_config), (50 bytes).
    Removing gd32f30x_dma.o(i.dma_transfer_number_config), (34 bytes).
    Removing gd32f30x_dma.o(i.dma_transfer_number_get), (30 bytes).
    Removing gd32f30x_enet.o(.rev16_text), (4 bytes).
    Removing gd32f30x_enet.o(.revsh_text), (4 bytes).
    Removing gd32f30x_exmc.o(.rev16_text), (4 bytes).
    Removing gd32f30x_exmc.o(.revsh_text), (4 bytes).
    Removing gd32f30x_exmc.o(i.exmc_ecc_get), (10 bytes).
    Removing gd32f30x_exmc.o(i.exmc_flag_clear), (14 bytes).
    Removing gd32f30x_exmc.o(i.exmc_flag_get), (20 bytes).
    Removing gd32f30x_exmc.o(i.exmc_interrupt_disable), (14 bytes).
    Removing gd32f30x_exmc.o(i.exmc_interrupt_enable), (14 bytes).
    Removing gd32f30x_exmc.o(i.exmc_interrupt_flag_clear), (16 bytes).
    Removing gd32f30x_exmc.o(i.exmc_interrupt_flag_get), (28 bytes).
    Removing gd32f30x_exmc.o(i.exmc_nand_deinit), (24 bytes).
    Removing gd32f30x_exmc.o(i.exmc_nand_disable), (16 bytes).
    Removing gd32f30x_exmc.o(i.exmc_nand_ecc_config), (30 bytes).
    Removing gd32f30x_exmc.o(i.exmc_nand_enable), (16 bytes).
    Removing gd32f30x_exmc.o(i.exmc_nand_init), (132 bytes).
    Removing gd32f30x_exmc.o(i.exmc_nand_struct_para_init), (54 bytes).
    Removing gd32f30x_exmc.o(i.exmc_norsram_deinit), (40 bytes).
    Removing gd32f30x_exmc.o(i.exmc_norsram_disable), (16 bytes).
    Removing gd32f30x_exmc.o(i.exmc_norsram_enable), (16 bytes).
    Removing gd32f30x_exmc.o(i.exmc_norsram_init), (256 bytes).
    Removing gd32f30x_exmc.o(i.exmc_norsram_page_size_config), (22 bytes).
    Removing gd32f30x_exmc.o(i.exmc_norsram_struct_para_init), (90 bytes).
    Removing gd32f30x_exmc.o(i.exmc_pccard_deinit), (28 bytes).
    Removing gd32f30x_exmc.o(i.exmc_pccard_disable), (16 bytes).
    Removing gd32f30x_exmc.o(i.exmc_pccard_enable), (16 bytes).
    Removing gd32f30x_exmc.o(i.exmc_pccard_init), (132 bytes).
    Removing gd32f30x_exmc.o(i.exmc_pccard_struct_para_init), (60 bytes).
    Removing gd32f30x_exti.o(.rev16_text), (4 bytes).
    Removing gd32f30x_exti.o(.revsh_text), (4 bytes).
    Removing gd32f30x_exti.o(i.exti_deinit), (28 bytes).
    Removing gd32f30x_exti.o(i.exti_event_disable), (16 bytes).
    Removing gd32f30x_exti.o(i.exti_event_enable), (16 bytes).
    Removing gd32f30x_exti.o(i.exti_flag_clear), (12 bytes).
    Removing gd32f30x_exti.o(i.exti_flag_get), (20 bytes).
    Removing gd32f30x_exti.o(i.exti_init), (116 bytes).
    Removing gd32f30x_exti.o(i.exti_interrupt_disable), (16 bytes).
    Removing gd32f30x_exti.o(i.exti_interrupt_enable), (16 bytes).
    Removing gd32f30x_exti.o(i.exti_interrupt_flag_clear), (12 bytes).
    Removing gd32f30x_exti.o(i.exti_interrupt_flag_get), (20 bytes).
    Removing gd32f30x_exti.o(i.exti_software_interrupt_disable), (16 bytes).
    Removing gd32f30x_exti.o(i.exti_software_interrupt_enable), (16 bytes).
    Removing gd32f30x_fmc.o(.rev16_text), (4 bytes).
    Removing gd32f30x_fmc.o(.revsh_text), (4 bytes).
    Removing gd32f30x_fmc.o(i.fmc_bank0_erase), (56 bytes).
    Removing gd32f30x_fmc.o(i.fmc_bank0_lock), (16 bytes).
    Removing gd32f30x_fmc.o(i.fmc_bank0_ready_wait), (26 bytes).
    Removing gd32f30x_fmc.o(i.fmc_bank0_state_get), (40 bytes).
    Removing gd32f30x_fmc.o(i.fmc_bank0_unlock), (32 bytes).
    Removing gd32f30x_fmc.o(i.fmc_bank1_erase), (56 bytes).
    Removing gd32f30x_fmc.o(i.fmc_bank1_lock), (16 bytes).
    Removing gd32f30x_fmc.o(i.fmc_bank1_ready_wait), (26 bytes).
    Removing gd32f30x_fmc.o(i.fmc_bank1_state_get), (40 bytes).
    Removing gd32f30x_fmc.o(i.fmc_bank1_unlock), (32 bytes).
    Removing gd32f30x_fmc.o(i.fmc_flag_clear), (28 bytes).
    Removing gd32f30x_fmc.o(i.fmc_flag_get), (32 bytes).
    Removing gd32f30x_fmc.o(i.fmc_halfword_program), (152 bytes).
    Removing gd32f30x_fmc.o(i.fmc_interrupt_disable), (28 bytes).
    Removing gd32f30x_fmc.o(i.fmc_interrupt_enable), (28 bytes).
    Removing gd32f30x_fmc.o(i.fmc_interrupt_flag_clear), (28 bytes).
    Removing gd32f30x_fmc.o(i.fmc_interrupt_flag_get), (72 bytes).
    Removing gd32f30x_fmc.o(i.fmc_lock), (40 bytes).
    Removing gd32f30x_fmc.o(i.fmc_mass_erase), (156 bytes).
    Removing gd32f30x_fmc.o(i.fmc_page_erase), (192 bytes).
    Removing gd32f30x_fmc.o(i.fmc_unlock), (56 bytes).
    Removing gd32f30x_fmc.o(i.fmc_word_program), (152 bytes).
    Removing gd32f30x_fmc.o(i.fmc_word_reprogram), (188 bytes).
    Removing gd32f30x_fmc.o(i.fmc_wscnt_set), (20 bytes).
    Removing gd32f30x_fmc.o(i.ob_data_get), (16 bytes).
    Removing gd32f30x_fmc.o(i.ob_data_program), (60 bytes).
    Removing gd32f30x_fmc.o(i.ob_erase), (124 bytes).
    Removing gd32f30x_fmc.o(i.ob_lock), (16 bytes).
    Removing gd32f30x_fmc.o(i.ob_security_protection_config), (108 bytes).
    Removing gd32f30x_fmc.o(i.ob_spc_get), (20 bytes).
    Removing gd32f30x_fmc.o(i.ob_unlock), (32 bytes).
    Removing gd32f30x_fmc.o(i.ob_user_get), (16 bytes).
    Removing gd32f30x_fmc.o(i.ob_user_write), (88 bytes).
    Removing gd32f30x_fmc.o(i.ob_write_protection_enable), (140 bytes).
    Removing gd32f30x_fmc.o(i.ob_write_protection_get), (12 bytes).
    Removing gd32f30x_fwdgt.o(.rev16_text), (4 bytes).
    Removing gd32f30x_fwdgt.o(.revsh_text), (4 bytes).
    Removing gd32f30x_fwdgt.o(i.fwdgt_config), (80 bytes).
    Removing gd32f30x_fwdgt.o(i.fwdgt_counter_reload), (16 bytes).
    Removing gd32f30x_fwdgt.o(i.fwdgt_enable), (16 bytes).
    Removing gd32f30x_fwdgt.o(i.fwdgt_flag_get), (20 bytes).
    Removing gd32f30x_fwdgt.o(i.fwdgt_prescaler_value_config), (44 bytes).
    Removing gd32f30x_fwdgt.o(i.fwdgt_reload_value_config), (48 bytes).
    Removing gd32f30x_fwdgt.o(i.fwdgt_write_disable), (12 bytes).
    Removing gd32f30x_fwdgt.o(i.fwdgt_write_enable), (16 bytes).
    Removing gd32f30x_gpio.o(.rev16_text), (4 bytes).
    Removing gd32f30x_gpio.o(.revsh_text), (4 bytes).
    Removing gd32f30x_gpio.o(i.gpio_afio_deinit), (22 bytes).
    Removing gd32f30x_gpio.o(i.gpio_bit_set), (4 bytes).
    Removing gd32f30x_gpio.o(i.gpio_compensation_config), (20 bytes).
    Removing gd32f30x_gpio.o(i.gpio_compensation_flag_get), (20 bytes).
    Removing gd32f30x_gpio.o(i.gpio_deinit), (196 bytes).
    Removing gd32f30x_gpio.o(i.gpio_event_output_config), (24 bytes).
    Removing gd32f30x_gpio.o(i.gpio_event_output_disable), (16 bytes).
    Removing gd32f30x_gpio.o(i.gpio_event_output_enable), (16 bytes).
    Removing gd32f30x_gpio.o(i.gpio_exti_source_select), (88 bytes).
    Removing gd32f30x_gpio.o(i.gpio_input_port_get), (6 bytes).
    Removing gd32f30x_gpio.o(i.gpio_output_bit_get), (14 bytes).
    Removing gd32f30x_gpio.o(i.gpio_output_port_get), (6 bytes).
    Removing gd32f30x_gpio.o(i.gpio_pin_lock), (16 bytes).
    Removing gd32f30x_gpio.o(i.gpio_pin_remap_config), (92 bytes).
    Removing gd32f30x_gpio.o(i.gpio_port_write), (4 bytes).
    Removing gd32f30x_i2c.o(.rev16_text), (4 bytes).
    Removing gd32f30x_i2c.o(.revsh_text), (4 bytes).
    Removing gd32f30x_i2c.o(i.i2c_ack_config), (12 bytes).
    Removing gd32f30x_i2c.o(i.i2c_ackpos_config), (12 bytes).
    Removing gd32f30x_i2c.o(i.i2c_clock_config), (272 bytes).
    Removing gd32f30x_i2c.o(i.i2c_data_receive), (6 bytes).
    Removing gd32f30x_i2c.o(i.i2c_data_transmit), (4 bytes).
    Removing gd32f30x_i2c.o(i.i2c_deinit), (60 bytes).
    Removing gd32f30x_i2c.o(i.i2c_disable), (10 bytes).
    Removing gd32f30x_i2c.o(i.i2c_dma_config), (12 bytes).
    Removing gd32f30x_i2c.o(i.i2c_dma_last_transfer_config), (12 bytes).
    Removing gd32f30x_i2c.o(i.i2c_dualaddr_disable), (10 bytes).
    Removing gd32f30x_i2c.o(i.i2c_dualaddr_enable), (12 bytes).
    Removing gd32f30x_i2c.o(i.i2c_enable), (10 bytes).
    Removing gd32f30x_i2c.o(i.i2c_flag_clear), (34 bytes).
    Removing gd32f30x_i2c.o(i.i2c_flag_get), (26 bytes).
    Removing gd32f30x_i2c.o(i.i2c_interrupt_disable), (20 bytes).
    Removing gd32f30x_i2c.o(i.i2c_interrupt_enable), (20 bytes).
    Removing gd32f30x_i2c.o(i.i2c_interrupt_flag_clear), (36 bytes).
    Removing gd32f30x_i2c.o(i.i2c_interrupt_flag_get), (84 bytes).
    Removing gd32f30x_i2c.o(i.i2c_master_addressing), (18 bytes).
    Removing gd32f30x_i2c.o(i.i2c_mode_addr_config), (22 bytes).
    Removing gd32f30x_i2c.o(i.i2c_pec_config), (12 bytes).
    Removing gd32f30x_i2c.o(i.i2c_pec_transfer_config), (12 bytes).
    Removing gd32f30x_i2c.o(i.i2c_pec_value_get), (8 bytes).
    Removing gd32f30x_i2c.o(i.i2c_slave_response_to_gcall_config), (12 bytes).
    Removing gd32f30x_i2c.o(i.i2c_smbus_alert_config), (12 bytes).
    Removing gd32f30x_i2c.o(i.i2c_smbus_arp_config), (12 bytes).
    Removing gd32f30x_i2c.o(i.i2c_smbus_type_config), (24 bytes).
    Removing gd32f30x_i2c.o(i.i2c_software_reset_config), (12 bytes).
    Removing gd32f30x_i2c.o(i.i2c_start_on_bus), (10 bytes).
    Removing gd32f30x_i2c.o(i.i2c_stop_on_bus), (10 bytes).
    Removing gd32f30x_i2c.o(i.i2c_stretch_scl_low_config), (12 bytes).
    Removing gd32f30x_misc.o(.rev16_text), (4 bytes).
    Removing gd32f30x_misc.o(.revsh_text), (4 bytes).
    Removing gd32f30x_misc.o(i.nvic_irq_disable), (22 bytes).
    Removing gd32f30x_misc.o(i.nvic_irq_enable), (156 bytes).
    Removing gd32f30x_misc.o(i.nvic_priority_group_set), (20 bytes).
    Removing gd32f30x_misc.o(i.nvic_vector_table_set), (24 bytes).
    Removing gd32f30x_misc.o(i.system_lowpower_reset), (16 bytes).
    Removing gd32f30x_misc.o(i.system_lowpower_set), (16 bytes).
    Removing gd32f30x_misc.o(i.systick_clksource_set), (28 bytes).
    Removing gd32f30x_pmu.o(.rev16_text), (4 bytes).
    Removing gd32f30x_pmu.o(.revsh_text), (4 bytes).
    Removing gd32f30x_pmu.o(i.pmu_backup_write_disable), (16 bytes).
    Removing gd32f30x_pmu.o(i.pmu_backup_write_enable), (16 bytes).
    Removing gd32f30x_pmu.o(i.pmu_deinit), (22 bytes).
    Removing gd32f30x_pmu.o(i.pmu_flag_clear), (36 bytes).
    Removing gd32f30x_pmu.o(i.pmu_flag_get), (20 bytes).
    Removing gd32f30x_pmu.o(i.pmu_highdriver_mode_disable), (16 bytes).
    Removing gd32f30x_pmu.o(i.pmu_highdriver_mode_enable), (16 bytes).
    Removing gd32f30x_pmu.o(i.pmu_highdriver_switch_select), (40 bytes).
    Removing gd32f30x_pmu.o(i.pmu_ldo_output_select), (24 bytes).
    Removing gd32f30x_pmu.o(i.pmu_lowdriver_mode_disable), (16 bytes).
    Removing gd32f30x_pmu.o(i.pmu_lowdriver_mode_enable), (16 bytes).
    Removing gd32f30x_pmu.o(i.pmu_lowpower_driver_config), (24 bytes).
    Removing gd32f30x_pmu.o(i.pmu_lvd_disable), (16 bytes).
    Removing gd32f30x_pmu.o(i.pmu_lvd_select), (40 bytes).
    Removing gd32f30x_pmu.o(i.pmu_normalpower_driver_config), (24 bytes).
    Removing gd32f30x_pmu.o(i.pmu_to_deepsleepmode), (188 bytes).
    Removing gd32f30x_pmu.o(i.pmu_to_sleepmode), (28 bytes).
    Removing gd32f30x_pmu.o(i.pmu_to_standbymode), (80 bytes).
    Removing gd32f30x_pmu.o(i.pmu_wakeup_pin_disable), (16 bytes).
    Removing gd32f30x_pmu.o(i.pmu_wakeup_pin_enable), (16 bytes).
    Removing gd32f30x_pmu.o(.bss), (16 bytes).
    Removing gd32f30x_rcu.o(.rev16_text), (4 bytes).
    Removing gd32f30x_rcu.o(.revsh_text), (4 bytes).
    Removing gd32f30x_rcu.o(i.rcu_ahb_clock_config), (20 bytes).
    Removing gd32f30x_rcu.o(i.rcu_all_reset_flag_clear), (16 bytes).
    Removing gd32f30x_rcu.o(i.rcu_apb1_clock_config), (20 bytes).
    Removing gd32f30x_rcu.o(i.rcu_apb2_clock_config), (20 bytes).
    Removing gd32f30x_rcu.o(i.rcu_bkp_reset_disable), (16 bytes).
    Removing gd32f30x_rcu.o(i.rcu_bkp_reset_enable), (16 bytes).
    Removing gd32f30x_rcu.o(i.rcu_ck48m_clock_config), (20 bytes).
    Removing gd32f30x_rcu.o(i.rcu_ckout0_config), (20 bytes).
    Removing gd32f30x_rcu.o(i.rcu_deepsleep_voltage_set), (16 bytes).
    Removing gd32f30x_rcu.o(i.rcu_deinit), (92 bytes).
    Removing gd32f30x_rcu.o(i.rcu_flag_get), (32 bytes).
    Removing gd32f30x_rcu.o(i.rcu_hxtal_clock_monitor_disable), (16 bytes).
    Removing gd32f30x_rcu.o(i.rcu_hxtal_clock_monitor_enable), (16 bytes).
    Removing gd32f30x_rcu.o(i.rcu_interrupt_disable), (28 bytes).
    Removing gd32f30x_rcu.o(i.rcu_interrupt_enable), (28 bytes).
    Removing gd32f30x_rcu.o(i.rcu_interrupt_flag_clear), (28 bytes).
    Removing gd32f30x_rcu.o(i.rcu_interrupt_flag_get), (32 bytes).
    Removing gd32f30x_rcu.o(i.rcu_irc8m_adjust_value_set), (24 bytes).
    Removing gd32f30x_rcu.o(i.rcu_lxtal_drive_capability_config), (20 bytes).
    Removing gd32f30x_rcu.o(i.rcu_osci_bypass_mode_disable), (72 bytes).
    Removing gd32f30x_rcu.o(i.rcu_osci_bypass_mode_enable), (72 bytes).
    Removing gd32f30x_rcu.o(i.rcu_osci_off), (28 bytes).
    Removing gd32f30x_rcu.o(i.rcu_osci_on), (28 bytes).
    Removing gd32f30x_rcu.o(i.rcu_osci_stab_wait), (244 bytes).
    Removing gd32f30x_rcu.o(i.rcu_periph_clock_disable), (28 bytes).
    Removing gd32f30x_rcu.o(i.rcu_periph_clock_sleep_disable), (28 bytes).
    Removing gd32f30x_rcu.o(i.rcu_periph_clock_sleep_enable), (28 bytes).
    Removing gd32f30x_rcu.o(i.rcu_pll_config), (28 bytes).
    Removing gd32f30x_rcu.o(i.rcu_pllpresel_config), (20 bytes).
    Removing gd32f30x_rcu.o(i.rcu_predv0_config), (24 bytes).
    Removing gd32f30x_rcu.o(i.rcu_rtc_clock_config), (20 bytes).
    Removing gd32f30x_rcu.o(i.rcu_system_clock_source_config), (20 bytes).
    Removing gd32f30x_rcu.o(i.rcu_system_clock_source_get), (16 bytes).
    Removing gd32f30x_rcu.o(i.rcu_usb_clock_config), (20 bytes).
    Removing gd32f30x_rtc.o(.rev16_text), (4 bytes).
    Removing gd32f30x_rtc.o(.revsh_text), (4 bytes).
    Removing gd32f30x_rtc.o(i.rtc_alarm_config), (32 bytes).
    Removing gd32f30x_rtc.o(i.rtc_configuration_mode_enter), (16 bytes).
    Removing gd32f30x_rtc.o(i.rtc_configuration_mode_exit), (16 bytes).
    Removing gd32f30x_rtc.o(i.rtc_counter_get), (20 bytes).
    Removing gd32f30x_rtc.o(i.rtc_counter_set), (32 bytes).
    Removing gd32f30x_rtc.o(i.rtc_divider_get), (24 bytes).
    Removing gd32f30x_rtc.o(i.rtc_flag_clear), (16 bytes).
    Removing gd32f30x_rtc.o(i.rtc_flag_get), (20 bytes).
    Removing gd32f30x_rtc.o(i.rtc_interrupt_disable), (16 bytes).
    Removing gd32f30x_rtc.o(i.rtc_interrupt_enable), (16 bytes).
    Removing gd32f30x_rtc.o(i.rtc_lwoff_wait), (16 bytes).
    Removing gd32f30x_rtc.o(i.rtc_prescaler_set), (36 bytes).
    Removing gd32f30x_rtc.o(i.rtc_register_sync_wait), (24 bytes).
    Removing gd32f30x_sdio.o(.rev16_text), (4 bytes).
    Removing gd32f30x_sdio.o(.revsh_text), (4 bytes).
    Removing gd32f30x_sdio.o(i.sdio_bus_mode_set), (24 bytes).
    Removing gd32f30x_sdio.o(i.sdio_ceata_command_completion_disable), (16 bytes).
    Removing gd32f30x_sdio.o(i.sdio_ceata_command_completion_enable), (16 bytes).
    Removing gd32f30x_sdio.o(i.sdio_ceata_command_disable), (16 bytes).
    Removing gd32f30x_sdio.o(i.sdio_ceata_command_enable), (16 bytes).
    Removing gd32f30x_sdio.o(i.sdio_ceata_interrupt_disable), (16 bytes).
    Removing gd32f30x_sdio.o(i.sdio_ceata_interrupt_enable), (16 bytes).
    Removing gd32f30x_sdio.o(i.sdio_clock_config), (44 bytes).
    Removing gd32f30x_sdio.o(i.sdio_clock_disable), (16 bytes).
    Removing gd32f30x_sdio.o(i.sdio_clock_enable), (16 bytes).
    Removing gd32f30x_sdio.o(i.sdio_command_index_get), (12 bytes).
    Removing gd32f30x_sdio.o(i.sdio_command_response_config), (32 bytes).
    Removing gd32f30x_sdio.o(i.sdio_csm_disable), (16 bytes).
    Removing gd32f30x_sdio.o(i.sdio_csm_enable), (16 bytes).
    Removing gd32f30x_sdio.o(i.sdio_data_config), (44 bytes).
    Removing gd32f30x_sdio.o(i.sdio_data_counter_get), (12 bytes).
    Removing gd32f30x_sdio.o(i.sdio_data_read), (12 bytes).
    Removing gd32f30x_sdio.o(i.sdio_data_transfer_config), (20 bytes).
    Removing gd32f30x_sdio.o(i.sdio_data_write), (12 bytes).
    Removing gd32f30x_sdio.o(i.sdio_deinit), (28 bytes).
    Removing gd32f30x_sdio.o(i.sdio_dma_disable), (16 bytes).
    Removing gd32f30x_sdio.o(i.sdio_dma_enable), (16 bytes).
    Removing gd32f30x_sdio.o(i.sdio_dsm_disable), (16 bytes).
    Removing gd32f30x_sdio.o(i.sdio_dsm_enable), (16 bytes).
    Removing gd32f30x_sdio.o(i.sdio_fifo_counter_get), (12 bytes).
    Removing gd32f30x_sdio.o(i.sdio_flag_clear), (12 bytes).
    Removing gd32f30x_sdio.o(i.sdio_flag_get), (20 bytes).
    Removing gd32f30x_sdio.o(i.sdio_hardware_clock_disable), (16 bytes).
    Removing gd32f30x_sdio.o(i.sdio_hardware_clock_enable), (16 bytes).
    Removing gd32f30x_sdio.o(i.sdio_interrupt_disable), (16 bytes).
    Removing gd32f30x_sdio.o(i.sdio_interrupt_enable), (16 bytes).
    Removing gd32f30x_sdio.o(i.sdio_interrupt_flag_clear), (12 bytes).
    Removing gd32f30x_sdio.o(i.sdio_interrupt_flag_get), (20 bytes).
    Removing gd32f30x_sdio.o(i.sdio_operation_disable), (16 bytes).
    Removing gd32f30x_sdio.o(i.sdio_operation_enable), (16 bytes).
    Removing gd32f30x_sdio.o(i.sdio_power_state_get), (12 bytes).
    Removing gd32f30x_sdio.o(i.sdio_power_state_set), (12 bytes).
    Removing gd32f30x_sdio.o(i.sdio_readwait_disable), (16 bytes).
    Removing gd32f30x_sdio.o(i.sdio_readwait_enable), (16 bytes).
    Removing gd32f30x_sdio.o(i.sdio_readwait_type_set), (32 bytes).
    Removing gd32f30x_sdio.o(i.sdio_response_get), (44 bytes).
    Removing gd32f30x_sdio.o(i.sdio_stop_readwait_disable), (16 bytes).
    Removing gd32f30x_sdio.o(i.sdio_stop_readwait_enable), (16 bytes).
    Removing gd32f30x_sdio.o(i.sdio_suspend_disable), (16 bytes).
    Removing gd32f30x_sdio.o(i.sdio_suspend_enable), (16 bytes).
    Removing gd32f30x_sdio.o(i.sdio_wait_type_set), (24 bytes).
    Removing gd32f30x_spi.o(.rev16_text), (4 bytes).
    Removing gd32f30x_spi.o(.revsh_text), (4 bytes).
    Removing gd32f30x_spi.o(i.i2s_disable), (10 bytes).
    Removing gd32f30x_spi.o(i.i2s_enable), (10 bytes).
    Removing gd32f30x_spi.o(i.i2s_init), (24 bytes).
    Removing gd32f30x_spi.o(i.i2s_psc_config), (128 bytes).
    Removing gd32f30x_spi.o(i.spi_bidirectional_transfer_config), (26 bytes).
    Removing gd32f30x_spi.o(i.spi_crc_error_clear), (8 bytes).
    Removing gd32f30x_spi.o(i.spi_crc_get), (16 bytes).
    Removing gd32f30x_spi.o(i.spi_crc_next), (10 bytes).
    Removing gd32f30x_spi.o(i.spi_crc_off), (10 bytes).
    Removing gd32f30x_spi.o(i.spi_crc_on), (10 bytes).
    Removing gd32f30x_spi.o(i.spi_crc_polynomial_get), (6 bytes).
    Removing gd32f30x_spi.o(i.spi_crc_polynomial_set), (4 bytes).
    Removing gd32f30x_spi.o(i.spi_disable), (10 bytes).
    Removing gd32f30x_spi.o(i.spi_dma_disable), (24 bytes).
    Removing gd32f30x_spi.o(i.spi_dma_enable), (24 bytes).
    Removing gd32f30x_spi.o(i.spi_enable), (10 bytes).
    Removing gd32f30x_spi.o(i.spi_i2s_data_frame_format_config), (16 bytes).
    Removing gd32f30x_spi.o(i.spi_i2s_data_receive), (6 bytes).
    Removing gd32f30x_spi.o(i.spi_i2s_data_transmit), (4 bytes).
    Removing gd32f30x_spi.o(i.spi_i2s_deinit), (88 bytes).
    Removing gd32f30x_spi.o(i.spi_i2s_flag_get), (14 bytes).
    Removing gd32f30x_spi.o(i.spi_i2s_format_error_clear), (6 bytes).
    Removing gd32f30x_spi.o(i.spi_i2s_interrupt_disable), (42 bytes).
    Removing gd32f30x_spi.o(i.spi_i2s_interrupt_enable), (42 bytes).
    Removing gd32f30x_spi.o(i.spi_i2s_interrupt_flag_get), (100 bytes).
    Removing gd32f30x_spi.o(i.spi_init), (46 bytes).
    Removing gd32f30x_spi.o(i.spi_nss_internal_high), (10 bytes).
    Removing gd32f30x_spi.o(i.spi_nss_internal_low), (10 bytes).
    Removing gd32f30x_spi.o(i.spi_nss_output_disable), (10 bytes).
    Removing gd32f30x_spi.o(i.spi_nss_output_enable), (10 bytes).
    Removing gd32f30x_spi.o(i.spi_nssp_mode_disable), (10 bytes).
    Removing gd32f30x_spi.o(i.spi_nssp_mode_enable), (10 bytes).
    Removing gd32f30x_spi.o(i.spi_quad_disable), (12 bytes).
    Removing gd32f30x_spi.o(i.spi_quad_enable), (12 bytes).
    Removing gd32f30x_spi.o(i.spi_quad_io23_output_disable), (12 bytes).
    Removing gd32f30x_spi.o(i.spi_quad_io23_output_enable), (12 bytes).
    Removing gd32f30x_spi.o(i.spi_quad_read_enable), (12 bytes).
    Removing gd32f30x_spi.o(i.spi_quad_write_enable), (12 bytes).
    Removing gd32f30x_spi.o(i.spi_struct_para_init), (18 bytes).
    Removing gd32f30x_spi.o(i.spi_ti_mode_disable), (10 bytes).
    Removing gd32f30x_spi.o(i.spi_ti_mode_enable), (10 bytes).
    Removing gd32f30x_timer.o(.rev16_text), (4 bytes).
    Removing gd32f30x_timer.o(.revsh_text), (4 bytes).
    Removing gd32f30x_timer.o(i.timer_auto_reload_shadow_disable), (10 bytes).
    Removing gd32f30x_timer.o(i.timer_automatic_output_disable), (10 bytes).
    Removing gd32f30x_timer.o(i.timer_automatic_output_enable), (10 bytes).
    Removing gd32f30x_timer.o(i.timer_autoreload_value_config), (4 bytes).
    Removing gd32f30x_timer.o(i.timer_break_disable), (10 bytes).
    Removing gd32f30x_timer.o(i.timer_break_enable), (10 bytes).
    Removing gd32f30x_timer.o(i.timer_break_struct_para_init), (18 bytes).
    Removing gd32f30x_timer.o(i.timer_channel_capture_value_register_read), (36 bytes).
    Removing gd32f30x_timer.o(i.timer_channel_complementary_output_polarity_config), (64 bytes).
    Removing gd32f30x_timer.o(i.timer_channel_control_shadow_config), (24 bytes).
    Removing gd32f30x_timer.o(i.timer_channel_control_shadow_update_config), (28 bytes).
    Removing gd32f30x_timer.o(i.timer_channel_dma_request_source_select), (28 bytes).
    Removing gd32f30x_timer.o(i.timer_channel_input_capture_prescaler_config), (84 bytes).
    Removing gd32f30x_timer.o(i.timer_channel_input_struct_para_init), (14 bytes).
    Removing gd32f30x_timer.o(i.timer_channel_output_clear_config), (84 bytes).
    Removing gd32f30x_timer.o(i.timer_channel_output_fast_config), (84 bytes).
    Removing gd32f30x_timer.o(i.timer_channel_output_polarity_config), (86 bytes).
    Removing gd32f30x_timer.o(i.timer_channel_output_struct_para_init), (16 bytes).
    Removing gd32f30x_timer.o(i.timer_counter_alignment), (16 bytes).
    Removing gd32f30x_timer.o(i.timer_counter_down_direction), (10 bytes).
    Removing gd32f30x_timer.o(i.timer_counter_read), (4 bytes).
    Removing gd32f30x_timer.o(i.timer_counter_up_direction), (10 bytes).
    Removing gd32f30x_timer.o(i.timer_disable), (10 bytes).
    Removing gd32f30x_timer.o(i.timer_dma_disable), (8 bytes).
    Removing gd32f30x_timer.o(i.timer_dma_enable), (8 bytes).
    Removing gd32f30x_timer.o(i.timer_dma_transfer_config), (22 bytes).
    Removing gd32f30x_timer.o(i.timer_external_clock_mode0_config), (28 bytes).
    Removing gd32f30x_timer.o(i.timer_external_clock_mode1_config), (20 bytes).
    Removing gd32f30x_timer.o(i.timer_external_clock_mode1_disable), (10 bytes).
    Removing gd32f30x_timer.o(i.timer_external_trigger_as_external_clock_config), (160 bytes).
    Removing gd32f30x_timer.o(i.timer_external_trigger_config), (28 bytes).
    Removing gd32f30x_timer.o(i.timer_flag_clear), (6 bytes).
    Removing gd32f30x_timer.o(i.timer_flag_get), (14 bytes).
    Removing gd32f30x_timer.o(i.timer_hall_mode_config), (28 bytes).
    Removing gd32f30x_timer.o(i.timer_input_capture_config), (308 bytes).
    Removing gd32f30x_timer.o(i.timer_input_pwm_capture_config), (346 bytes).
    Removing gd32f30x_timer.o(i.timer_internal_clock_config), (10 bytes).
    Removing gd32f30x_timer.o(i.timer_internal_trigger_as_external_clock_config), (28 bytes).
    Removing gd32f30x_timer.o(i.timer_interrupt_disable), (8 bytes).
    Removing gd32f30x_timer.o(i.timer_interrupt_enable), (8 bytes).
    Removing gd32f30x_timer.o(i.timer_interrupt_flag_clear), (6 bytes).
    Removing gd32f30x_timer.o(i.timer_interrupt_flag_get), (20 bytes).
    Removing gd32f30x_timer.o(i.timer_master_slave_mode_config), (28 bytes).
    Removing gd32f30x_timer.o(i.timer_output_value_selection_config), (32 bytes).
    Removing gd32f30x_timer.o(i.timer_prescaler_config), (16 bytes).
    Removing gd32f30x_timer.o(i.timer_prescaler_read), (6 bytes).
    Removing gd32f30x_timer.o(i.timer_quadrature_decoder_mode_config), (64 bytes).
    Removing gd32f30x_timer.o(i.timer_repetition_value_config), (4 bytes).
    Removing gd32f30x_timer.o(i.timer_single_pulse_mode_config), (28 bytes).
    Removing gd32f30x_timer.o(i.timer_struct_para_init), (20 bytes).
    Removing gd32f30x_timer.o(i.timer_update_event_disable), (10 bytes).
    Removing gd32f30x_timer.o(i.timer_update_event_enable), (10 bytes).
    Removing gd32f30x_timer.o(i.timer_update_source_config), (28 bytes).
    Removing gd32f30x_timer.o(i.timer_write_chxval_register_config), (32 bytes).
    Removing gd32f30x_usart.o(.rev16_text), (4 bytes).
    Removing gd32f30x_usart.o(.revsh_text), (4 bytes).
    Removing gd32f30x_usart.o(i.usart_address_config), (20 bytes).
    Removing gd32f30x_usart.o(i.usart_block_length_config), (20 bytes).
    Removing gd32f30x_usart.o(i.usart_data_first_config), (18 bytes).
    Removing gd32f30x_usart.o(i.usart_data_receive), (8 bytes).
    Removing gd32f30x_usart.o(i.usart_data_transmit), (8 bytes).
    Removing gd32f30x_usart.o(i.usart_disable), (10 bytes).
    Removing gd32f30x_usart.o(i.usart_dma_receive_config), (20 bytes).
    Removing gd32f30x_usart.o(i.usart_dma_transmit_config), (20 bytes).
    Removing gd32f30x_usart.o(i.usart_flag_clear), (18 bytes).
    Removing gd32f30x_usart.o(i.usart_flag_get), (26 bytes).
    Removing gd32f30x_usart.o(i.usart_guard_time_config), (18 bytes).
    Removing gd32f30x_usart.o(i.usart_halfduplex_disable), (10 bytes).
    Removing gd32f30x_usart.o(i.usart_halfduplex_enable), (10 bytes).
    Removing gd32f30x_usart.o(i.usart_hardware_flow_cts_config), (20 bytes).
    Removing gd32f30x_usart.o(i.usart_hardware_flow_rts_config), (20 bytes).
    Removing gd32f30x_usart.o(i.usart_interrupt_disable), (20 bytes).
    Removing gd32f30x_usart.o(i.usart_interrupt_enable), (20 bytes).
    Removing gd32f30x_usart.o(i.usart_interrupt_flag_clear), (18 bytes).
    Removing gd32f30x_usart.o(i.usart_interrupt_flag_get), (50 bytes).
    Removing gd32f30x_usart.o(i.usart_invert_config), (86 bytes).
    Removing gd32f30x_usart.o(i.usart_irda_lowpower_config), (20 bytes).
    Removing gd32f30x_usart.o(i.usart_irda_mode_disable), (10 bytes).
    Removing gd32f30x_usart.o(i.usart_irda_mode_enable), (10 bytes).
    Removing gd32f30x_usart.o(i.usart_lin_break_detection_length_config), (20 bytes).
    Removing gd32f30x_usart.o(i.usart_lin_mode_disable), (10 bytes).
    Removing gd32f30x_usart.o(i.usart_lin_mode_enable), (10 bytes).
    Removing gd32f30x_usart.o(i.usart_mute_mode_disable), (10 bytes).
    Removing gd32f30x_usart.o(i.usart_mute_mode_enable), (10 bytes).
    Removing gd32f30x_usart.o(i.usart_mute_mode_wakeup_config), (16 bytes).
    Removing gd32f30x_usart.o(i.usart_parity_config), (16 bytes).
    Removing gd32f30x_usart.o(i.usart_prescaler_config), (16 bytes).
    Removing gd32f30x_usart.o(i.usart_receiver_timeout_disable), (12 bytes).
    Removing gd32f30x_usart.o(i.usart_receiver_timeout_enable), (12 bytes).
    Removing gd32f30x_usart.o(i.usart_receiver_timeout_threshold_config), (18 bytes).
    Removing gd32f30x_usart.o(i.usart_send_break), (10 bytes).
    Removing gd32f30x_usart.o(i.usart_smartcard_autoretry_config), (24 bytes).
    Removing gd32f30x_usart.o(i.usart_smartcard_mode_disable), (10 bytes).
    Removing gd32f30x_usart.o(i.usart_smartcard_mode_enable), (10 bytes).
    Removing gd32f30x_usart.o(i.usart_smartcard_mode_nack_disable), (10 bytes).
    Removing gd32f30x_usart.o(i.usart_smartcard_mode_nack_enable), (10 bytes).
    Removing gd32f30x_usart.o(i.usart_stop_bit_set), (16 bytes).
    Removing gd32f30x_usart.o(i.usart_synchronous_clock_config), (34 bytes).
    Removing gd32f30x_usart.o(i.usart_synchronous_clock_disable), (10 bytes).
    Removing gd32f30x_usart.o(i.usart_synchronous_clock_enable), (10 bytes).
    Removing gd32f30x_usart.o(i.usart_word_length_set), (16 bytes).
    Removing gd32f30x_wwdgt.o(.rev16_text), (4 bytes).
    Removing gd32f30x_wwdgt.o(.revsh_text), (4 bytes).
    Removing gd32f30x_wwdgt.o(i.wwdgt_config), (24 bytes).
    Removing gd32f30x_wwdgt.o(i.wwdgt_counter_update), (16 bytes).
    Removing gd32f30x_wwdgt.o(i.wwdgt_deinit), (22 bytes).
    Removing gd32f30x_wwdgt.o(i.wwdgt_enable), (16 bytes).
    Removing gd32f30x_wwdgt.o(i.wwdgt_flag_clear), (12 bytes).
    Removing gd32f30x_wwdgt.o(i.wwdgt_flag_get), (20 bytes).
    Removing gd32f30x_wwdgt.o(i.wwdgt_interrupt_enable), (16 bytes).
    Removing startup_gd32f30x_hd.o(HEAP), (1024 bytes).
    Removing gd32f303e_eval.o(.rev16_text), (4 bytes).
    Removing gd32f303e_eval.o(.revsh_text), (4 bytes).
    Removing gd32f303e_eval.o(i.gd_eval_key_init), (112 bytes).
    Removing gd32f303e_eval.o(i.gd_eval_key_state_get), (24 bytes).

620 unused section(s) (total 19406 bytes) removed from the image.

==============================================================================

Image Symbol Table

    Local Symbols

    Symbol Name                              Value     Ov Type        Size  Object(Section)

    ../clib/microlib/init/entry.s            0x00000000   Number         0  entry9b.o ABSOLUTE
    ../clib/microlib/init/entry.s            0x00000000   Number         0  entry9a.o ABSOLUTE
    ../clib/microlib/init/entry.s            0x00000000   Number         0  entry8b.o ABSOLUTE
    ../clib/microlib/init/entry.s            0x00000000   Number         0  entry8a.o ABSOLUTE
    ../clib/microlib/init/entry.s            0x00000000   Number         0  entry7b.o ABSOLUTE
    ../clib/microlib/init/entry.s            0x00000000   Number         0  entry.o ABSOLUTE
    ../clib/microlib/init/entry.s            0x00000000   Number         0  entry2.o ABSOLUTE
    ../clib/microlib/init/entry.s            0x00000000   Number         0  entry5.o ABSOLUTE
    ../clib/microlib/init/entry.s            0x00000000   Number         0  entry11b.o ABSOLUTE
    ../clib/microlib/init/entry.s            0x00000000   Number         0  entry11a.o ABSOLUTE
    ../clib/microlib/init/entry.s            0x00000000   Number         0  entry7a.o ABSOLUTE
    ../clib/microlib/init/entry.s            0x00000000   Number         0  entry10b.o ABSOLUTE
    ../clib/microlib/init/entry.s            0x00000000   Number         0  entry10a.o ABSOLUTE
    ..\Utilities\gd32f303e_eval.c            0x00000000   Number         0  gd32f303e_eval.o ABSOLUTE
    ..\\Utilities\\gd32f303e_eval.c          0x00000000   Number         0  gd32f303e_eval.o ABSOLUTE
    ..\\gd32f30x_it.c                        0x00000000   Number         0  gd32f30x_it.o ABSOLUTE
    ..\\main.c                               0x00000000   Number         0  main.o ABSOLUTE
    ..\\systick.c                            0x00000000   Number         0  systick.o ABSOLUTE
    ..\gd32f30x_it.c                         0x00000000   Number         0  gd32f30x_it.o ABSOLUTE
    ..\main.c                                0x00000000   Number         0  main.o ABSOLUTE
    ..\systick.c                             0x00000000   Number         0  systick.o ABSOLUTE
    F:\IAR Systems\GD32F30x_Firmware_Library_V2.2.0\Firmware\CMSIS\GD\GD32F30x\Source\ARM\startup_gd32f30x_hd.s 0x00000000   Number         0  startup_gd32f30x_hd.o ABSOLUTE
    F:\IAR Systems\GD32F30x_Firmware_Library_V2.2.0\Firmware\CMSIS\GD\GD32F30x\Source\system_gd32f30x.c 0x00000000   Number         0  system_gd32f30x.o ABSOLUTE
    F:\IAR Systems\GD32F30x_Firmware_Library_V2.2.0\Firmware\GD32F30x_standard_peripheral\Source\gd32f30x_adc.c 0x00000000   Number         0  gd32f30x_adc.o ABSOLUTE
    F:\IAR Systems\GD32F30x_Firmware_Library_V2.2.0\Firmware\GD32F30x_standard_peripheral\Source\gd32f30x_bkp.c 0x00000000   Number         0  gd32f30x_bkp.o ABSOLUTE
    F:\IAR Systems\GD32F30x_Firmware_Library_V2.2.0\Firmware\GD32F30x_standard_peripheral\Source\gd32f30x_can.c 0x00000000   Number         0  gd32f30x_can.o ABSOLUTE
    F:\IAR Systems\GD32F30x_Firmware_Library_V2.2.0\Firmware\GD32F30x_standard_peripheral\Source\gd32f30x_crc.c 0x00000000   Number         0  gd32f30x_crc.o ABSOLUTE
    F:\IAR Systems\GD32F30x_Firmware_Library_V2.2.0\Firmware\GD32F30x_standard_peripheral\Source\gd32f30x_ctc.c 0x00000000   Number         0  gd32f30x_ctc.o ABSOLUTE
    F:\IAR Systems\GD32F30x_Firmware_Library_V2.2.0\Firmware\GD32F30x_standard_peripheral\Source\gd32f30x_dac.c 0x00000000   Number         0  gd32f30x_dac.o ABSOLUTE
    F:\IAR Systems\GD32F30x_Firmware_Library_V2.2.0\Firmware\GD32F30x_standard_peripheral\Source\gd32f30x_dbg.c 0x00000000   Number         0  gd32f30x_dbg.o ABSOLUTE
    F:\IAR Systems\GD32F30x_Firmware_Library_V2.2.0\Firmware\GD32F30x_standard_peripheral\Source\gd32f30x_dma.c 0x00000000   Number         0  gd32f30x_dma.o ABSOLUTE
    F:\IAR Systems\GD32F30x_Firmware_Library_V2.2.0\Firmware\GD32F30x_standard_peripheral\Source\gd32f30x_enet.c 0x00000000   Number         0  gd32f30x_enet.o ABSOLUTE
    F:\IAR Systems\GD32F30x_Firmware_Library_V2.2.0\Firmware\GD32F30x_standard_peripheral\Source\gd32f30x_exmc.c 0x00000000   Number         0  gd32f30x_exmc.o ABSOLUTE
    F:\IAR Systems\GD32F30x_Firmware_Library_V2.2.0\Firmware\GD32F30x_standard_peripheral\Source\gd32f30x_exti.c 0x00000000   Number         0  gd32f30x_exti.o ABSOLUTE
    F:\IAR Systems\GD32F30x_Firmware_Library_V2.2.0\Firmware\GD32F30x_standard_peripheral\Source\gd32f30x_fmc.c 0x00000000   Number         0  gd32f30x_fmc.o ABSOLUTE
    F:\IAR Systems\GD32F30x_Firmware_Library_V2.2.0\Firmware\GD32F30x_standard_peripheral\Source\gd32f30x_fwdgt.c 0x00000000   Number         0  gd32f30x_fwdgt.o ABSOLUTE
    F:\IAR Systems\GD32F30x_Firmware_Library_V2.2.0\Firmware\GD32F30x_standard_peripheral\Source\gd32f30x_gpio.c 0x00000000   Number         0  gd32f30x_gpio.o ABSOLUTE
    F:\IAR Systems\GD32F30x_Firmware_Library_V2.2.0\Firmware\GD32F30x_standard_peripheral\Source\gd32f30x_i2c.c 0x00000000   Number         0  gd32f30x_i2c.o ABSOLUTE
    F:\IAR Systems\GD32F30x_Firmware_Library_V2.2.0\Firmware\GD32F30x_standard_peripheral\Source\gd32f30x_misc.c 0x00000000   Number         0  gd32f30x_misc.o ABSOLUTE
    F:\IAR Systems\GD32F30x_Firmware_Library_V2.2.0\Firmware\GD32F30x_standard_peripheral\Source\gd32f30x_pmu.c 0x00000000   Number         0  gd32f30x_pmu.o ABSOLUTE
    F:\IAR Systems\GD32F30x_Firmware_Library_V2.2.0\Firmware\GD32F30x_standard_peripheral\Source\gd32f30x_rcu.c 0x00000000   Number         0  gd32f30x_rcu.o ABSOLUTE
    F:\IAR Systems\GD32F30x_Firmware_Library_V2.2.0\Firmware\GD32F30x_standard_peripheral\Source\gd32f30x_rtc.c 0x00000000   Number         0  gd32f30x_rtc.o ABSOLUTE
    F:\IAR Systems\GD32F30x_Firmware_Library_V2.2.0\Firmware\GD32F30x_standard_peripheral\Source\gd32f30x_sdio.c 0x00000000   Number         0  gd32f30x_sdio.o ABSOLUTE
    F:\IAR Systems\GD32F30x_Firmware_Library_V2.2.0\Firmware\GD32F30x_standard_peripheral\Source\gd32f30x_spi.c 0x00000000   Number         0  gd32f30x_spi.o ABSOLUTE
    F:\IAR Systems\GD32F30x_Firmware_Library_V2.2.0\Firmware\GD32F30x_standard_peripheral\Source\gd32f30x_timer.c 0x00000000   Number         0  gd32f30x_timer.o ABSOLUTE
    F:\IAR Systems\GD32F30x_Firmware_Library_V2.2.0\Firmware\GD32F30x_standard_peripheral\Source\gd32f30x_usart.c 0x00000000   Number         0  gd32f30x_usart.o ABSOLUTE
    F:\IAR Systems\GD32F30x_Firmware_Library_V2.2.0\Firmware\GD32F30x_standard_peripheral\Source\gd32f30x_wwdgt.c 0x00000000   Number         0  gd32f30x_wwdgt.o ABSOLUTE
    F:\\IAR Systems\\GD32F30x_Firmware_Library_V2.2.0\\Firmware\\CMSIS\\GD\\GD32F30x\\Source\\system_gd32f30x.c 0x00000000   Number         0  system_gd32f30x.o ABSOLUTE
    F:\\IAR Systems\\GD32F30x_Firmware_Library_V2.2.0\\Firmware\\GD32F30x_standard_peripheral\\Source\\gd32f30x_adc.c 0x00000000   Number         0  gd32f30x_adc.o ABSOLUTE
    F:\\IAR Systems\\GD32F30x_Firmware_Library_V2.2.0\\Firmware\\GD32F30x_standard_peripheral\\Source\\gd32f30x_bkp.c 0x00000000   Number         0  gd32f30x_bkp.o ABSOLUTE
    F:\\IAR Systems\\GD32F30x_Firmware_Library_V2.2.0\\Firmware\\GD32F30x_standard_peripheral\\Source\\gd32f30x_can.c 0x00000000   Number         0  gd32f30x_can.o ABSOLUTE
    F:\\IAR Systems\\GD32F30x_Firmware_Library_V2.2.0\\Firmware\\GD32F30x_standard_peripheral\\Source\\gd32f30x_crc.c 0x00000000   Number         0  gd32f30x_crc.o ABSOLUTE
    F:\\IAR Systems\\GD32F30x_Firmware_Library_V2.2.0\\Firmware\\GD32F30x_standard_peripheral\\Source\\gd32f30x_ctc.c 0x00000000   Number         0  gd32f30x_ctc.o ABSOLUTE
    F:\\IAR Systems\\GD32F30x_Firmware_Library_V2.2.0\\Firmware\\GD32F30x_standard_peripheral\\Source\\gd32f30x_dac.c 0x00000000   Number         0  gd32f30x_dac.o ABSOLUTE
    F:\\IAR Systems\\GD32F30x_Firmware_Library_V2.2.0\\Firmware\\GD32F30x_standard_peripheral\\Source\\gd32f30x_dbg.c 0x00000000   Number         0  gd32f30x_dbg.o ABSOLUTE
    F:\\IAR Systems\\GD32F30x_Firmware_Library_V2.2.0\\Firmware\\GD32F30x_standard_peripheral\\Source\\gd32f30x_dma.c 0x00000000   Number         0  gd32f30x_dma.o ABSOLUTE
    F:\\IAR Systems\\GD32F30x_Firmware_Library_V2.2.0\\Firmware\\GD32F30x_standard_peripheral\\Source\\gd32f30x_enet.c 0x00000000   Number         0  gd32f30x_enet.o ABSOLUTE
    F:\\IAR Systems\\GD32F30x_Firmware_Library_V2.2.0\\Firmware\\GD32F30x_standard_peripheral\\Source\\gd32f30x_exmc.c 0x00000000   Number         0  gd32f30x_exmc.o ABSOLUTE
    F:\\IAR Systems\\GD32F30x_Firmware_Library_V2.2.0\\Firmware\\GD32F30x_standard_peripheral\\Source\\gd32f30x_exti.c 0x00000000   Number         0  gd32f30x_exti.o ABSOLUTE
    F:\\IAR Systems\\GD32F30x_Firmware_Library_V2.2.0\\Firmware\\GD32F30x_standard_peripheral\\Source\\gd32f30x_fmc.c 0x00000000   Number         0  gd32f30x_fmc.o ABSOLUTE
    F:\\IAR Systems\\GD32F30x_Firmware_Library_V2.2.0\\Firmware\\GD32F30x_standard_peripheral\\Source\\gd32f30x_fwdgt.c 0x00000000   Number         0  gd32f30x_fwdgt.o ABSOLUTE
    F:\\IAR Systems\\GD32F30x_Firmware_Library_V2.2.0\\Firmware\\GD32F30x_standard_peripheral\\Source\\gd32f30x_gpio.c 0x00000000   Number         0  gd32f30x_gpio.o ABSOLUTE
    F:\\IAR Systems\\GD32F30x_Firmware_Library_V2.2.0\\Firmware\\GD32F30x_standard_peripheral\\Source\\gd32f30x_i2c.c 0x00000000   Number         0  gd32f30x_i2c.o ABSOLUTE
    F:\\IAR Systems\\GD32F30x_Firmware_Library_V2.2.0\\Firmware\\GD32F30x_standard_peripheral\\Source\\gd32f30x_misc.c 0x00000000   Number         0  gd32f30x_misc.o ABSOLUTE
    F:\\IAR Systems\\GD32F30x_Firmware_Library_V2.2.0\\Firmware\\GD32F30x_standard_peripheral\\Source\\gd32f30x_pmu.c 0x00000000   Number         0  gd32f30x_pmu.o ABSOLUTE
    F:\\IAR Systems\\GD32F30x_Firmware_Library_V2.2.0\\Firmware\\GD32F30x_standard_peripheral\\Source\\gd32f30x_rcu.c 0x00000000   Number         0  gd32f30x_rcu.o ABSOLUTE
    F:\\IAR Systems\\GD32F30x_Firmware_Library_V2.2.0\\Firmware\\GD32F30x_standard_peripheral\\Source\\gd32f30x_rtc.c 0x00000000   Number         0  gd32f30x_rtc.o ABSOLUTE
    F:\\IAR Systems\\GD32F30x_Firmware_Library_V2.2.0\\Firmware\\GD32F30x_standard_peripheral\\Source\\gd32f30x_sdio.c 0x00000000   Number         0  gd32f30x_sdio.o ABSOLUTE
    F:\\IAR Systems\\GD32F30x_Firmware_Library_V2.2.0\\Firmware\\GD32F30x_standard_peripheral\\Source\\gd32f30x_spi.c 0x00000000   Number         0  gd32f30x_spi.o ABSOLUTE
    F:\\IAR Systems\\GD32F30x_Firmware_Library_V2.2.0\\Firmware\\GD32F30x_standard_peripheral\\Source\\gd32f30x_timer.c 0x00000000   Number         0  gd32f30x_timer.o ABSOLUTE
    F:\\IAR Systems\\GD32F30x_Firmware_Library_V2.2.0\\Firmware\\GD32F30x_standard_peripheral\\Source\\gd32f30x_usart.c 0x00000000   Number         0  gd32f30x_usart.o ABSOLUTE
    F:\\IAR Systems\\GD32F30x_Firmware_Library_V2.2.0\\Firmware\\GD32F30x_standard_peripheral\\Source\\gd32f30x_wwdgt.c 0x00000000   Number         0  gd32f30x_wwdgt.o ABSOLUTE
    dc.s                                     0x00000000   Number         0  dc.o ABSOLUTE
    handlers.s                               0x00000000   Number         0  handlers.o ABSOLUTE
    init.s                                   0x00000000   Number         0  init.o ABSOLUTE
    RESET                                    0x08000000   Section      304  startup_gd32f30x_hd.o(RESET)
    .ARM.Collect$$$$00000000                 0x08000130   Section        0  entry.o(.ARM.Collect$$$$00000000)
    .ARM.Collect$$$$00000001                 0x08000130   Section        4  entry2.o(.ARM.Collect$$$$00000001)
    .ARM.Collect$$$$00000004                 0x08000134   Section        4  entry5.o(.ARM.Collect$$$$00000004)
    .ARM.Collect$$$$00000008                 0x08000138   Section        0  entry7b.o(.ARM.Collect$$$$00000008)
    .ARM.Collect$$$$0000000A                 0x08000138   Section        0  entry8b.o(.ARM.Collect$$$$0000000A)
    .ARM.Collect$$$$0000000B                 0x08000138   Section        8  entry9a.o(.ARM.Collect$$$$0000000B)
    .ARM.Collect$$$$0000000D                 0x08000140   Section        0  entry10a.o(.ARM.Collect$$$$0000000D)
    .ARM.Collect$$$$0000000F                 0x08000140   Section        0  entry11a.o(.ARM.Collect$$$$0000000F)
    .ARM.Collect$$$$00002712                 0x08000140   Section        4  entry2.o(.ARM.Collect$$$$00002712)
    __lit__00000000                          0x08000140   Data           4  entry2.o(.ARM.Collect$$$$00002712)
    .text                                    0x08000144   Section       36  startup_gd32f30x_hd.o(.text)
    $v0                                      0x08000144   Number         0  startup_gd32f30x_hd.o(.text)
    .text                                    0x08000168   Section       36  init.o(.text)
    i.BusFault_Handler                       0x0800018c   Section        0  gd32f30x_it.o(i.BusFault_Handler)
    i.DebugMon_Handler                       0x0800018e   Section        0  gd32f30x_it.o(i.DebugMon_Handler)
    i.HardFault_Handler                      0x08000190   Section        0  gd32f30x_it.o(i.HardFault_Handler)
    i.MemManage_Handler                      0x08000192   Section        0  gd32f30x_it.o(i.MemManage_Handler)
    i.NMI_Handler                            0x08000194   Section        0  gd32f30x_it.o(i.NMI_Handler)
    i.NVIC_SetPriority                       0x08000196   Section        0  systick.o(i.NVIC_SetPriority)
    NVIC_SetPriority                         0x08000197   Thumb Code    32  systick.o(i.NVIC_SetPriority)
    i.PendSV_Handler                         0x080001b6   Section        0  gd32f30x_it.o(i.PendSV_Handler)
    i.SVC_Handler                            0x080001b8   Section        0  gd32f30x_it.o(i.SVC_Handler)
    i.SysTick_Handler                        0x080001ba   Section        0  gd32f30x_it.o(i.SysTick_Handler)
    i.SystemInit                             0x080001c8   Section        0  system_gd32f30x.o(i.SystemInit)
    i.UsageFault_Handler                     0x0800024c   Section        0  gd32f30x_it.o(i.UsageFault_Handler)
    i.__scatterload_copy                     0x0800024e   Section       14  handlers.o(i.__scatterload_copy)
    i.__scatterload_null                     0x0800025c   Section        2  handlers.o(i.__scatterload_null)
    i.__scatterload_zeroinit                 0x0800025e   Section       14  handlers.o(i.__scatterload_zeroinit)
    i.adc_data_alignment_config              0x0800026c   Section        0  gd32f30x_adc.o(i.adc_data_alignment_config)
    i.adc_deinit                             0x08000284   Section        0  gd32f30x_adc.o(i.adc_deinit)
    i.adc_external_trigger_source_config     0x080002dc   Section        0  gd32f30x_adc.o(i.adc_external_trigger_source_config)
    i.adc_special_function_config            0x08000304   Section        0  gd32f30x_adc.o(i.adc_special_function_config)
    i.delay_1ms                              0x08000354   Section        0  systick.o(i.delay_1ms)
    i.delay_decrement                        0x08000364   Section        0  systick.o(i.delay_decrement)
    i.gd_eval_com_init                       0x08000378   Section        0  gd32f303e_eval.o(i.gd_eval_com_init)
    i.gd_eval_led_init                       0x08000404   Section        0  gd32f303e_eval.o(i.gd_eval_led_init)
    i.gd_eval_led_off                        0x0800043c   Section        0  gd32f303e_eval.o(i.gd_eval_led_off)
    i.gd_eval_led_on                         0x08000454   Section        0  gd32f303e_eval.o(i.gd_eval_led_on)
    i.gd_eval_led_toggle                     0x0800046c   Section        0  gd32f303e_eval.o(i.gd_eval_led_toggle)
    i.gpio_bit_reset                         0x0800049c   Section        0  gd32f30x_gpio.o(i.gpio_bit_reset)
    i.gpio_bit_write                         0x080004a0   Section        0  gd32f30x_gpio.o(i.gpio_bit_write)
    i.gpio_init                              0x080004ac   Section        0  gd32f30x_gpio.o(i.gpio_init)
    i.gpio_input_bit_get                     0x08000550   Section        0  gd32f30x_gpio.o(i.gpio_input_bit_get)
    i.led_spark                              0x08000560   Section        0  main.o(i.led_spark)
    i.main                                   0x08000594   Section        0  main.o(i.main)
    i.rcu_adc_clock_config                   0x080008c4   Section        0  gd32f30x_rcu.o(i.rcu_adc_clock_config)
    i.rcu_clock_freq_get                     0x08000918   Section        0  gd32f30x_rcu.o(i.rcu_clock_freq_get)
    i.rcu_periph_clock_enable                0x08000a14   Section        0  gd32f30x_rcu.o(i.rcu_periph_clock_enable)
    i.rcu_periph_reset_disable               0x08000a30   Section        0  gd32f30x_rcu.o(i.rcu_periph_reset_disable)
    i.rcu_periph_reset_enable                0x08000a4c   Section        0  gd32f30x_rcu.o(i.rcu_periph_reset_enable)
    i.system_clock_120m_hxtal                0x08000a68   Section        0  system_gd32f30x.o(i.system_clock_120m_hxtal)
    system_clock_120m_hxtal                  0x08000a69   Thumb Code   170  system_gd32f30x.o(i.system_clock_120m_hxtal)
    i.system_clock_config                    0x08000b24   Section        0  system_gd32f30x.o(i.system_clock_config)
    system_clock_config                      0x08000b25   Thumb Code     4  system_gd32f30x.o(i.system_clock_config)
    i.systick_config                         0x08000b28   Section        0  systick.o(i.systick_config)
    i.timer_auto_reload_shadow_enable        0x08000b74   Section        0  gd32f30x_timer.o(i.timer_auto_reload_shadow_enable)
    i.timer_break_config                     0x08000b7e   Section        0  gd32f30x_timer.o(i.timer_break_config)
    i.timer_channel_complementary_output_state_config 0x08000b9e   Section        0  gd32f30x_timer.o(i.timer_channel_complementary_output_state_config)
    i.timer_channel_output_config            0x08000be0   Section        0  gd32f30x_timer.o(i.timer_channel_output_config)
    i.timer_channel_output_mode_config       0x08000db8   Section        0  gd32f30x_timer.o(i.timer_channel_output_mode_config)
    i.timer_channel_output_pulse_value_config 0x08000e0c   Section        0  gd32f30x_timer.o(i.timer_channel_output_pulse_value_config)
    i.timer_channel_output_shadow_config     0x08000e2c   Section        0  gd32f30x_timer.o(i.timer_channel_output_shadow_config)
    i.timer_channel_output_state_config      0x08000e80   Section        0  gd32f30x_timer.o(i.timer_channel_output_state_config)
    i.timer_counter_value_config             0x08000ed6   Section        0  gd32f30x_timer.o(i.timer_counter_value_config)
    i.timer_deinit                           0x08000edc   Section        0  gd32f30x_timer.o(i.timer_deinit)
    i.timer_enable                           0x08000fb8   Section        0  gd32f30x_timer.o(i.timer_enable)
    i.timer_event_software_generate          0x08000fc2   Section        0  gd32f30x_timer.o(i.timer_event_software_generate)
    i.timer_init                             0x08000fcc   Section        0  gd32f30x_timer.o(i.timer_init)
    i.timer_input_trigger_source_select      0x08001060   Section        0  gd32f30x_timer.o(i.timer_input_trigger_source_select)
    i.timer_master_output_trigger_source_select 0x08001070   Section        0  gd32f30x_timer.o(i.timer_master_output_trigger_source_select)
    i.timer_primary_output_config            0x08001080   Section        0  gd32f30x_timer.o(i.timer_primary_output_config)
    i.timer_slave_mode_select                0x08001098   Section        0  gd32f30x_timer.o(i.timer_slave_mode_select)
    i.usart_baudrate_set                     0x080010a8   Section        0  gd32f30x_usart.o(i.usart_baudrate_set)
    i.usart_deinit                           0x08001118   Section        0  gd32f30x_usart.o(i.usart_deinit)
    i.usart_enable                           0x080011a8   Section        0  gd32f30x_usart.o(i.usart_enable)
    i.usart_receive_config                   0x080011b2   Section        0  gd32f30x_usart.o(i.usart_receive_config)
    i.usart_transmit_config                  0x080011c6   Section        0  gd32f30x_usart.o(i.usart_transmit_config)
    .data                                    0x20000000   Section        4  main.o(.data)
    timingdelaylocal                         0x20000000   Data           4  main.o(.data)
    .data                                    0x20000004   Section        4  systick.o(.data)
    delay                                    0x20000004   Data           4  systick.o(.data)
    .data                                    0x20000008   Section        4  system_gd32f30x.o(.data)
    .data                                    0x2000000c   Section      152  gd32f303e_eval.o(.data)
    COM_CLK                                  0x2000000c   Data           4  gd32f303e_eval.o(.data)
    COM_GPIO_CLK                             0x20000010   Data           4  gd32f303e_eval.o(.data)
    KEY_PORT_SOURCE                          0x20000014   Data           4  gd32f303e_eval.o(.data)
    KEY_PIN_SOURCE                           0x20000018   Data           4  gd32f303e_eval.o(.data)
    KEY_IRQn                                 0x2000001c   Data           4  gd32f303e_eval.o(.data)
    COM_TX_PIN                               0x20000020   Data           8  gd32f303e_eval.o(.data)
    COM_RX_PIN                               0x20000028   Data           8  gd32f303e_eval.o(.data)
    COM_GPIO_PORT                            0x20000030   Data           8  gd32f303e_eval.o(.data)
    KEY_CLK                                  0x20000038   Data           8  gd32f303e_eval.o(.data)
    GPIO_PORT                                0x20000040   Data          20  gd32f303e_eval.o(.data)
    GPIO_PIN                                 0x20000054   Data          20  gd32f303e_eval.o(.data)
    GPIO_CLK                                 0x20000068   Data          10  gd32f303e_eval.o(.data)
    KEY_PORT                                 0x20000074   Data          16  gd32f303e_eval.o(.data)
    KEY_PIN                                  0x20000084   Data          16  gd32f303e_eval.o(.data)
    KEY_EXTI_LINE                            0x20000094   Data          16  gd32f303e_eval.o(.data)
    STACK                                    0x200000a8   Section     1024  startup_gd32f30x_hd.o(STACK)

    Global Symbols

    Symbol Name                              Value     Ov Type        Size  Object(Section)

    BuildAttributes$$THM_ISAv4$E$P$D$K$B$S$7EM$VFPi3$EXTD16$VFPS$VFMA$PE$A:L22UL41UL21$X:L11$S22US41US21$IEEE1$IW$USESV6$~STKCKD$USESV7$~SHL$OSPACE$EBA8$MICROLIB$REQ8$PRES8$EABIv2 0x00000000   Number         0  anon$$obj.o ABSOLUTE
    __ARM_use_no_argv                        0x00000000   Number         0  main.o ABSOLUTE
    __cpp_initialize__aeabi_                  - Undefined Weak Reference
    __cxa_finalize                            - Undefined Weak Reference
    __decompress                              - Undefined Weak Reference
    _clock_init                               - Undefined Weak Reference
    _microlib_exit                            - Undefined Weak Reference
    __Vectors_Size                           0x00000130   Number         0  startup_gd32f30x_hd.o ABSOLUTE
    __Vectors                                0x08000000   Data           4  startup_gd32f30x_hd.o(RESET)
    __Vectors_End                            0x08000130   Data           0  startup_gd32f30x_hd.o(RESET)
    __main                                   0x08000131   Thumb Code     0  entry.o(.ARM.Collect$$$$00000000)
    _main_stk                                0x08000131   Thumb Code     0  entry2.o(.ARM.Collect$$$$00000001)
    _main_scatterload                        0x08000135   Thumb Code     0  entry5.o(.ARM.Collect$$$$00000004)
    __main_after_scatterload                 0x08000139   Thumb Code     0  entry5.o(.ARM.Collect$$$$00000004)
    _main_clock                              0x08000139   Thumb Code     0  entry7b.o(.ARM.Collect$$$$00000008)
    _main_cpp_init                           0x08000139   Thumb Code     0  entry8b.o(.ARM.Collect$$$$0000000A)
    _main_init                               0x08000139   Thumb Code     0  entry9a.o(.ARM.Collect$$$$0000000B)
    __rt_final_cpp                           0x08000141   Thumb Code     0  entry10a.o(.ARM.Collect$$$$0000000D)
    __rt_final_exit                          0x08000141   Thumb Code     0  entry11a.o(.ARM.Collect$$$$0000000F)
    Reset_Handler                            0x08000145   Thumb Code     8  startup_gd32f30x_hd.o(.text)
    ADC0_1_IRQHandler                        0x0800015f   Thumb Code     0  startup_gd32f30x_hd.o(.text)
    ADC2_IRQHandler                          0x0800015f   Thumb Code     0  startup_gd32f30x_hd.o(.text)
    CAN0_EWMC_IRQHandler                     0x0800015f   Thumb Code     0  startup_gd32f30x_hd.o(.text)
    CAN0_RX1_IRQHandler                      0x0800015f   Thumb Code     0  startup_gd32f30x_hd.o(.text)
    DMA0_Channel0_IRQHandler                 0x0800015f   Thumb Code     0  startup_gd32f30x_hd.o(.text)
    DMA0_Channel1_IRQHandler                 0x0800015f   Thumb Code     0  startup_gd32f30x_hd.o(.text)
    DMA0_Channel2_IRQHandler                 0x0800015f   Thumb Code     0  startup_gd32f30x_hd.o(.text)
    DMA0_Channel3_IRQHandler                 0x0800015f   Thumb Code     0  startup_gd32f30x_hd.o(.text)
    DMA0_Channel4_IRQHandler                 0x0800015f   Thumb Code     0  startup_gd32f30x_hd.o(.text)
    DMA0_Channel5_IRQHandler                 0x0800015f   Thumb Code     0  startup_gd32f30x_hd.o(.text)
    DMA0_Channel6_IRQHandler                 0x0800015f   Thumb Code     0  startup_gd32f30x_hd.o(.text)
    DMA1_Channel0_IRQHandler                 0x0800015f   Thumb Code     0  startup_gd32f30x_hd.o(.text)
    DMA1_Channel1_IRQHandler                 0x0800015f   Thumb Code     0  startup_gd32f30x_hd.o(.text)
    DMA1_Channel2_IRQHandler                 0x0800015f   Thumb Code     0  startup_gd32f30x_hd.o(.text)
    DMA1_Channel3_4_IRQHandler               0x0800015f   Thumb Code     0  startup_gd32f30x_hd.o(.text)
    EXMC_IRQHandler                          0x0800015f   Thumb Code     0  startup_gd32f30x_hd.o(.text)
    EXTI0_IRQHandler                         0x0800015f   Thumb Code     0  startup_gd32f30x_hd.o(.text)
    EXTI10_15_IRQHandler                     0x0800015f   Thumb Code     0  startup_gd32f30x_hd.o(.text)
    EXTI1_IRQHandler                         0x0800015f   Thumb Code     0  startup_gd32f30x_hd.o(.text)
    EXTI2_IRQHandler                         0x0800015f   Thumb Code     0  startup_gd32f30x_hd.o(.text)
    EXTI3_IRQHandler                         0x0800015f   Thumb Code     0  startup_gd32f30x_hd.o(.text)
    EXTI4_IRQHandler                         0x0800015f   Thumb Code     0  startup_gd32f30x_hd.o(.text)
    EXTI5_9_IRQHandler                       0x0800015f   Thumb Code     0  startup_gd32f30x_hd.o(.text)
    FMC_IRQHandler                           0x0800015f   Thumb Code     0  startup_gd32f30x_hd.o(.text)
    I2C0_ER_IRQHandler                       0x0800015f   Thumb Code     0  startup_gd32f30x_hd.o(.text)
    I2C0_EV_IRQHandler                       0x0800015f   Thumb Code     0  startup_gd32f30x_hd.o(.text)
    I2C1_ER_IRQHandler                       0x0800015f   Thumb Code     0  startup_gd32f30x_hd.o(.text)
    I2C1_EV_IRQHandler                       0x0800015f   Thumb Code     0  startup_gd32f30x_hd.o(.text)
    LVD_IRQHandler                           0x0800015f   Thumb Code     0  startup_gd32f30x_hd.o(.text)
    RCU_CTC_IRQHandler                       0x0800015f   Thumb Code     0  startup_gd32f30x_hd.o(.text)
    RTC_Alarm_IRQHandler                     0x0800015f   Thumb Code     0  startup_gd32f30x_hd.o(.text)
    RTC_IRQHandler                           0x0800015f   Thumb Code     0  startup_gd32f30x_hd.o(.text)
    SDIO_IRQHandler                          0x0800015f   Thumb Code     0  startup_gd32f30x_hd.o(.text)
    SPI0_IRQHandler                          0x0800015f   Thumb Code     0  startup_gd32f30x_hd.o(.text)
    SPI1_IRQHandler                          0x0800015f   Thumb Code     0  startup_gd32f30x_hd.o(.text)
    SPI2_IRQHandler                          0x0800015f   Thumb Code     0  startup_gd32f30x_hd.o(.text)
    TAMPER_IRQHandler                        0x0800015f   Thumb Code     0  startup_gd32f30x_hd.o(.text)
    TIMER0_BRK_IRQHandler                    0x0800015f   Thumb Code     0  startup_gd32f30x_hd.o(.text)
    TIMER0_Channel_IRQHandler                0x0800015f   Thumb Code     0  startup_gd32f30x_hd.o(.text)
    TIMER0_TRG_CMT_IRQHandler                0x0800015f   Thumb Code     0  startup_gd32f30x_hd.o(.text)
    TIMER0_UP_IRQHandler                     0x0800015f   Thumb Code     0  startup_gd32f30x_hd.o(.text)
    TIMER1_IRQHandler                        0x0800015f   Thumb Code     0  startup_gd32f30x_hd.o(.text)
    TIMER2_IRQHandler                        0x0800015f   Thumb Code     0  startup_gd32f30x_hd.o(.text)
    TIMER3_IRQHandler                        0x0800015f   Thumb Code     0  startup_gd32f30x_hd.o(.text)
    TIMER4_IRQHandler                        0x0800015f   Thumb Code     0  startup_gd32f30x_hd.o(.text)
    TIMER5_IRQHandler                        0x0800015f   Thumb Code     0  startup_gd32f30x_hd.o(.text)
    TIMER6_IRQHandler                        0x0800015f   Thumb Code     0  startup_gd32f30x_hd.o(.text)
    TIMER7_BRK_IRQHandler                    0x0800015f   Thumb Code     0  startup_gd32f30x_hd.o(.text)
    TIMER7_Channel_IRQHandler                0x0800015f   Thumb Code     0  startup_gd32f30x_hd.o(.text)
    TIMER7_TRG_CMT_IRQHandler                0x0800015f   Thumb Code     0  startup_gd32f30x_hd.o(.text)
    TIMER7_UP_IRQHandler                     0x0800015f   Thumb Code     0  startup_gd32f30x_hd.o(.text)
    UART3_IRQHandler                         0x0800015f   Thumb Code     0  startup_gd32f30x_hd.o(.text)
    UART4_IRQHandler                         0x0800015f   Thumb Code     0  startup_gd32f30x_hd.o(.text)
    USART0_IRQHandler                        0x0800015f   Thumb Code     0  startup_gd32f30x_hd.o(.text)
    USART1_IRQHandler                        0x0800015f   Thumb Code     0  startup_gd32f30x_hd.o(.text)
    USART2_IRQHandler                        0x0800015f   Thumb Code     0  startup_gd32f30x_hd.o(.text)
    USBD_HP_CAN0_TX_IRQHandler               0x0800015f   Thumb Code     0  startup_gd32f30x_hd.o(.text)
    USBD_LP_CAN0_RX0_IRQHandler              0x0800015f   Thumb Code     0  startup_gd32f30x_hd.o(.text)
    USBD_WKUP_IRQHandler                     0x0800015f   Thumb Code     0  startup_gd32f30x_hd.o(.text)
    WWDGT_IRQHandler                         0x0800015f   Thumb Code     0  startup_gd32f30x_hd.o(.text)
    __scatterload                            0x08000169   Thumb Code    28  init.o(.text)
    __scatterload_rt2                        0x08000169   Thumb Code     0  init.o(.text)
    BusFault_Handler                         0x0800018d   Thumb Code     2  gd32f30x_it.o(i.BusFault_Handler)
    DebugMon_Handler                         0x0800018f   Thumb Code     2  gd32f30x_it.o(i.DebugMon_Handler)
    HardFault_Handler                        0x08000191   Thumb Code     2  gd32f30x_it.o(i.HardFault_Handler)
    MemManage_Handler                        0x08000193   Thumb Code     2  gd32f30x_it.o(i.MemManage_Handler)
    NMI_Handler                              0x08000195   Thumb Code     2  gd32f30x_it.o(i.NMI_Handler)
    PendSV_Handler                           0x080001b7   Thumb Code     2  gd32f30x_it.o(i.PendSV_Handler)
    SVC_Handler                              0x080001b9   Thumb Code     2  gd32f30x_it.o(i.SVC_Handler)
    SysTick_Handler                          0x080001bb   Thumb Code    14  gd32f30x_it.o(i.SysTick_Handler)
    SystemInit                               0x080001c9   Thumb Code   118  system_gd32f30x.o(i.SystemInit)
    UsageFault_Handler                       0x0800024d   Thumb Code     2  gd32f30x_it.o(i.UsageFault_Handler)
    __scatterload_copy                       0x0800024f   Thumb Code    14  handlers.o(i.__scatterload_copy)
    __scatterload_null                       0x0800025d   Thumb Code     2  handlers.o(i.__scatterload_null)
    __scatterload_zeroinit                   0x0800025f   Thumb Code    14  handlers.o(i.__scatterload_zeroinit)
    adc_data_alignment_config                0x0800026d   Thumb Code    24  gd32f30x_adc.o(i.adc_data_alignment_config)
    adc_deinit                               0x08000285   Thumb Code    82  gd32f30x_adc.o(i.adc_deinit)
    adc_external_trigger_source_config       0x080002dd   Thumb Code    40  gd32f30x_adc.o(i.adc_external_trigger_source_config)
    adc_special_function_config              0x08000305   Thumb Code    80  gd32f30x_adc.o(i.adc_special_function_config)
    delay_1ms                                0x08000355   Thumb Code    12  systick.o(i.delay_1ms)
    delay_decrement                          0x08000365   Thumb Code    16  systick.o(i.delay_decrement)
    gd_eval_com_init                         0x08000379   Thumb Code   128  gd32f303e_eval.o(i.gd_eval_com_init)
    gd_eval_led_init                         0x08000405   Thumb Code    50  gd32f303e_eval.o(i.gd_eval_led_init)
    gd_eval_led_off                          0x0800043d   Thumb Code    18  gd32f303e_eval.o(i.gd_eval_led_off)
    gd_eval_led_on                           0x08000455   Thumb Code    18  gd32f303e_eval.o(i.gd_eval_led_on)
    gd_eval_led_toggle                       0x0800046d   Thumb Code    44  gd32f303e_eval.o(i.gd_eval_led_toggle)
    gpio_bit_reset                           0x0800049d   Thumb Code     4  gd32f30x_gpio.o(i.gpio_bit_reset)
    gpio_bit_write                           0x080004a1   Thumb Code    12  gd32f30x_gpio.o(i.gpio_bit_write)
    gpio_init                                0x080004ad   Thumb Code   164  gd32f30x_gpio.o(i.gpio_init)
    gpio_input_bit_get                       0x08000551   Thumb Code    14  gd32f30x_gpio.o(i.gpio_input_bit_get)
    led_spark                                0x08000561   Thumb Code    48  main.o(i.led_spark)
    main                                     0x08000595   Thumb Code   794  main.o(i.main)
    rcu_adc_clock_config                     0x080008c5   Thumb Code    74  gd32f30x_rcu.o(i.rcu_adc_clock_config)
    rcu_clock_freq_get                       0x08000919   Thumb Code   224  gd32f30x_rcu.o(i.rcu_clock_freq_get)
    rcu_periph_clock_enable                  0x08000a15   Thumb Code    22  gd32f30x_rcu.o(i.rcu_periph_clock_enable)
    rcu_periph_reset_disable                 0x08000a31   Thumb Code    22  gd32f30x_rcu.o(i.rcu_periph_reset_disable)
    rcu_periph_reset_enable                  0x08000a4d   Thumb Code    22  gd32f30x_rcu.o(i.rcu_periph_reset_enable)
    systick_config                           0x08000b29   Thumb Code    70  systick.o(i.systick_config)
    timer_auto_reload_shadow_enable          0x08000b75   Thumb Code    10  gd32f30x_timer.o(i.timer_auto_reload_shadow_enable)
    timer_break_config                       0x08000b7f   Thumb Code    32  gd32f30x_timer.o(i.timer_break_config)
    timer_channel_complementary_output_state_config 0x08000b9f   Thumb Code    64  gd32f30x_timer.o(i.timer_channel_complementary_output_state_config)
    timer_channel_output_config              0x08000be1   Thumb Code   464  gd32f30x_timer.o(i.timer_channel_output_config)
    timer_channel_output_mode_config         0x08000db9   Thumb Code    84  gd32f30x_timer.o(i.timer_channel_output_mode_config)
    timer_channel_output_pulse_value_config  0x08000e0d   Thumb Code    32  gd32f30x_timer.o(i.timer_channel_output_pulse_value_config)
    timer_channel_output_shadow_config       0x08000e2d   Thumb Code    84  gd32f30x_timer.o(i.timer_channel_output_shadow_config)
    timer_channel_output_state_config        0x08000e81   Thumb Code    86  gd32f30x_timer.o(i.timer_channel_output_state_config)
    timer_counter_value_config               0x08000ed7   Thumb Code     4  gd32f30x_timer.o(i.timer_counter_value_config)
    timer_deinit                             0x08000edd   Thumb Code   210  gd32f30x_timer.o(i.timer_deinit)
    timer_enable                             0x08000fb9   Thumb Code    10  gd32f30x_timer.o(i.timer_enable)
    timer_event_software_generate            0x08000fc3   Thumb Code     8  gd32f30x_timer.o(i.timer_event_software_generate)
    timer_init                               0x08000fcd   Thumb Code   120  gd32f30x_timer.o(i.timer_init)
    timer_input_trigger_source_select        0x08001061   Thumb Code    16  gd32f30x_timer.o(i.timer_input_trigger_source_select)
    timer_master_output_trigger_source_select 0x08001071   Thumb Code    16  gd32f30x_timer.o(i.timer_master_output_trigger_source_select)
    timer_primary_output_config              0x08001081   Thumb Code    24  gd32f30x_timer.o(i.timer_primary_output_config)
    timer_slave_mode_select                  0x08001099   Thumb Code    16  gd32f30x_timer.o(i.timer_slave_mode_select)
    usart_baudrate_set                       0x080010a9   Thumb Code   102  gd32f30x_usart.o(i.usart_baudrate_set)
    usart_deinit                             0x08001119   Thumb Code   136  gd32f30x_usart.o(i.usart_deinit)
    usart_enable                             0x080011a9   Thumb Code    10  gd32f30x_usart.o(i.usart_enable)
    usart_receive_config                     0x080011b3   Thumb Code    20  gd32f30x_usart.o(i.usart_receive_config)
    usart_transmit_config                    0x080011c7   Thumb Code    20  gd32f30x_usart.o(i.usart_transmit_config)
    Region$$Table$$Base                      0x080011dc   Number         0  anon$$obj.o(Region$$Table)
    Region$$Table$$Limit                     0x080011fc   Number         0  anon$$obj.o(Region$$Table)
    SystemCoreClock                          0x20000008   Data           4  system_gd32f30x.o(.data)
    __initial_sp                             0x200004a8   Data           0  startup_gd32f30x_hd.o(STACK)



==============================================================================

Memory Map of the image

  Image Entry point : 0x08000131

  Load Region LR_IROM1 (Base: 0x08000000, Size: 0x000012a0, Max: 0x00040000, ABSOLUTE)

    Execution Region ER_IROM1 (Exec base: 0x08000000, Load base: 0x08000000, Size: 0x000011fc, Max: 0x00040000, ABSOLUTE)

    Exec Addr    Load Addr    Size         Type   Attr      Idx    E Section Name        Object

    0x08000000   0x08000000   0x00000130   Data   RO         4191    RESET               startup_gd32f30x_hd.o
    0x08000130   0x08000130   0x00000000   Code   RO         4254  * .ARM.Collect$$$$00000000  mc_w.l(entry.o)
    0x08000130   0x08000130   0x00000004   Code   RO         4257    .ARM.Collect$$$$00000001  mc_w.l(entry2.o)
    0x08000134   0x08000134   0x00000004   Code   RO         4260    .ARM.Collect$$$$00000004  mc_w.l(entry5.o)
    0x08000138   0x08000138   0x00000000   Code   RO         4262    .ARM.Collect$$$$00000008  mc_w.l(entry7b.o)
    0x08000138   0x08000138   0x00000000   Code   RO         4264    .ARM.Collect$$$$0000000A  mc_w.l(entry8b.o)
    0x08000138   0x08000138   0x00000008   Code   RO         4265    .ARM.Collect$$$$0000000B  mc_w.l(entry9a.o)
    0x08000140   0x08000140   0x00000000   Code   RO         4267    .ARM.Collect$$$$0000000D  mc_w.l(entry10a.o)
    0x08000140   0x08000140   0x00000000   Code   RO         4269    .ARM.Collect$$$$0000000F  mc_w.l(entry11a.o)
    0x08000140   0x08000140   0x00000004   Code   RO         4258    .ARM.Collect$$$$00002712  mc_w.l(entry2.o)
    0x08000144   0x08000144   0x00000024   Code   RO         4192    .text               startup_gd32f30x_hd.o
    0x08000168   0x08000168   0x00000024   Code   RO         4271    .text               mc_w.l(init.o)
    0x0800018c   0x0800018c   0x00000002   Code   RO            3    i.BusFault_Handler  gd32f30x_it.o
    0x0800018e   0x0800018e   0x00000002   Code   RO            4    i.DebugMon_Handler  gd32f30x_it.o
    0x08000190   0x08000190   0x00000002   Code   RO            5    i.HardFault_Handler  gd32f30x_it.o
    0x08000192   0x08000192   0x00000002   Code   RO            6    i.MemManage_Handler  gd32f30x_it.o
    0x08000194   0x08000194   0x00000002   Code   RO            7    i.NMI_Handler       gd32f30x_it.o
    0x08000196   0x08000196   0x00000020   Code   RO          221    i.NVIC_SetPriority  systick.o
    0x080001b6   0x080001b6   0x00000002   Code   RO            8    i.PendSV_Handler    gd32f30x_it.o
    0x080001b8   0x080001b8   0x00000002   Code   RO            9    i.SVC_Handler       gd32f30x_it.o
    0x080001ba   0x080001ba   0x0000000e   Code   RO           10    i.SysTick_Handler   gd32f30x_it.o
    0x080001c8   0x080001c8   0x00000084   Code   RO          265    i.SystemInit        system_gd32f30x.o
    0x0800024c   0x0800024c   0x00000002   Code   RO           11    i.UsageFault_Handler  gd32f30x_it.o
    0x0800024e   0x0800024e   0x0000000e   Code   RO         4275    i.__scatterload_copy  mc_w.l(handlers.o)
    0x0800025c   0x0800025c   0x00000002   Code   RO         4276    i.__scatterload_null  mc_w.l(handlers.o)
    0x0800025e   0x0800025e   0x0000000e   Code   RO         4277    i.__scatterload_zeroinit  mc_w.l(handlers.o)
    0x0800026c   0x0800026c   0x00000018   Code   RO          308    i.adc_data_alignment_config  gd32f30x_adc.o
    0x08000284   0x08000284   0x00000058   Code   RO          309    i.adc_deinit        gd32f30x_adc.o
    0x080002dc   0x080002dc   0x00000028   Code   RO          316    i.adc_external_trigger_source_config  gd32f30x_adc.o
    0x08000304   0x08000304   0x00000050   Code   RO          334    i.adc_special_function_config  gd32f30x_adc.o
    0x08000354   0x08000354   0x00000010   Code   RO          222    i.delay_1ms         systick.o
    0x08000364   0x08000364   0x00000014   Code   RO          223    i.delay_decrement   systick.o
    0x08000378   0x08000378   0x0000008c   Code   RO         4198    i.gd_eval_com_init  gd32f303e_eval.o
    0x08000404   0x08000404   0x00000038   Code   RO         4201    i.gd_eval_led_init  gd32f303e_eval.o
    0x0800043c   0x0800043c   0x00000018   Code   RO         4202    i.gd_eval_led_off   gd32f303e_eval.o
    0x08000454   0x08000454   0x00000018   Code   RO         4203    i.gd_eval_led_on    gd32f303e_eval.o
    0x0800046c   0x0800046c   0x00000030   Code   RO         4204    i.gd_eval_led_toggle  gd32f303e_eval.o
    0x0800049c   0x0800049c   0x00000004   Code   RO         1973    i.gpio_bit_reset    gd32f30x_gpio.o
    0x080004a0   0x080004a0   0x0000000c   Code   RO         1975    i.gpio_bit_write    gd32f30x_gpio.o
    0x080004ac   0x080004ac   0x000000a4   Code   RO         1983    i.gpio_init         gd32f30x_gpio.o
    0x08000550   0x08000550   0x0000000e   Code   RO         1984    i.gpio_input_bit_get  gd32f30x_gpio.o
    0x0800055e   0x0800055e   0x00000002   PAD
    0x08000560   0x08000560   0x00000034   Code   RO          182    i.led_spark         main.o
    0x08000594   0x08000594   0x00000330   Code   RO          183    i.main              main.o
    0x080008c4   0x080008c4   0x00000054   Code   RO         2491    i.rcu_adc_clock_config  gd32f30x_rcu.o
    0x08000918   0x08000918   0x000000fc   Code   RO         2500    i.rcu_clock_freq_get  gd32f30x_rcu.o
    0x08000a14   0x08000a14   0x0000001c   Code   RO         2518    i.rcu_periph_clock_enable  gd32f30x_rcu.o
    0x08000a30   0x08000a30   0x0000001c   Code   RO         2521    i.rcu_periph_reset_disable  gd32f30x_rcu.o
    0x08000a4c   0x08000a4c   0x0000001c   Code   RO         2522    i.rcu_periph_reset_enable  gd32f30x_rcu.o
    0x08000a68   0x08000a68   0x000000bc   Code   RO          266    i.system_clock_120m_hxtal  system_gd32f30x.o
    0x08000b24   0x08000b24   0x00000004   Code   RO          267    i.system_clock_config  system_gd32f30x.o
    0x08000b28   0x08000b28   0x0000004c   Code   RO          224    i.systick_config    systick.o
    0x08000b74   0x08000b74   0x0000000a   Code   RO         3382    i.timer_auto_reload_shadow_enable  gd32f30x_timer.o
    0x08000b7e   0x08000b7e   0x00000020   Code   RO         3386    i.timer_break_config  gd32f30x_timer.o
    0x08000b9e   0x08000b9e   0x00000040   Code   RO         3392    i.timer_channel_complementary_output_state_config  gd32f30x_timer.o
    0x08000bde   0x08000bde   0x00000002   PAD
    0x08000be0   0x08000be0   0x000001d8   Code   RO         3399    i.timer_channel_output_config  gd32f30x_timer.o
    0x08000db8   0x08000db8   0x00000054   Code   RO         3401    i.timer_channel_output_mode_config  gd32f30x_timer.o
    0x08000e0c   0x08000e0c   0x00000020   Code   RO         3403    i.timer_channel_output_pulse_value_config  gd32f30x_timer.o
    0x08000e2c   0x08000e2c   0x00000054   Code   RO         3404    i.timer_channel_output_shadow_config  gd32f30x_timer.o
    0x08000e80   0x08000e80   0x00000056   Code   RO         3405    i.timer_channel_output_state_config  gd32f30x_timer.o
    0x08000ed6   0x08000ed6   0x00000004   Code   RO         3411    i.timer_counter_value_config  gd32f30x_timer.o
    0x08000eda   0x08000eda   0x00000002   PAD
    0x08000edc   0x08000edc   0x000000dc   Code   RO         3412    i.timer_deinit      gd32f30x_timer.o
    0x08000fb8   0x08000fb8   0x0000000a   Code   RO         3417    i.timer_enable      gd32f30x_timer.o
    0x08000fc2   0x08000fc2   0x00000008   Code   RO         3418    i.timer_event_software_generate  gd32f30x_timer.o
    0x08000fca   0x08000fca   0x00000002   PAD
    0x08000fcc   0x08000fcc   0x00000094   Code   RO         3427    i.timer_init        gd32f30x_timer.o
    0x08001060   0x08001060   0x00000010   Code   RO         3430    i.timer_input_trigger_source_select  gd32f30x_timer.o
    0x08001070   0x08001070   0x00000010   Code   RO         3437    i.timer_master_output_trigger_source_select  gd32f30x_timer.o
    0x08001080   0x08001080   0x00000018   Code   RO         3442    i.timer_primary_output_config  gd32f30x_timer.o
    0x08001098   0x08001098   0x00000010   Code   RO         3446    i.timer_slave_mode_select  gd32f30x_timer.o
    0x080010a8   0x080010a8   0x00000070   Code   RO         3822    i.usart_baudrate_set  gd32f30x_usart.o
    0x08001118   0x08001118   0x00000090   Code   RO         3827    i.usart_deinit      gd32f30x_usart.o
    0x080011a8   0x080011a8   0x0000000a   Code   RO         3831    i.usart_enable      gd32f30x_usart.o
    0x080011b2   0x080011b2   0x00000014   Code   RO         3855    i.usart_receive_config  gd32f30x_usart.o
    0x080011c6   0x080011c6   0x00000014   Code   RO         3869    i.usart_transmit_config  gd32f30x_usart.o
    0x080011da   0x080011da   0x00000002   PAD
    0x080011dc   0x080011dc   0x00000020   Data   RO         4273    Region$$Table       anon$$obj.o


    Execution Region RW_IRAM1 (Exec base: 0x20000000, Load base: 0x080011fc, Size: 0x000004a8, Max: 0x0000c000, ABSOLUTE)

    Exec Addr    Load Addr    Size         Type   Attr      Idx    E Section Name        Object

    0x20000000   0x080011fc   0x00000004   Data   RW          184    .data               main.o
    0x20000004   0x08001200   0x00000004   Data   RW          225    .data               systick.o
    0x20000008   0x08001204   0x00000004   Data   RW          268    .data               system_gd32f30x.o
    0x2000000c   0x08001208   0x00000098   Data   RW         4205    .data               gd32f303e_eval.o
    0x200000a4   0x080012a0   0x00000004   PAD
    0x200000a8        -       0x00000400   Zero   RW         4189    STACK               startup_gd32f30x_hd.o


==============================================================================

Image component sizes


      Code (inc. data)   RO Data    RW Data    ZI Data      Debug   Object Name

       292         34          0        152          0       3838   gd32f303e_eval.o
       232          6          0          0          0       3108   gd32f30x_adc.o
       194          0          0          0          0       3195   gd32f30x_gpio.o
        30          0          0          0          0      61818   gd32f30x_it.o
       420         68          0          0          0       4351   gd32f30x_rcu.o
      1326         46          0          0          0      13669   gd32f30x_timer.o
       306         18          0          0          0       3758   gd32f30x_usart.o
       868         26          0          4          0       4707   main.o
        36          8        304          0       1024        976   startup_gd32f30x_hd.o
       324         32          0          4          0       3047   system_gd32f30x.o
       144         14          0          4          0      29086   systick.o

    ----------------------------------------------------------------------
      4182        252        336        164       1028     131553   Object Totals
         0          0         32          0          0          0   (incl. Generated)
        10          0          0          0          4          0   (incl. Padding)

    ----------------------------------------------------------------------

      Code (inc. data)   RO Data    RW Data    ZI Data      Debug   Library Member Name

         0          0          0          0          0          0   entry.o
         0          0          0          0          0          0   entry10a.o
         0          0          0          0          0          0   entry11a.o
         8          4          0          0          0          0   entry2.o
         4          0          0          0          0          0   entry5.o
         0          0          0          0          0          0   entry7b.o
         0          0          0          0          0          0   entry8b.o
         8          4          0          0          0          0   entry9a.o
        30          0          0          0          0          0   handlers.o
        36          8          0          0          0         68   init.o

    ----------------------------------------------------------------------
        86         16          0          0          0         68   Library Totals
         0          0          0          0          0          0   (incl. Padding)

    ----------------------------------------------------------------------

      Code (inc. data)   RO Data    RW Data    ZI Data      Debug   Library Name

        86         16          0          0          0         68   mc_w.l

    ----------------------------------------------------------------------
        86         16          0          0          0         68   Library Totals

    ----------------------------------------------------------------------

==============================================================================


      Code (inc. data)   RO Data    RW Data    ZI Data      Debug   

      4268        268        336        164       1028     126525   Grand Totals
      4268        268        336        164       1028     126525   ELF Image Totals
      4268        268        336        164          0          0   ROM Totals

==============================================================================

    Total RO  Size (Code + RO Data)                 4604 (   4.50kB)
    Total RW  Size (RW Data + ZI Data)              1192 (   1.16kB)
    Total ROM Size (Code + RO Data + RW Data)       4768 (   4.66kB)

==============================================================================

