<html>
<body>
<pre>
<h1>µVision Build Log</h1>
<h2>Tool Versions:</h2>
IDE-Version: ¦ÌVision V5.33.0.0
Copyright (C) 2020 ARM Ltd and ARM Germany GmbH. All rights reserved.
License Information: zhu zhu, zhu, LIC=32B1Q-NAZ01-TGN7T-RDTC7-0KQDX-VBBUI
 
Tool Versions:
Toolchain:       MDK-ARM Plus  Version: 5.33.0.0
Toolchain Path:  C:\Keil_v5\ARM\ARMCC\Bin
C Compiler:      Armcc.exe V5.06 update 7 (build 960)
Assembler:       Armasm.exe V5.06 update 7 (build 960)
Linker/Locator:  ArmLink.exe V5.06 update 7 (build 960)
Library Manager: ArmAr.exe V5.06 update 7 (build 960)
Hex Converter:   FromElf.exe V5.06 update 7 (build 960)
CPU DLL:         SARMCM3.DLL V5.33.0.0
Dialog DLL:      DCM.DLL V1.17.3.0
Target DLL:      STLink\ST-LINKIII-KEIL_SWO.dll V3.0.8.0
Dialog DLL:      TCM.DLL V1.48.0.0
 
<h2>Project:</h2>
I:\work\git\spwm\software\Project.uvprojx
Project File Date:  05/08/2025

<h2>Output:</h2>
*** Using Compiler 'V5.06 update 7 (build 960)', folder: 'C:\Keil_v5\ARM\ARMCC\Bin'
Build target 'code'
compiling ADC.c...
User\ADC.c(197): warning:  #177-D: variable "pm"  was declared but never referenced
      U16 pm, pn;
User\ADC.c(197): warning:  #177-D: variable "pn"  was declared but never referenced
      U16 pm, pn;
User\ADC.c(198): warning:  #177-D: variable "pk"  was declared but never referenced
      short pk;
User\ADC.c(199): warning:  #177-D: variable "wDataA"  was declared but never referenced
      signed long wDataA;
User\ADC.c(200): warning:  #177-D: variable "uwData"  was declared but never referenced
      U32 uwData;
User\ADC.c(201): warning:  #177-D: variable "temp"  was declared but never referenced
      U16 temp;
User\ADC.c(202): warning:  #177-D: variable "res"  was declared but never referenced
      U16 res;
User\ADC.c: 7 warnings, 0 errors
linking...
Program Size: Code=7420 RO-data=7052 RW-data=40 ZI-data=12040  
".\Objects\Project.axf" - 0 Error(s), 7 Warning(s).

<h2>Software Packages used:</h2>

Package Vendor: Keil
                http://www.keil.com/pack/Keil.STM32F1xx_DFP.2.4.0.pack
                Keil.STM32F1xx_DFP.2.4.0
                STMicroelectronics STM32F1 Series Device Support, Drivers and Examples

<h2>Collection of Component include folders:</h2>
  C:\Keil_v5\ARM\PACK\Keil\STM32F1xx_DFP\2.4.0\Device\Include

<h2>Collection of Component Files used:</h2>
Build Time Elapsed:  00:00:01
</pre>
</body>
</html>
